Archive member included to satisfy reference by file (symbol)

c:/st/stm32cubeide_1.7.0/stm32cubeide/plugins/com.st.stm32cube.ide.mcu.externaltools.gnu-tools-for-stm32.9-2020-q2-update.win32_2.0.0.202105311346/tools/bin/../lib/gcc/arm-none-eabi/9.3.1/../../../../arm-none-eabi/lib/thumb/v7e-m+fp/hard\libc_nano.a(lib_a-errno.o)
                              ./Core/Src/syscalls.o (__errno)
c:/st/stm32cubeide_1.7.0/stm32cubeide/plugins/com.st.stm32cube.ide.mcu.externaltools.gnu-tools-for-stm32.9-2020-q2-update.win32_2.0.0.202105311346/tools/bin/../lib/gcc/arm-none-eabi/9.3.1/../../../../arm-none-eabi/lib/thumb/v7e-m+fp/hard\libc_nano.a(lib_a-exit.o)
                              c:/st/stm32cubeide_1.7.0/stm32cubeide/plugins/com.st.stm32cube.ide.mcu.externaltools.gnu-tools-for-stm32.9-2020-q2-update.win32_2.0.0.202105311346/tools/bin/../lib/gcc/arm-none-eabi/9.3.1/../../../../arm-none-eabi/lib/thumb/v7e-m+fp/hard/crt0.o (exit)
c:/st/stm32cubeide_1.7.0/stm32cubeide/plugins/com.st.stm32cube.ide.mcu.externaltools.gnu-tools-for-stm32.9-2020-q2-update.win32_2.0.0.202105311346/tools/bin/../lib/gcc/arm-none-eabi/9.3.1/../../../../arm-none-eabi/lib/thumb/v7e-m+fp/hard\libc_nano.a(lib_a-impure.o)
                              c:/st/stm32cubeide_1.7.0/stm32cubeide/plugins/com.st.stm32cube.ide.mcu.externaltools.gnu-tools-for-stm32.9-2020-q2-update.win32_2.0.0.202105311346/tools/bin/../lib/gcc/arm-none-eabi/9.3.1/../../../../arm-none-eabi/lib/thumb/v7e-m+fp/hard\libc_nano.a(lib_a-exit.o) (_global_impure_ptr)
c:/st/stm32cubeide_1.7.0/stm32cubeide/plugins/com.st.stm32cube.ide.mcu.externaltools.gnu-tools-for-stm32.9-2020-q2-update.win32_2.0.0.202105311346/tools/bin/../lib/gcc/arm-none-eabi/9.3.1/../../../../arm-none-eabi/lib/thumb/v7e-m+fp/hard\libc_nano.a(lib_a-init.o)
                              c:/st/stm32cubeide_1.7.0/stm32cubeide/plugins/com.st.stm32cube.ide.mcu.externaltools.gnu-tools-for-stm32.9-2020-q2-update.win32_2.0.0.202105311346/tools/bin/../lib/gcc/arm-none-eabi/9.3.1/../../../../arm-none-eabi/lib/thumb/v7e-m+fp/hard/crt0.o (__libc_init_array)
c:/st/stm32cubeide_1.7.0/stm32cubeide/plugins/com.st.stm32cube.ide.mcu.externaltools.gnu-tools-for-stm32.9-2020-q2-update.win32_2.0.0.202105311346/tools/bin/../lib/gcc/arm-none-eabi/9.3.1/../../../../arm-none-eabi/lib/thumb/v7e-m+fp/hard\libc_nano.a(lib_a-memset.o)
                              c:/st/stm32cubeide_1.7.0/stm32cubeide/plugins/com.st.stm32cube.ide.mcu.externaltools.gnu-tools-for-stm32.9-2020-q2-update.win32_2.0.0.202105311346/tools/bin/../lib/gcc/arm-none-eabi/9.3.1/../../../../arm-none-eabi/lib/thumb/v7e-m+fp/hard/crt0.o (memset)
c:/st/stm32cubeide_1.7.0/stm32cubeide/plugins/com.st.stm32cube.ide.mcu.externaltools.gnu-tools-for-stm32.9-2020-q2-update.win32_2.0.0.202105311346/tools/bin/../lib/gcc/arm-none-eabi/9.3.1/../../../../arm-none-eabi/lib/thumb/v7e-m+fp/hard\libc_nano.a(lib_a-strlen.o)
                              ./Core/Src/lcd.o (strlen)
c:/st/stm32cubeide_1.7.0/stm32cubeide/plugins/com.st.stm32cube.ide.mcu.externaltools.gnu-tools-for-stm32.9-2020-q2-update.win32_2.0.0.202105311346/tools/bin/../lib/gcc/arm-none-eabi/9.3.1/thumb/v7e-m+fp/hard\libgcc.a(_arm_addsubdf3.o)
                              ./Core/Src/software_timer.o (__aeabi_ui2d)
c:/st/stm32cubeide_1.7.0/stm32cubeide/plugins/com.st.stm32cube.ide.mcu.externaltools.gnu-tools-for-stm32.9-2020-q2-update.win32_2.0.0.202105311346/tools/bin/../lib/gcc/arm-none-eabi/9.3.1/thumb/v7e-m+fp/hard\libgcc.a(_arm_muldivdf3.o)
                              ./Core/Src/software_timer.o (__aeabi_ddiv)
c:/st/stm32cubeide_1.7.0/stm32cubeide/plugins/com.st.stm32cube.ide.mcu.externaltools.gnu-tools-for-stm32.9-2020-q2-update.win32_2.0.0.202105311346/tools/bin/../lib/gcc/arm-none-eabi/9.3.1/thumb/v7e-m+fp/hard\libgcc.a(_arm_fixunsdfsi.o)
                              ./Core/Src/software_timer.o (__aeabi_d2uiz)
c:/st/stm32cubeide_1.7.0/stm32cubeide/plugins/com.st.stm32cube.ide.mcu.externaltools.gnu-tools-for-stm32.9-2020-q2-update.win32_2.0.0.202105311346/tools/bin/../lib/gcc/arm-none-eabi/9.3.1/thumb/v7e-m+fp/hard\libgcc.a(_aeabi_uldivmod.o)
                              ./Drivers/STM32F4xx_HAL_Driver/Src/stm32f4xx_hal_rcc.o (__aeabi_uldivmod)
c:/st/stm32cubeide_1.7.0/stm32cubeide/plugins/com.st.stm32cube.ide.mcu.externaltools.gnu-tools-for-stm32.9-2020-q2-update.win32_2.0.0.202105311346/tools/bin/../lib/gcc/arm-none-eabi/9.3.1/thumb/v7e-m+fp/hard\libgcc.a(_udivmoddi4.o)
                              c:/st/stm32cubeide_1.7.0/stm32cubeide/plugins/com.st.stm32cube.ide.mcu.externaltools.gnu-tools-for-stm32.9-2020-q2-update.win32_2.0.0.202105311346/tools/bin/../lib/gcc/arm-none-eabi/9.3.1/thumb/v7e-m+fp/hard\libgcc.a(_aeabi_uldivmod.o) (__udivmoddi4)
c:/st/stm32cubeide_1.7.0/stm32cubeide/plugins/com.st.stm32cube.ide.mcu.externaltools.gnu-tools-for-stm32.9-2020-q2-update.win32_2.0.0.202105311346/tools/bin/../lib/gcc/arm-none-eabi/9.3.1/thumb/v7e-m+fp/hard\libgcc.a(_dvmd_tls.o)
[...]
Memory Configuration

Name             Origin             Length             Attributes
CCMRAM           0x0000000010000000 0x0000000000010000 xrw
RAM              0x0000000020000000 0x0000000000020000 xrw
FLASH            0x0000000008000000 0x0000000000100000 xr
*default*        0x0000000000000000 0xffffffffffffffff

Linker script and memory map

LOAD c:/st/stm32cubeide_1.7.0/stm32cubeide/plugins/com.st.stm32cube.ide.mcu.externaltools.gnu-tools-for-stm32.9-2020-q2-update.win32_2.0.0.202105311346/tools/bin/../lib/gcc/arm-none-eabi/9.3.1/thumb/v7e-m+fp/hard/crti.o
LOAD c:/st/stm32cubeide_1.7.0/stm32cubeide/plugins/com.st.stm32cube.ide.mcu.externaltools.gnu-tools-for-stm32.9-2020-q2-update.win32_2.0.0.202105311346/tools/bin/../lib/gcc/arm-none-eabi/9.3.1/thumb/v7e-m+fp/hard/crtbegin.o
LOAD c:/st/stm32cubeide_1.7.0/stm32cubeide/plugins/com.st.stm32cube.ide.mcu.externaltools.gnu-tools-for-stm32.9-2020-q2-update.win32_2.0.0.202105311346/tools/bin/../lib/gcc/arm-none-eabi/9.3.1/../../../../arm-none-eabi/lib/thumb/v7e-m+fp/hard/crt0.o
LOAD ./Core/Src/button.o
LOAD ./Core/Src/fsm_traffic_light.o
LOAD ./Core/Src/fsmc.o
LOAD ./Core/Src/gpio.o
LOAD ./Core/Src/lcd.o
LOAD ./Core/Src/led_7seg.o
LOAD ./Core/Src/led_control.o
LOAD ./Core/Src/main.o
LOAD ./Core/Src/picture.o
LOAD ./Core/Src/software_timer.o
LOAD ./Core/Src/spi.o
LOAD ./Core/Src/stm32f4xx_hal_msp.o
LOAD ./Core/Src/stm32f4xx_it.o
LOAD ./Core/Src/syscalls.o
LOAD ./Core/Src/sysmem.o
LOAD ./Core/Src/system_stm32f4xx.o
LOAD ./Core/Src/tim.o
LOAD ./Core/Startup/startup_stm32f407zetx.o
LOAD ./Drivers/STM32F4xx_HAL_Driver/Src/stm32f4xx_hal.o
LOAD ./Drivers/STM32F4xx_HAL_Driver/Src/stm32f4xx_hal_cortex.o
LOAD ./Drivers/STM32F4xx_HAL_Driver/Src/stm32f4xx_hal_dma.o
LOAD ./Drivers/STM32F4xx_HAL_Driver/Src/stm32f4xx_hal_dma_ex.o
LOAD ./Drivers/STM32F4xx_HAL_Driver/Src/stm32f4xx_hal_exti.o
LOAD ./Drivers/STM32F4xx_HAL_Driver/Src/stm32f4xx_hal_flash.o
LOAD ./Drivers/STM32F4xx_HAL_Driver/Src/stm32f4xx_hal_flash_ex.o
LOAD ./Drivers/STM32F4xx_HAL_Driver/Src/stm32f4xx_hal_flash_ramfunc.o
LOAD ./Drivers/STM32F4xx_HAL_Driver/Src/stm32f4xx_hal_gpio.o
LOAD ./Drivers/STM32F4xx_HAL_Driver/Src/stm32f4xx_hal_pwr.o
LOAD ./Drivers/STM32F4xx_HAL_Driver/Src/stm32f4xx_hal_pwr_ex.o
LOAD ./Drivers/STM32F4xx_HAL_Driver/Src/stm32f4xx_hal_rcc.o
LOAD ./Drivers/STM32F4xx_HAL_Driver/Src/stm32f4xx_hal_rcc_ex.o
LOAD ./Drivers/STM32F4xx_HAL_Driver/Src/stm32f4xx_hal_spi.o
LOAD ./Drivers/STM32F4xx_HAL_Driver/Src/stm32f4xx_hal_sram.o
LOAD ./Drivers/STM32F4xx_HAL_Driver/Src/stm32f4xx_hal_tim.o
LOAD ./Drivers/STM32F4xx_HAL_Driver/Src/stm32f4xx_hal_tim_ex.o
LOAD ./Drivers/STM32F4xx_HAL_Driver/Src/stm32f4xx_ll_fsmc.o
START GROUP
LOAD c:/st/stm32cubeide_1.7.0/stm32cubeide/plugins/com.st.stm32cube.ide.mcu.externaltools.gnu-tools-for-stm32.9-2020-q2-update.win32_2.0.0.202105311346/tools/bin/../lib/gcc/arm-none-eabi/9.3.1/../../../../arm-none-eabi/lib/thumb/v7e-m+fp/hard\libc_nano.a
LOAD c:/st/stm32cubeide_1.7.0/stm32cubeide/plugins/com.st.stm32cube.ide.mcu.externaltools.gnu-tools-for-stm32.9-2020-q2-update.win32_2.0.0.202105311346/tools/bin/../lib/gcc/arm-none-eabi/9.3.1/../../../../arm-none-eabi/lib/thumb/v7e-m+fp/hard\libm.a
END GROUP
START GROUP
LOAD c:/st/stm32cubeide_1.7.0/stm32cubeide/plugins/com.st.stm32cube.ide.mcu.externaltools.gnu-tools-for-stm32.9-2020-q2-update.win32_2.0.0.202105311346/tools/bin/../lib/gcc/arm-none-eabi/9.3.1/thumb/v7e-m+fp/hard\libgcc.a
LOAD c:/st/stm32cubeide_1.7.0/stm32cubeide/plugins/com.st.stm32cube.ide.mcu.externaltools.gnu-tools-for-stm32.9-2020-q2-update.win32_2.0.0.202105311346/tools/bin/../lib/gcc/arm-none-eabi/9.3.1/../../../../arm-none-eabi/lib/thumb/v7e-m+fp/hard\libc_nano.a
END GROUP
START GROUP
LOAD c:/st/stm32cubeide_1.7.0/stm32cubeide/plugins/com.st.stm32cube.ide.mcu.externaltools.gnu-tools-for-stm32.9-2020-q2-update.win32_2.0.0.202105311346/tools/bin/../lib/gcc/arm-none-eabi/9.3.1/thumb/v7e-m+fp/hard\libgcc.a
LOAD c:/st/stm32cubeide_1.7.0/stm32cubeide/plugins/com.st.stm32cube.ide.mcu.externaltools.gnu-tools-for-stm32.9-2020-q2-update.win32_2.0.0.202105311346/tools/bin/../lib/gcc/arm-none-eabi/9.3.1/../../../../arm-none-eabi/lib/thumb/v7e-m+fp/hard\libc_nano.a
LOAD c:/st/stm32cubeide_1.7.0/stm32cubeide/plugins/com.st.stm32cube.ide.mcu.externaltools.gnu-tools-for-stm32.9-2020-q2-update.win32_2.0.0.202105311346/tools/bin/../lib/gcc/arm-none-eabi/9.3.1/../../../../arm-none-eabi/lib/thumb/v7e-m+fp/hard\libnosys.a
END GROUP
START GROUP
LOAD c:/st/stm32cubeide_1.7.0/stm32cubeide/plugins/com.st.stm32cube.ide.mcu.externaltools.gnu-tools-for-stm32.9-2020-q2-update.win32_2.0.0.202105311346/tools/bin/../lib/gcc/arm-none-eabi/9.3.1/thumb/v7e-m+fp/hard\libgcc.a
LOAD c:/st/stm32cubeide_1.7.0/stm32cubeide/plugins/com.st.stm32cube.ide.mcu.externaltools.gnu-tools-for-stm32.9-2020-q2-update.win32_2.0.0.202105311346/tools/bin/../lib/gcc/arm-none-eabi/9.3.1/../../../../arm-none-eabi/lib/thumb/v7e-m+fp/hard\libc_nano.a
LOAD c:/st/stm32cubeide_1.7.0/stm32cubeide/plugins/com.st.stm32cube.ide.mcu.externaltools.gnu-tools-for-stm32.9-2020-q2-update.win32_2.0.0.202105311346/tools/bin/../lib/gcc/arm-none-eabi/9.3.1/../../../../arm-none-eabi/lib/thumb/v7e-m+fp/hard\libnosys.a
END GROUP
LOAD c:/st/stm32cubeide_1.7.0/stm32cubeide/plugins/com.st.stm32cube.ide.mcu.externaltools.gnu-tools-for-stm32.9-2020-q2-update.win32_2.0.0.202105311346/tools/bin/../lib/gcc/arm-none-eabi/9.3.1/thumb/v7e-m+fp/hard/crtend.o
LOAD c:/st/stm32cubeide_1.7.0/stm32cubeide/plugins/com.st.stm32cube.ide.mcu.externaltools.gnu-tools-for-stm32.9-2020-q2-update.win32_2.0.0.202105311346/tools/bin/../lib/gcc/arm-none-eabi/9.3.1/thumb/v7e-m+fp/hard/crtn.o
                0x0000000020020000                _estack = (ORIGIN (RAM) + LENGTH (RAM))
                0x0000000000000200                _Min_Heap_Size = 0x200
                0x0000000000000400                _Min_Stack_Size = 0x400

.isr_vector     0x0000000008000000      0x188
                0x0000000008000000                . = ALIGN (0x4)
 *(.isr_vector)
 .isr_vector    0x0000000008000000      0x188 ./Core/Startup/startup_stm32f407zetx.o
                0x0000000008000000                g_pfnVectors
                0x0000000008000188                . = ALIGN (0x4)

.text           0x0000000008000188     0x54b8
                0x0000000008000188                . = ALIGN (0x4)
 *(.text)
 .text          0x0000000008000188       0x40 c:/st/stm32cubeide_1.7.0/stm32cubeide/plugins/com.st.stm32cube.ide.mcu.externaltools.gnu-tools-for-stm32.9-2020-q2-update.win32_2.0.0.202105311346/tools/bin/../lib/gcc/arm-none-eabi/9.3.1/thumb/v7e-m+fp/hard/crtbegin.o
 .text          0x00000000080001c8      0x378 c:/st/stm32cubeide_1.7.0/stm32cubeide/plugins/com.st.stm32cube.ide.mcu.externaltools.gnu-tools-for-stm32.9-2020-q2-update.win32_2.0.0.202105311346/tools/bin/../lib/gcc/arm-none-eabi/9.3.1/thumb/v7e-m+fp/hard\libgcc.a(_arm_addsubdf3.o)
                0x00000000080001c8                __aeabi_drsub
                0x00000000080001d0                __aeabi_dsub
                0x00000000080001d0                __subdf3
                0x00000000080001d4                __aeabi_dadd
                0x00000000080001d4                __adddf3
                0x000000000800044c                __floatunsidf
                0x000000000800044c                __aeabi_ui2d
                0x000000000800046c                __floatsidf
                0x000000000800046c                __aeabi_i2d
                0x0000000008000490                __aeabi_f2d
                0x0000000008000490                __extendsfdf2
                0x00000000080004d4                __floatundidf
                0x00000000080004d4                __aeabi_ul2d
                0x00000000080004e4                __floatdidf
                0x00000000080004e4                __aeabi_l2d
 .text          0x0000000008000540      0x424 c:/st/stm32cubeide_1.7.0/stm32cubeide/plugins/com.st.stm32cube.ide.mcu.externaltools.gnu-tools-for-stm32.9-2020-q2-update.win32_2.0.0.202105311346/tools/bin/../lib/gcc/arm-none-eabi/9.3.1/thumb/v7e-m+fp/hard\libgcc.a(_arm_muldivdf3.o)
                0x0000000008000540                __aeabi_dmul
                0x0000000008000540                __muldf3
                0x0000000008000794                __divdf3
                0x0000000008000794                __aeabi_ddiv
 .text          0x0000000008000964       0x40 c:/st/stm32cubeide_1.7.0/stm32cubeide/plugins/com.st.stm32cube.ide.mcu.externaltools.gnu-tools-for-stm32.9-2020-q2-update.win32_2.0.0.202105311346/tools/bin/../lib/gcc/arm-none-eabi/9.3.1/thumb/v7e-m+fp/hard\libgcc.a(_arm_fixunsdfsi.o)
                0x0000000008000964                __aeabi_d2uiz
                0x0000000008000964                __fixunsdfsi
 .text          0x00000000080009a4       0x30 c:/st/stm32cubeide_1.7.0/stm32cubeide/plugins/com.st.stm32cube.ide.mcu.externaltools.gnu-tools-for-stm32.9-2020-q2-update.win32_2.0.0.202105311346/tools/bin/../lib/gcc/arm-none-eabi/9.3.1/thumb/v7e-m+fp/hard\libgcc.a(_aeabi_uldivmod.o)
                0x00000000080009a4                __aeabi_uldivmod
 .text          0x00000000080009d4      0x2c4 c:/st/stm32cubeide_1.7.0/stm32cubeide/plugins/com.st.stm32cube.ide.mcu.externaltools.gnu-tools-for-stm32.9-2020-q2-update.win32_2.0.0.202105311346/tools/bin/../lib/gcc/arm-none-eabi/9.3.1/thumb/v7e-m+fp/hard\libgcc.a(_udivmoddi4.o)
                0x00000000080009d4                __udivmoddi4
 .text          0x0000000008000c98        0x4 c:/st/stm32cubeide_1.7.0/stm32cubeide/plugins/com.st.stm32cube.ide.mcu.externaltools.gnu-tools-for-stm32.9-2020-q2-update.win32_2.0.0.202105311346/tools/bin/../lib/gcc/arm-none-eabi/9.3.1/thumb/v7e-m+fp/hard\libgcc.a(_dvmd_tls.o)
                0x0000000008000c98                __aeabi_idiv0
                0x0000000008000c98                __aeabi_ldiv0
 *(.text*)
 .text.button_init
                0x0000000008000c9c       0x18 ./Core/Src/button.o
                0x0000000008000c9c                button_init
 .text.button_Scan
                0x0000000008000cb4       0xd8 ./Core/Src/button.o
                0x0000000008000cb4                button_Scan
 .text.is_button_pressed
                0x0000000008000d8c       0x38 ./Core/Src/button.o
                0x0000000008000d8c                is_button_pressed
 .text.is_button_long_pressed
                0x0000000008000dc4       0x40 ./Core/Src/button.o
                0x0000000008000dc4                is_button_long_pressed
 .text.fsm_led  0x0000000008000e04       0xd8 ./Core/Src/fsm_traffic_light.o
                0x0000000008000e04                fsm_led
 .text.increase_value
                0x0000000008000edc       0x84 ./Core/Src/fsm_traffic_light.o
                0x0000000008000edc                increase_value
 .text.button0_fsm
                0x0000000008000f60       0xb4 ./Core/Src/fsm_traffic_light.o
                0x0000000008000f60                button0_fsm
 .text.button2_fsm
                0x0000000008001014       0x74 ./Core/Src/fsm_traffic_light.o
                0x0000000008001014                button2_fsm
 .text.button1_fsm
                0x0000000008001088       0xcc ./Core/Src/fsm_traffic_light.o
                0x0000000008001088                button1_fsm
 .text.button3_fsm
                0x0000000008001154       0x9c ./Core/Src/fsm_traffic_light.o
                0x0000000008001154                button3_fsm
 .text.traffic_light_fsm
                0x00000000080011f0      0x134 ./Core/Src/fsm_traffic_light.o
                0x00000000080011f0                traffic_light_fsm
 .text.traffic_run
                0x0000000008001324      0x2a0 ./Core/Src/fsm_traffic_light.o
                0x0000000008001324                traffic_run
 .text.MX_FSMC_Init
                0x00000000080015c4       0xf4 ./Core/Src/fsmc.o
                0x00000000080015c4                MX_FSMC_Init
 .text.HAL_FSMC_MspInit
                0x00000000080016b8       0x98 ./Core/Src/fsmc.o
 .text.HAL_SRAM_MspInit
                0x0000000008001750       0x14 ./Core/Src/fsmc.o
                0x0000000008001750                HAL_SRAM_MspInit
 .text.MX_GPIO_Init
                0x0000000008001764      0x1f0 ./Core/Src/gpio.o
                0x0000000008001764                MX_GPIO_Init
 .text.LCD_WR_REG
                0x0000000008001954       0x20 ./Core/Src/lcd.o
                0x0000000008001954                LCD_WR_REG
 .text.LCD_WR_DATA
                0x0000000008001974       0x20 ./Core/Src/lcd.o
 .text.LCD_RD_DATA
                0x0000000008001994       0x24 ./Core/Src/lcd.o
 .text.lcd_AddressSet
                0x00000000080019b8       0x98 ./Core/Src/lcd.o
                0x00000000080019b8                lcd_AddressSet
 .text.lcd_Clear
                0x0000000008001a50       0x64 ./Core/Src/lcd.o
                0x0000000008001a50                lcd_Clear
 .text.lcd_Fill
                0x0000000008001ab4       0x6c ./Core/Src/lcd.o
                0x0000000008001ab4                lcd_Fill
 .text.lcd_DrawPoint
                0x0000000008001b20       0x2e ./Core/Src/lcd.o
                0x0000000008001b20                lcd_DrawPoint
 .text.lcd_DrawLine
                0x0000000008001b4e      0x108 ./Core/Src/lcd.o
                0x0000000008001b4e                lcd_DrawLine
 .text.lcd_DrawRectangle
                0x0000000008001c56       0x6e ./Core/Src/lcd.o
                0x0000000008001c56                lcd_DrawRectangle
 .text.lcd_ShowChar
                0x0000000008001cc4      0x1a0 ./Core/Src/lcd.o
                0x0000000008001cc4                lcd_ShowChar
 .text.mypow    0x0000000008001e64       0x38 ./Core/Src/lcd.o
                0x0000000008001e64                mypow
 .text.lcd_ShowIntNum
                0x0000000008001e9c       0xfc ./Core/Src/lcd.o
                0x0000000008001e9c                lcd_ShowIntNum
 .text.lcd_SetDir
                0x0000000008001f98       0x48 ./Core/Src/lcd.o
                0x0000000008001f98                lcd_SetDir
 .text.lcd_init
                0x0000000008001fe0      0x2c0 ./Core/Src/lcd.o
                0x0000000008001fe0                lcd_init
 .text._draw_circle_8
                0x00000000080022a0      0x116 ./Core/Src/lcd.o
 .text.lcd_DrawCircle
                0x00000000080023b6       0xd8 ./Core/Src/lcd.o
                0x00000000080023b6                lcd_DrawCircle
 *fill*         0x000000000800248e        0x2 
 .text.lcd_ShowStr
                0x0000000008002490       0xc8 ./Core/Src/lcd.o
                0x0000000008002490                lcd_ShowStr
 .text.led7_init
                0x0000000008002558       0x18 ./Core/Src/led_7seg.o
                0x0000000008002558                led7_init
 .text.init_traffic_light
                0x0000000008002570      0x4f8 ./Core/Src/led_control.o
                0x0000000008002570                init_traffic_light
 .text.control_traffic_light
                0x0000000008002a68      0x17c ./Core/Src/led_control.o
                0x0000000008002a68                control_traffic_light
 .text.update_led_buf
                0x0000000008002be4       0x80 ./Core/Src/led_control.o
                0x0000000008002be4                update_led_buf
 .text.LCD_DisplayNum
                0x0000000008002c64       0xb8 ./Core/Src/led_control.o
                0x0000000008002c64                LCD_DisplayNum
 .text.main     0x0000000008002d1c       0x3e ./Core/Src/main.o
                0x0000000008002d1c                main
 *fill*         0x0000000008002d5a        0x2 
 .text.SystemClock_Config
                0x0000000008002d5c       0xd4 ./Core/Src/main.o
                0x0000000008002d5c                SystemClock_Config
 .text.system_init
                0x0000000008002e30       0x36 ./Core/Src/main.o
                0x0000000008002e30                system_init
 .text.Error_Handler
                0x0000000008002e66        0xa ./Core/Src/main.o
                0x0000000008002e66                Error_Handler
 .text.timer_init
                0x0000000008002e70       0x14 ./Core/Src/software_timer.o
                0x0000000008002e70                timer_init
 .text.set_timer
                0x0000000008002e84       0x58 ./Core/Src/software_timer.o
                0x0000000008002e84                set_timer
 .text.HAL_TIM_PeriodElapsedCallback
                0x0000000008002edc       0x14 ./Core/Src/software_timer.o
                0x0000000008002edc                HAL_TIM_PeriodElapsedCallback
 .text.run_timer
                0x0000000008002ef0       0x64 ./Core/Src/software_timer.o
                0x0000000008002ef0                run_timer
 .text.flag_timer
                0x0000000008002f54       0x2c ./Core/Src/software_timer.o
                0x0000000008002f54                flag_timer
 .text.MX_SPI1_Init
                0x0000000008002f80       0x6c ./Core/Src/spi.o
                0x0000000008002f80                MX_SPI1_Init
 .text.HAL_SPI_MspInit
                0x0000000008002fec       0x90 ./Core/Src/spi.o
                0x0000000008002fec                HAL_SPI_MspInit
 .text.HAL_MspInit
                0x000000000800307c       0x50 ./Core/Src/stm32f4xx_hal_msp.o
                0x000000000800307c                HAL_MspInit
 .text.NMI_Handler
                0x00000000080030cc        0x6 ./Core/Src/stm32f4xx_it.o
                0x00000000080030cc                NMI_Handler
 .text.HardFault_Handler
                0x00000000080030d2        0x6 ./Core/Src/stm32f4xx_it.o
                0x00000000080030d2                HardFault_Handler
 .text.MemManage_Handler
                0x00000000080030d8        0x6 ./Core/Src/stm32f4xx_it.o
                0x00000000080030d8                MemManage_Handler
 .text.BusFault_Handler
                0x00000000080030de        0x6 ./Core/Src/stm32f4xx_it.o
                0x00000000080030de                BusFault_Handler
 .text.UsageFault_Handler
                0x00000000080030e4        0x6 ./Core/Src/stm32f4xx_it.o
                0x00000000080030e4                UsageFault_Handler
 .text.SVC_Handler
                0x00000000080030ea        0xe ./Core/Src/stm32f4xx_it.o
                0x00000000080030ea                SVC_Handler
 .text.DebugMon_Handler
                0x00000000080030f8        0xe ./Core/Src/stm32f4xx_it.o
                0x00000000080030f8                DebugMon_Handler
 .text.PendSV_Handler
                0x0000000008003106        0xe ./Core/Src/stm32f4xx_it.o
                0x0000000008003106                PendSV_Handler
 .text.SysTick_Handler
                0x0000000008003114        0xc ./Core/Src/stm32f4xx_it.o
                0x0000000008003114                SysTick_Handler
 .text.TIM2_IRQHandler
                0x0000000008003120       0x14 ./Core/Src/stm32f4xx_it.o
                0x0000000008003120                TIM2_IRQHandler
 .text.SystemInit
                0x0000000008003134       0x24 ./Core/Src/system_stm32f4xx.o
                0x0000000008003134                SystemInit
 .text.MX_TIM2_Init
                0x0000000008003158       0x98 ./Core/Src/tim.o
                0x0000000008003158                MX_TIM2_Init
 .text.HAL_TIM_Base_MspInit
                0x00000000080031f0       0x4c ./Core/Src/tim.o
                0x00000000080031f0                HAL_TIM_Base_MspInit
 .text.Reset_Handler
                0x000000000800323c       0x50 ./Core/Startup/startup_stm32f407zetx.o
                0x000000000800323c                Reset_Handler
 .text.Default_Handler
                0x000000000800328c        0x2 ./Core/Startup/startup_stm32f407zetx.o
                0x000000000800328c                RTC_Alarm_IRQHandler
                0x000000000800328c                HASH_RNG_IRQHandler
                0x000000000800328c                EXTI2_IRQHandler
                0x000000000800328c                TIM8_CC_IRQHandler
                0x000000000800328c                TIM1_CC_IRQHandler
                0x000000000800328c                DMA2_Stream5_IRQHandler
                0x000000000800328c                DMA1_Stream5_IRQHandler
                0x000000000800328c                PVD_IRQHandler
                0x000000000800328c                SDIO_IRQHandler
                0x000000000800328c                TAMP_STAMP_IRQHandler
                0x000000000800328c                CAN2_RX1_IRQHandler
                0x000000000800328c                EXTI3_IRQHandler
                0x000000000800328c                TIM8_TRG_COM_TIM14_IRQHandler
                0x000000000800328c                TIM1_UP_TIM10_IRQHandler
                0x000000000800328c                TIM8_UP_TIM13_IRQHandler
                0x000000000800328c                I2C3_ER_IRQHandler
                0x000000000800328c                EXTI0_IRQHandler
                0x000000000800328c                I2C2_EV_IRQHandler
                0x000000000800328c                DMA1_Stream2_IRQHandler
                0x000000000800328c                CAN1_RX0_IRQHandler
                0x000000000800328c                FPU_IRQHandler
                0x000000000800328c                OTG_HS_WKUP_IRQHandler
                0x000000000800328c                CAN2_SCE_IRQHandler
                0x000000000800328c                DMA2_Stream2_IRQHandler
                0x000000000800328c                SPI1_IRQHandler
                0x000000000800328c                TIM6_DAC_IRQHandler
                0x000000000800328c                TIM1_BRK_TIM9_IRQHandler
                0x000000000800328c                DCMI_IRQHandler
                0x000000000800328c                CAN2_RX0_IRQHandler
                0x000000000800328c                DMA2_Stream3_IRQHandler
                0x000000000800328c                USART6_IRQHandler
                0x000000000800328c                USART3_IRQHandler
                0x000000000800328c                CAN1_RX1_IRQHandler
                0x000000000800328c                UART5_IRQHandler
                0x000000000800328c                DMA2_Stream0_IRQHandler
                0x000000000800328c                TIM4_IRQHandler
                0x000000000800328c                I2C1_EV_IRQHandler
                0x000000000800328c                DMA1_Stream6_IRQHandler
                0x000000000800328c                DMA1_Stream1_IRQHandler
                0x000000000800328c                UART4_IRQHandler
                0x000000000800328c                TIM3_IRQHandler
                0x000000000800328c                RCC_IRQHandler
                0x000000000800328c                TIM8_BRK_TIM12_IRQHandler
                0x000000000800328c                Default_Handler
                0x000000000800328c                EXTI15_10_IRQHandler
                0x000000000800328c                ADC_IRQHandler
                0x000000000800328c                DMA1_Stream7_IRQHandler
                0x000000000800328c                TIM7_IRQHandler
                0x000000000800328c                CAN2_TX_IRQHandler
                0x000000000800328c                TIM5_IRQHandler
                0x000000000800328c                DMA2_Stream7_IRQHandler
                0x000000000800328c                I2C3_EV_IRQHandler
                0x000000000800328c                EXTI9_5_IRQHandler
                0x000000000800328c                RTC_WKUP_IRQHandler
                0x000000000800328c                ETH_WKUP_IRQHandler
                0x000000000800328c                SPI2_IRQHandler
                0x000000000800328c                OTG_HS_EP1_IN_IRQHandler
                0x000000000800328c                DMA1_Stream0_IRQHandler
                0x000000000800328c                CAN1_TX_IRQHandler
                0x000000000800328c                EXTI4_IRQHandler
                0x000000000800328c                FSMC_IRQHandler
                0x000000000800328c                ETH_IRQHandler
                0x000000000800328c                OTG_HS_EP1_OUT_IRQHandler
                0x000000000800328c                WWDG_IRQHandler
                0x000000000800328c                OTG_FS_WKUP_IRQHandler
                0x000000000800328c                TIM1_TRG_COM_TIM11_IRQHandler
                0x000000000800328c                OTG_HS_IRQHandler
                0x000000000800328c                EXTI1_IRQHandler
                0x000000000800328c                USART2_IRQHandler
                0x000000000800328c                I2C2_ER_IRQHandler
                0x000000000800328c                DMA2_Stream1_IRQHandler
                0x000000000800328c                CAN1_SCE_IRQHandler
                0x000000000800328c                FLASH_IRQHandler
                0x000000000800328c                DMA2_Stream4_IRQHandler
                0x000000000800328c                USART1_IRQHandler
                0x000000000800328c                OTG_FS_IRQHandler
                0x000000000800328c                SPI3_IRQHandler
                0x000000000800328c                DMA1_Stream4_IRQHandler
                0x000000000800328c                I2C1_ER_IRQHandler
                0x000000000800328c                DMA2_Stream6_IRQHandler
                0x000000000800328c                DMA1_Stream3_IRQHandler
 *fill*         0x000000000800328e        0x2 
 .text.HAL_Init
                0x0000000008003290       0x44 ./Drivers/STM32F4xx_HAL_Driver/Src/stm32f4xx_hal.o
                0x0000000008003290                HAL_Init
 .text.HAL_InitTick
                0x00000000080032d4       0x60 ./Drivers/STM32F4xx_HAL_Driver/Src/stm32f4xx_hal.o
                0x00000000080032d4                HAL_InitTick
 .text.HAL_IncTick
                0x0000000008003334       0x28 ./Drivers/STM32F4xx_HAL_Driver/Src/stm32f4xx_hal.o
                0x0000000008003334                HAL_IncTick
 .text.HAL_GetTick
                0x000000000800335c       0x18 ./Drivers/STM32F4xx_HAL_Driver/Src/stm32f4xx_hal.o
                0x000000000800335c                HAL_GetTick
 .text.HAL_Delay
                0x0000000008003374       0x48 ./Drivers/STM32F4xx_HAL_Driver/Src/stm32f4xx_hal.o
                0x0000000008003374                HAL_Delay
 .text.__NVIC_SetPriorityGrouping
                0x00000000080033bc       0x48 ./Drivers/STM32F4xx_HAL_Driver/Src/stm32f4xx_hal_cortex.o
 .text.__NVIC_GetPriorityGrouping
                0x0000000008003404       0x1c ./Drivers/STM32F4xx_HAL_Driver/Src/stm32f4xx_hal_cortex.o
 .text.__NVIC_EnableIRQ
                0x0000000008003420       0x3c ./Drivers/STM32F4xx_HAL_Driver/Src/stm32f4xx_hal_cortex.o
 .text.__NVIC_SetPriority
                0x000000000800345c       0x54 ./Drivers/STM32F4xx_HAL_Driver/Src/stm32f4xx_hal_cortex.o
 .text.NVIC_EncodePriority
                0x00000000080034b0       0x66 ./Drivers/STM32F4xx_HAL_Driver/Src/stm32f4xx_hal_cortex.o
 *fill*         0x0000000008003516        0x2 
 .text.SysTick_Config
                0x0000000008003518       0x44 ./Drivers/STM32F4xx_HAL_Driver/Src/stm32f4xx_hal_cortex.o
 .text.HAL_NVIC_SetPriorityGrouping
                0x000000000800355c       0x16 ./Drivers/STM32F4xx_HAL_Driver/Src/stm32f4xx_hal_cortex.o
                0x000000000800355c                HAL_NVIC_SetPriorityGrouping
 .text.HAL_NVIC_SetPriority
                0x0000000008003572       0x38 ./Drivers/STM32F4xx_HAL_Driver/Src/stm32f4xx_hal_cortex.o
                0x0000000008003572                HAL_NVIC_SetPriority
 .text.HAL_NVIC_EnableIRQ
                0x00000000080035aa       0x1c ./Drivers/STM32F4xx_HAL_Driver/Src/stm32f4xx_hal_cortex.o
                0x00000000080035aa                HAL_NVIC_EnableIRQ
 .text.HAL_SYSTICK_Config
                0x00000000080035c6       0x18 ./Drivers/STM32F4xx_HAL_Driver/Src/stm32f4xx_hal_cortex.o
                0x00000000080035c6                HAL_SYSTICK_Config
 *fill*         0x00000000080035de        0x2 
 .text.HAL_GPIO_Init
                0x00000000080035e0      0x338 ./Drivers/STM32F4xx_HAL_Driver/Src/stm32f4xx_hal_gpio.o
                0x00000000080035e0                HAL_GPIO_Init
 .text.HAL_GPIO_WritePin
                0x0000000008003918       0x32 ./Drivers/STM32F4xx_HAL_Driver/Src/stm32f4xx_hal_gpio.o
                0x0000000008003918                HAL_GPIO_WritePin
 *fill*         0x000000000800394a        0x2 
 .text.HAL_RCC_OscConfig
                0x000000000800394c      0x4f0 ./Drivers/STM32F4xx_HAL_Driver/Src/stm32f4xx_hal_rcc.o
                0x000000000800394c                HAL_RCC_OscConfig
 .text.HAL_RCC_ClockConfig
                0x0000000008003e3c      0x1cc ./Drivers/STM32F4xx_HAL_Driver/Src/stm32f4xx_hal_rcc.o
                0x0000000008003e3c                HAL_RCC_ClockConfig
 .text.HAL_RCC_GetSysClockFreq
                0x0000000008004008      0x1c4 ./Drivers/STM32F4xx_HAL_Driver/Src/stm32f4xx_hal_rcc.o
                0x0000000008004008                HAL_RCC_GetSysClockFreq
 .text.HAL_SPI_Init
                0x00000000080041cc      0x112 ./Drivers/STM32F4xx_HAL_Driver/Src/stm32f4xx_hal_spi.o
                0x00000000080041cc                HAL_SPI_Init
 .text.HAL_SPI_Receive
                0x00000000080042de      0x222 ./Drivers/STM32F4xx_HAL_Driver/Src/stm32f4xx_hal_spi.o
                0x00000000080042de                HAL_SPI_Receive
 .text.HAL_SPI_TransmitReceive
                0x0000000008004500      0x344 ./Drivers/STM32F4xx_HAL_Driver/Src/stm32f4xx_hal_spi.o
                0x0000000008004500                HAL_SPI_TransmitReceive
 .text.SPI_WaitFlagStateUntilTimeout
                0x0000000008004844      0x110 ./Drivers/STM32F4xx_HAL_Driver/Src/stm32f4xx_hal_spi.o
 .text.SPI_EndRxTransaction
                0x0000000008004954       0xca ./Drivers/STM32F4xx_HAL_Driver/Src/stm32f4xx_hal_spi.o
 *fill*         0x0000000008004a1e        0x2 
 .text.SPI_EndRxTxTransaction
                0x0000000008004a20       0x84 ./Drivers/STM32F4xx_HAL_Driver/Src/stm32f4xx_hal_spi.o
 .text.HAL_SRAM_Init
                0x0000000008004aa4       0x88 ./Drivers/STM32F4xx_HAL_Driver/Src/stm32f4xx_hal_sram.o
                0x0000000008004aa4                HAL_SRAM_Init
 .text.HAL_TIM_Base_Init
                0x0000000008004b2c       0x9e ./Drivers/STM32F4xx_HAL_Driver/Src/stm32f4xx_hal_tim.o
                0x0000000008004b2c                HAL_TIM_Base_Init
 *fill*         0x0000000008004bca        0x2 
 .text.HAL_TIM_Base_Start_IT
                0x0000000008004bcc       0xe0 ./Drivers/STM32F4xx_HAL_Driver/Src/stm32f4xx_hal_tim.o
                0x0000000008004bcc                HAL_TIM_Base_Start_IT
 .text.HAL_TIM_IRQHandler
                0x0000000008004cac      0x210 ./Drivers/STM32F4xx_HAL_Driver/Src/stm32f4xx_hal_tim.o
                0x0000000008004cac                HAL_TIM_IRQHandler
 .text.HAL_TIM_ConfigClockSource
                0x0000000008004ebc      0x18e ./Drivers/STM32F4xx_HAL_Driver/Src/stm32f4xx_hal_tim.o
                0x0000000008004ebc                HAL_TIM_ConfigClockSource
 .text.HAL_TIM_OC_DelayElapsedCallback
                0x000000000800504a       0x14 ./Drivers/STM32F4xx_HAL_Driver/Src/stm32f4xx_hal_tim.o
                0x000000000800504a                HAL_TIM_OC_DelayElapsedCallback
 .text.HAL_TIM_IC_CaptureCallback
                0x000000000800505e       0x14 ./Drivers/STM32F4xx_HAL_Driver/Src/stm32f4xx_hal_tim.o
                0x000000000800505e                HAL_TIM_IC_CaptureCallback
 .text.HAL_TIM_PWM_PulseFinishedCallback
                0x0000000008005072       0x14 ./Drivers/STM32F4xx_HAL_Driver/Src/stm32f4xx_hal_tim.o
                0x0000000008005072                HAL_TIM_PWM_PulseFinishedCallback
 .text.HAL_TIM_TriggerCallback
                0x0000000008005086       0x14 ./Drivers/STM32F4xx_HAL_Driver/Src/stm32f4xx_hal_tim.o
                0x0000000008005086                HAL_TIM_TriggerCallback
 *fill*         0x000000000800509a        0x2 
 .text.TIM_Base_SetConfig
                0x000000000800509c      0x140 ./Drivers/STM32F4xx_HAL_Driver/Src/stm32f4xx_hal_tim.o
                0x000000000800509c                TIM_Base_SetConfig
 .text.TIM_TI1_ConfigInputStage
                0x00000000080051dc       0x5e ./Drivers/STM32F4xx_HAL_Driver/Src/stm32f4xx_hal_tim.o
 .text.TIM_TI2_ConfigInputStage
                0x000000000800523a       0x60 ./Drivers/STM32F4xx_HAL_Driver/Src/stm32f4xx_hal_tim.o
 .text.TIM_ITRx_SetConfig
                0x000000000800529a       0x36 ./Drivers/STM32F4xx_HAL_Driver/Src/stm32f4xx_hal_tim.o
 .text.TIM_ETR_SetConfig
                0x00000000080052d0       0x40 ./Drivers/STM32F4xx_HAL_Driver/Src/stm32f4xx_hal_tim.o
                0x00000000080052d0                TIM_ETR_SetConfig
 .text.HAL_TIMEx_MasterConfigSynchronization
                0x0000000008005310       0xf8 ./Drivers/STM32F4xx_HAL_Driver/Src/stm32f4xx_hal_tim_ex.o
                0x0000000008005310                HAL_TIMEx_MasterConfigSynchronization
 .text.HAL_TIMEx_CommutCallback
                0x0000000008005408       0x14 ./Drivers/STM32F4xx_HAL_Driver/Src/stm32f4xx_hal_tim_ex.o
                0x0000000008005408                HAL_TIMEx_CommutCallback
 .text.HAL_TIMEx_BreakCallback
                0x000000000800541c       0x14 ./Drivers/STM32F4xx_HAL_Driver/Src/stm32f4xx_hal_tim_ex.o
                0x000000000800541c                HAL_TIMEx_BreakCallback
 .text.FSMC_NORSRAM_Init
                0x0000000008005430       0xa4 ./Drivers/STM32F4xx_HAL_Driver/Src/stm32f4xx_ll_fsmc.o
                0x0000000008005430                FSMC_NORSRAM_Init
 .text.FSMC_NORSRAM_Timing_Init
                0x00000000080054d4       0x7a ./Drivers/STM32F4xx_HAL_Driver/Src/stm32f4xx_ll_fsmc.o
                0x00000000080054d4                FSMC_NORSRAM_Timing_Init
 *fill*         0x000000000800554e        0x2 
 .text.FSMC_NORSRAM_Extended_Timing_Init
                0x0000000008005550       0x80 ./Drivers/STM32F4xx_HAL_Driver/Src/stm32f4xx_ll_fsmc.o
                0x0000000008005550                FSMC_NORSRAM_Extended_Timing_Init
 .text.__libc_init_array
                0x00000000080055d0       0x48 c:/st/stm32cubeide_1.7.0/stm32cubeide/plugins/com.st.stm32cube.ide.mcu.externaltools.gnu-tools-for-stm32.9-2020-q2-update.win32_2.0.0.202105311346/tools/bin/../lib/gcc/arm-none-eabi/9.3.1/../../../../arm-none-eabi/lib/thumb/v7e-m+fp/hard\libc_nano.a(lib_a-init.o)
                0x00000000080055d0                __libc_init_array
 .text.memset   0x0000000008005618       0x10 c:/st/stm32cubeide_1.7.0/stm32cubeide/plugins/com.st.stm32cube.ide.mcu.externaltools.gnu-tools-for-stm32.9-2020-q2-update.win32_2.0.0.202105311346/tools/bin/../lib/gcc/arm-none-eabi/9.3.1/../../../../arm-none-eabi/lib/thumb/v7e-m+fp/hard\libc_nano.a(lib_a-memset.o)
                0x0000000008005618                memset
 *(.glue_7)
 .glue_7        0x0000000008005628        0x0 linker stubs
 *(.glue_7t)
 .glue_7t       0x0000000008005628        0x0 linker stubs
 *(.eh_frame)
 .eh_frame      0x0000000008005628        0x0 c:/st/stm32cubeide_1.7.0/stm32cubeide/plugins/com.st.stm32cube.ide.mcu.externaltools.gnu-tools-for-stm32.9-2020-q2-update.win32_2.0.0.202105311346/tools/bin/../lib/gcc/arm-none-eabi/9.3.1/thumb/v7e-m+fp/hard/crtbegin.o
 *(.init)
 .init          0x0000000008005628        0x4 c:/st/stm32cubeide_1.7.0/stm32cubeide/plugins/com.st.stm32cube.ide.mcu.externaltools.gnu-tools-for-stm32.9-2020-q2-update.win32_2.0.0.202105311346/tools/bin/../lib/gcc/arm-none-eabi/9.3.1/thumb/v7e-m+fp/hard/crti.o
                0x0000000008005628                _init
 .init          0x000000000800562c        0x8 c:/st/stm32cubeide_1.7.0/stm32cubeide/plugins/com.st.stm32cube.ide.mcu.externaltools.gnu-tools-for-stm32.9-2020-q2-update.win32_2.0.0.202105311346/tools/bin/../lib/gcc/arm-none-eabi/9.3.1/thumb/v7e-m+fp/hard/crtn.o
 *(.fini)
 .fini          0x0000000008005634        0x4 c:/st/stm32cubeide_1.7.0/stm32cubeide/plugins/com.st.stm32cube.ide.mcu.externaltools.gnu-tools-for-stm32.9-2020-q2-update.win32_2.0.0.202105311346/tools/bin/../lib/gcc/arm-none-eabi/9.3.1/thumb/v7e-m+fp/hard/crti.o
                0x0000000008005634                _fini
 .fini          0x0000000008005638        0x8 c:/st/stm32cubeide_1.7.0/stm32cubeide/plugins/com.st.stm32cube.ide.mcu.externaltools.gnu-tools-for-stm32.9-2020-q2-update.win32_2.0.0.202105311346/tools/bin/../lib/gcc/arm-none-eabi/9.3.1/thumb/v7e-m+fp/hard/crtn.o
                0x0000000008005640                . = ALIGN (0x4)
                0x0000000008005640                _etext = .

.vfp11_veneer   0x0000000008005640        0x0
 .vfp11_veneer  0x0000000008005640        0x0 linker stubs

.v4_bx          0x0000000008005640        0x0
 .v4_bx         0x0000000008005640        0x0 linker stubs

.iplt           0x0000000008005640        0x0
 .iplt          0x0000000008005640        0x0 c:/st/stm32cubeide_1.7.0/stm32cubeide/plugins/com.st.stm32cube.ide.mcu.externaltools.gnu-tools-for-stm32.9-2020-q2-update.win32_2.0.0.202105311346/tools/bin/../lib/gcc/arm-none-eabi/9.3.1/thumb/v7e-m+fp/hard/crtbegin.o

.rodata         0x0000000008005640     0x2fb8
                0x0000000008005640                . = ALIGN (0x4)
 *(.rodata)
 .rodata        0x0000000008005640        0xe ./Core/Src/fsm_traffic_light.o
 *fill*         0x000000000800564e        0x2 
 .rodata        0x0000000008005650       0x16 ./Core/Src/led_control.o
 *(.rodata*)
 *fill*         0x0000000008005666        0x2 
 .rodata.ascii_1608
                0x0000000008005668      0x5f0 ./Core/Src/lcd.o
                0x0000000008005668                ascii_1608
 .rodata.ascii_2412
                0x0000000008005c58     0x11d0 ./Core/Src/lcd.o
                0x0000000008005c58                ascii_2412
 .rodata.ascii_3216
                0x0000000008006e28     0x17c0 ./Core/Src/lcd.o
                0x0000000008006e28                ascii_3216
 .rodata.AHBPrescTable
                0x00000000080085e8       0x10 ./Core/Src/system_stm32f4xx.o
                0x00000000080085e8                AHBPrescTable
                0x00000000080085f8                . = ALIGN (0x4)

.ARM.extab      0x00000000080085f8        0x0
                0x00000000080085f8                . = ALIGN (0x4)
 *(.ARM.extab* .gnu.linkonce.armextab.*)
                0x00000000080085f8                . = ALIGN (0x4)

.ARM            0x00000000080085f8        0x8
                0x00000000080085f8                . = ALIGN (0x4)
                0x00000000080085f8                __exidx_start = .
 *(.ARM.exidx*)
 .ARM.exidx     0x00000000080085f8        0x8 c:/st/stm32cubeide_1.7.0/stm32cubeide/plugins/com.st.stm32cube.ide.mcu.externaltools.gnu-tools-for-stm32.9-2020-q2-update.win32_2.0.0.202105311346/tools/bin/../lib/gcc/arm-none-eabi/9.3.1/thumb/v7e-m+fp/hard\libgcc.a(_udivmoddi4.o)
                0x0000000008008600                __exidx_end = .
                0x0000000008008600                . = ALIGN (0x4)

.rel.dyn        0x0000000008008600        0x0
 .rel.iplt      0x0000000008008600        0x0 c:/st/stm32cubeide_1.7.0/stm32cubeide/plugins/com.st.stm32cube.ide.mcu.externaltools.gnu-tools-for-stm32.9-2020-q2-update.win32_2.0.0.202105311346/tools/bin/../lib/gcc/arm-none-eabi/9.3.1/thumb/v7e-m+fp/hard/crtbegin.o

.preinit_array  0x0000000008008600        0x0
                0x0000000008008600                . = ALIGN (0x4)
                0x0000000008008600                PROVIDE (__preinit_array_start = .)
 *(.preinit_array*)
                0x0000000008008600                PROVIDE (__preinit_array_end = .)
                0x0000000008008600                . = ALIGN (0x4)

.init_array     0x0000000008008600        0x4
                0x0000000008008600                . = ALIGN (0x4)
                0x0000000008008600                PROVIDE (__init_array_start = .)
 *(SORT_BY_NAME(.init_array.*))
 *(.init_array*)
 .init_array    0x0000000008008600        0x4 c:/st/stm32cubeide_1.7.0/stm32cubeide/plugins/com.st.stm32cube.ide.mcu.externaltools.gnu-tools-for-stm32.9-2020-q2-update.win32_2.0.0.202105311346/tools/bin/../lib/gcc/arm-none-eabi/9.3.1/thumb/v7e-m+fp/hard/crtbegin.o
                0x0000000008008604                PROVIDE (__init_array_end = .)
                0x0000000008008604                . = ALIGN (0x4)

.fini_array     0x0000000008008604        0x4
                0x0000000008008604                . = ALIGN (0x4)
                [!provide]                        PROVIDE (__fini_array_start = .)
 *(SORT_BY_NAME(.fini_array.*))
 *(.fini_array*)
 .fini_array    0x0000000008008604        0x4 c:/st/stm32cubeide_1.7.0/stm32cubeide/plugins/com.st.stm32cube.ide.mcu.externaltools.gnu-tools-for-stm32.9-2020-q2-update.win32_2.0.0.202105311346/tools/bin/../lib/gcc/arm-none-eabi/9.3.1/thumb/v7e-m+fp/hard/crtbegin.o
                [!provide]                        PROVIDE (__fini_array_end = .)
                0x0000000008008608                . = ALIGN (0x4)
                0x0000000008008608                _sidata = LOADADDR (.data)

.data           0x0000000020000000       0x30 load address 0x0000000008008608
                0x0000000020000000                . = ALIGN (0x4)
                0x0000000020000000                _sdata = .
 *(.data)
 *(.data*)
 .data.time_value
                0x0000000020000000        0x2 ./Core/Src/button.o
                0x0000000020000000                time_value
 .data.light_st
                0x0000000020000002        0x1 ./Core/Src/fsm_traffic_light.o
                0x0000000020000002                light_st
 .data.light_pre_st
                0x0000000020000003        0x1 ./Core/Src/fsm_traffic_light.o
                0x0000000020000003                light_pre_st
 .data.red_time
                0x0000000020000004        0x4 ./Core/Src/fsm_traffic_light.o
                0x0000000020000004                red_time
 .data.green_time
                0x0000000020000008        0x4 ./Core/Src/fsm_traffic_light.o
                0x0000000020000008                green_time
 .data.yellow_time
                0x000000002000000c        0x4 ./Core/Src/fsm_traffic_light.o
                0x000000002000000c                yellow_time
 .data.red_time_buffer
                0x0000000020000010        0x4 ./Core/Src/fsm_traffic_light.o
                0x0000000020000010                red_time_buffer
 .data.green_time_buffer
                0x0000000020000014        0x4 ./Core/Src/fsm_traffic_light.o
                0x0000000020000014                green_time_buffer
 .data.yellow_time_buffer
                0x0000000020000018        0x4 ./Core/Src/fsm_traffic_light.o
                0x0000000020000018                yellow_time_buffer
 .data.traffic_light_timer1
                0x000000002000001c        0x4 ./Core/Src/fsm_traffic_light.o
                0x000000002000001c                traffic_light_timer1
 .data.traffic_light_timer2
                0x0000000020000020        0x4 ./Core/Src/fsm_traffic_light.o
                0x0000000020000020                traffic_light_timer2
 .data.SystemCoreClock
                0x0000000020000024        0x4 ./Core/Src/system_stm32f4xx.o
                0x0000000020000024                SystemCoreClock
 .data.uwTickPrio
                0x0000000020000028        0x4 ./Drivers/STM32F4xx_HAL_Driver/Src/stm32f4xx_hal.o
                0x0000000020000028                uwTickPrio
 .data.uwTickFreq
                0x000000002000002c        0x1 ./Drivers/STM32F4xx_HAL_Driver/Src/stm32f4xx_hal.o
                0x000000002000002c                uwTickFreq
 *(.RamFunc)
 *(.RamFunc*)
                0x0000000020000030                . = ALIGN (0x4)
 *fill*         0x000000002000002d        0x3 
                0x0000000020000030                _edata = .
                0x0000000008008638                _siccmram = LOADADDR (.ccmram)

.igot.plt       0x0000000020000030        0x0 load address 0x0000000008008638
 .igot.plt      0x0000000020000030        0x0 c:/st/stm32cubeide_1.7.0/stm32cubeide/plugins/com.st.stm32cube.ide.mcu.externaltools.gnu-tools-for-stm32.9-2020-q2-update.win32_2.0.0.202105311346/tools/bin/../lib/gcc/arm-none-eabi/9.3.1/thumb/v7e-m+fp/hard/crtbegin.o

.ccmram         0x0000000010000000        0x0 load address 0x0000000008008638
                0x0000000010000000                . = ALIGN (0x4)
                0x0000000010000000                _sccmram = .
 *(.ccmram)
 *(.ccmram*)
                0x0000000010000000                . = ALIGN (0x4)
                0x0000000010000000                _eccmram = .
                0x0000000010000000                . = ALIGN (0x4)

.bss            0x0000000020000030      0x214
                0x0000000020000030                _sbss = .
                0x0000000020000030                __bss_start__ = _sbss
 *(.bss)
 .bss           0x0000000020000030       0x1c c:/st/stm32cubeide_1.7.0/stm32cubeide/plugins/com.st.stm32cube.ide.mcu.externaltools.gnu-tools-for-stm32.9-2020-q2-update.win32_2.0.0.202105311346/tools/bin/../lib/gcc/arm-none-eabi/9.3.1/thumb/v7e-m+fp/hard/crtbegin.o
 *(.bss*)
 .bss.spi_button
                0x000000002000004c        0x2 ./Core/Src/button.o
                0x000000002000004c                spi_button
 .bss.tl_st     0x000000002000004e        0x1 ./Core/Src/fsm_traffic_light.o
                0x000000002000004e                tl_st
 *fill*         0x000000002000004f        0x1 
 .bss.FSMC_Initialized
                0x0000000020000050        0x4 ./Core/Src/fsmc.o
 *(COMMON)
 COMMON         0x0000000020000054       0x20 ./Core/Src/button.o
                0x0000000020000054                button_count
 COMMON         0x0000000020000074        0x8 ./Core/Src/fsm_traffic_light.o
                0x0000000020000074                led_st
                0x0000000020000078                button_st
 COMMON         0x000000002000007c       0x50 ./Core/Src/fsmc.o
                0x000000002000007c                hsram1
 COMMON         0x00000000200000cc       0x3a ./Core/Src/lcd.o
                0x00000000200000cc                lcddev
                0x00000000200000d4                s
 *fill*         0x0000000020000106        0x2 
 COMMON         0x0000000020000108       0x6e ./Core/Src/led_control.o
                0x0000000020000108                traffic_NS
                0x0000000020000140                traffic_WE
 *fill*         0x0000000020000176        0x2 
 COMMON         0x0000000020000178       0x28 ./Core/Src/software_timer.o
                0x0000000020000178                timer
 COMMON         0x00000000200001a0       0x58 ./Core/Src/spi.o
                0x00000000200001a0                hspi1
 COMMON         0x00000000200001f8       0x48 ./Core/Src/tim.o
                0x00000000200001f8                htim2
 COMMON         0x0000000020000240        0x4 ./Drivers/STM32F4xx_HAL_Driver/Src/stm32f4xx_hal.o
                0x0000000020000240                uwTick
                0x0000000020000244                . = ALIGN (0x4)
                0x0000000020000244                _ebss = .
                0x0000000020000244                __bss_end__ = _ebss

._user_heap_stack
                0x0000000020000244      0x604
                0x0000000020000248                . = ALIGN (0x8)
 *fill*         0x0000000020000244        0x4 
                [!provide]                        PROVIDE (end = .)
                0x0000000020000248                PROVIDE (_end = .)
                0x0000000020000448                . = (. + _Min_Heap_Size)
 *fill*         0x0000000020000248      0x200 
                0x0000000020000848                . = (. + _Min_Stack_Size)
 *fill*         0x0000000020000448      0x400 
                0x0000000020000848                . = ALIGN (0x8)

/DISCARD/
 libc.a(*)
 libm.a(*)
 libgcc.a(*)

.ARM.attributes
                0x0000000000000000       0x30
 *(.ARM.attributes)
 .ARM.attributes
                0x0000000000000000       0x1e c:/st/stm32cubeide_1.7.0/stm32cubeide/plugins/com.st.stm32cube.ide.mcu.externaltools.gnu-tools-for-stm32.9-2020-q2-update.win32_2.0.0.202105311346/tools/bin/../lib/gcc/arm-none-eabi/9.3.1/thumb/v7e-m+fp/hard/crti.o
 .ARM.attributes
                0x000000000000001e       0x34 c:/st/stm32cubeide_1.7.0/stm32cubeide/plugins/com.st.stm32cube.ide.mcu.externaltools.gnu-tools-for-stm32.9-2020-q2-update.win32_2.0.0.202105311346/tools/bin/../lib/gcc/arm-none-eabi/9.3.1/thumb/v7e-m+fp/hard/crtbegin.o
 .ARM.attributes
                0x0000000000000052       0x34 ./Core/Src/button.o
 .ARM.attributes
                0x0000000000000086       0x34 ./Core/Src/fsm_traffic_light.o
 .ARM.attributes
                0x00000000000000ba       0x34 ./Core/Src/fsmc.o
 .ARM.attributes
                0x00000000000000ee       0x34 ./Core/Src/gpio.o
 .ARM.attributes
                0x0000000000000122       0x34 ./Core/Src/lcd.o
 .ARM.attributes
                0x0000000000000156       0x34 ./Core/Src/led_7seg.o
 .ARM.attributes
                0x000000000000018a       0x34 ./Core/Src/led_control.o
 .ARM.attributes
                0x00000000000001be       0x34 ./Core/Src/main.o
 .ARM.attributes
                0x00000000000001f2       0x34 ./Core/Src/software_timer.o
 .ARM.attributes
                0x0000000000000226       0x34 ./Core/Src/spi.o
 .ARM.attributes
                0x000000000000025a       0x34 ./Core/Src/stm32f4xx_hal_msp.o
 .ARM.attributes
                0x000000000000028e       0x34 ./Core/Src/stm32f4xx_it.o
 .ARM.attributes
                0x00000000000002c2       0x34 ./Core/Src/system_stm32f4xx.o
 .ARM.attributes
                0x00000000000002f6       0x34 ./Core/Src/tim.o
 .ARM.attributes
                0x000000000000032a       0x21 ./Core/Startup/startup_stm32f407zetx.o
 .ARM.attributes
                0x000000000000034b       0x34 ./Drivers/STM32F4xx_HAL_Driver/Src/stm32f4xx_hal.o
 .ARM.attributes
                0x000000000000037f       0x34 ./Drivers/STM32F4xx_HAL_Driver/Src/stm32f4xx_hal_cortex.o
 .ARM.attributes
                0x00000000000003b3       0x34 ./Drivers/STM32F4xx_HAL_Driver/Src/stm32f4xx_hal_gpio.o
 .ARM.attributes
                0x00000000000003e7       0x34 ./Drivers/STM32F4xx_HAL_Driver/Src/stm32f4xx_hal_rcc.o
 .ARM.attributes
                0x000000000000041b       0x34 ./Drivers/STM32F4xx_HAL_Driver/Src/stm32f4xx_hal_spi.o
 .ARM.attributes
                0x000000000000044f       0x34 ./Drivers/STM32F4xx_HAL_Driver/Src/stm32f4xx_hal_sram.o
 .ARM.attributes
                0x0000000000000483       0x34 ./Drivers/STM32F4xx_HAL_Driver/Src/stm32f4xx_hal_tim.o
 .ARM.attributes
                0x00000000000004b7       0x34 ./Drivers/STM32F4xx_HAL_Driver/Src/stm32f4xx_hal_tim_ex.o
 .ARM.attributes
                0x00000000000004eb       0x34 ./Drivers/STM32F4xx_HAL_Driver/Src/stm32f4xx_ll_fsmc.o
 .ARM.attributes
                0x000000000000051f       0x34 c:/st/stm32cubeide_1.7.0/stm32cubeide/plugins/com.st.stm32cube.ide.mcu.externaltools.gnu-tools-for-stm32.9-2020-q2-update.win32_2.0.0.202105311346/tools/bin/../lib/gcc/arm-none-eabi/9.3.1/../../../../arm-none-eabi/lib/thumb/v7e-m+fp/hard\libc_nano.a(lib_a-init.o)
 .ARM.attributes
                0x0000000000000553       0x34 c:/st/stm32cubeide_1.7.0/stm32cubeide/plugins/com.st.stm32cube.ide.mcu.externaltools.gnu-tools-for-stm32.9-2020-q2-update.win32_2.0.0.202105311346/tools/bin/../lib/gcc/arm-none-eabi/9.3.1/../../../../arm-none-eabi/lib/thumb/v7e-m+fp/hard\libc_nano.a(lib_a-memset.o)
 .ARM.attributes
                0x0000000000000587       0x1e c:/st/stm32cubeide_1.7.0/stm32cubeide/plugins/com.st.stm32cube.ide.mcu.externaltools.gnu-tools-for-stm32.9-2020-q2-update.win32_2.0.0.202105311346/tools/bin/../lib/gcc/arm-none-eabi/9.3.1/thumb/v7e-m+fp/hard\libgcc.a(_arm_addsubdf3.o)
 .ARM.attributes
                0x00000000000005a5       0x1e c:/st/stm32cubeide_1.7.0/stm32cubeide/plugins/com.st.stm32cube.ide.mcu.externaltools.gnu-tools-for-stm32.9-2020-q2-update.win32_2.0.0.202105311346/tools/bin/../lib/gcc/arm-none-eabi/9.3.1/thumb/v7e-m+fp/hard\libgcc.a(_arm_muldivdf3.o)
 .ARM.attributes
                0x00000000000005c3       0x1e c:/st/stm32cubeide_1.7.0/stm32cubeide/plugins/com.st.stm32cube.ide.mcu.externaltools.gnu-tools-for-stm32.9-2020-q2-update.win32_2.0.0.202105311346/tools/bin/../lib/gcc/arm-none-eabi/9.3.1/thumb/v7e-m+fp/hard\libgcc.a(_arm_fixunsdfsi.o)
 .ARM.attributes
                0x00000000000005e1       0x1e c:/st/stm32cubeide_1.7.0/stm32cubeide/plugins/com.st.stm32cube.ide.mcu.externaltools.gnu-tools-for-stm32.9-2020-q2-update.win32_2.0.0.202105311346/tools/bin/../lib/gcc/arm-none-eabi/9.3.1/thumb/v7e-m+fp/hard\libgcc.a(_aeabi_uldivmod.o)
 .ARM.attributes
                0x00000000000005ff       0x34 c:/st/stm32cubeide_1.7.0/stm32cubeide/plugins/com.st.stm32cube.ide.mcu.externaltools.gnu-tools-for-stm32.9-2020-q2-update.win32_2.0.0.202105311346/tools/bin/../lib/gcc/arm-none-eabi/9.3.1/thumb/v7e-m+fp/hard\libgcc.a(_udivmoddi4.o)
 .ARM.attributes
                0x0000000000000633       0x1e c:/st/stm32cubeide_1.7.0/stm32cubeide/plugins/com.st.stm32cube.ide.mcu.externaltools.gnu-tools-for-stm32.9-2020-q2-update.win32_2.0.0.202105311346/tools/bin/../lib/gcc/arm-none-eabi/9.3.1/thumb/v7e-m+fp/hard\libgcc.a(_dvmd_tls.o)
 .ARM.attributes
                0x0000000000000651       0x1e c:/st/stm32cubeide_1.7.0/stm32cubeide/plugins/com.st.stm32cube.ide.mcu.externaltools.gnu-tools-for-stm32.9-2020-q2-update.win32_2.0.0.202105311346/tools/bin/../lib/gcc/arm-none-eabi/9.3.1/thumb/v7e-m+fp/hard/crtn.o
OUTPUT(Bai3_Lcd_button.elf elf32-littlearm)
LOAD linker stubs
LOAD c:/st/stm32cubeide_1.7.0/stm32cubeide/plugins/com.st.stm32cube.ide.mcu.externaltools.gnu-tools-for-stm32.9-2020-q2-update.win32_2.0.0.202105311346/tools/bin/../lib/gcc/arm-none-eabi/9.3.1/../../../../arm-none-eabi/lib/thumb/v7e-m+fp/hard\libc.a
LOAD c:/st/stm32cubeide_1.7.0/stm32cubeide/plugins/com.st.stm32cube.ide.mcu.externaltools.gnu-tools-for-stm32.9-2020-q2-update.win32_2.0.0.202105311346/tools/bin/../lib/gcc/arm-none-eabi/9.3.1/../../../../arm-none-eabi/lib/thumb/v7e-m+fp/hard\libm.a
LOAD c:/st/stm32cubeide_1.7.0/stm32cubeide/plugins/com.st.stm32cube.ide.mcu.externaltools.gnu-tools-for-stm32.9-2020-q2-update.win32_2.0.0.202105311346/tools/bin/../lib/gcc/arm-none-eabi/9.3.1/thumb/v7e-m+fp/hard\libgcc.a

.debug_info     0x0000000000000000    0x14700
 .debug_info    0x0000000000000000      0xbac ./Core/Src/button.o
 .debug_info    0x0000000000000bac     0x1543 ./Core/Src/fsm_traffic_light.o
 .debug_info    0x00000000000020ef      0xa96 ./Core/Src/fsmc.o
 .debug_info    0x0000000000002b85      0x569 ./Core/Src/gpio.o
 .debug_info    0x00000000000030ee     0x1759 ./Core/Src/lcd.o
 .debug_info    0x0000000000004847      0x89c ./Core/Src/led_7seg.o
 .debug_info    0x00000000000050e3      0xd28 ./Core/Src/led_control.o
 .debug_info    0x0000000000005e0b     0x1abb ./Core/Src/main.o
 .debug_info    0x00000000000078c6      0xb18 ./Core/Src/software_timer.o
 .debug_info    0x00000000000083de      0xa5a ./Core/Src/spi.o
 .debug_info    0x0000000000008e38      0x394 ./Core/Src/stm32f4xx_hal_msp.o
 .debug_info    0x00000000000091cc      0x801 ./Core/Src/stm32f4xx_it.o
 .debug_info    0x00000000000099cd      0x5a4 ./Core/Src/system_stm32f4xx.o
 .debug_info    0x0000000000009f71      0xc88 ./Core/Src/tim.o
 .debug_info    0x000000000000abf9       0x22 ./Core/Startup/startup_stm32f407zetx.o
 .debug_info    0x000000000000ac1b      0x9b2 ./Drivers/STM32F4xx_HAL_Driver/Src/stm32f4xx_hal.o
 .debug_info    0x000000000000b5cd      0xed7 ./Drivers/STM32F4xx_HAL_Driver/Src/stm32f4xx_hal_cortex.o
 .debug_info    0x000000000000c4a4      0x83e ./Drivers/STM32F4xx_HAL_Driver/Src/stm32f4xx_hal_gpio.o
 .debug_info    0x000000000000cce2      0x996 ./Drivers/STM32F4xx_HAL_Driver/Src/stm32f4xx_hal_rcc.o
 .debug_info    0x000000000000d678     0x17c0 ./Drivers/STM32F4xx_HAL_Driver/Src/stm32f4xx_hal_spi.o
 .debug_info    0x000000000000ee38      0xbab ./Drivers/STM32F4xx_HAL_Driver/Src/stm32f4xx_hal_sram.o
 .debug_info    0x000000000000f9e3     0x2c22 ./Drivers/STM32F4xx_HAL_Driver/Src/stm32f4xx_hal_tim.o
 .debug_info    0x0000000000012605     0x15a2 ./Drivers/STM32F4xx_HAL_Driver/Src/stm32f4xx_hal_tim_ex.o
 .debug_info    0x0000000000013ba7      0xb59 ./Drivers/STM32F4xx_HAL_Driver/Src/stm32f4xx_ll_fsmc.o

.debug_abbrev   0x0000000000000000     0x2fbf
 .debug_abbrev  0x0000000000000000      0x1f2 ./Core/Src/button.o
 .debug_abbrev  0x00000000000001f2      0x261 ./Core/Src/fsm_traffic_light.o
 .debug_abbrev  0x0000000000000453      0x1e2 ./Core/Src/fsmc.o
 .debug_abbrev  0x0000000000000635      0x14e ./Core/Src/gpio.o
 .debug_abbrev  0x0000000000000783      0x3aa ./Core/Src/lcd.o
 .debug_abbrev  0x0000000000000b2d      0x1a9 ./Core/Src/led_7seg.o
 .debug_abbrev  0x0000000000000cd6      0x24d ./Core/Src/led_control.o
 .debug_abbrev  0x0000000000000f23      0x2c9 ./Core/Src/main.o
 .debug_abbrev  0x00000000000011ec      0x210 ./Core/Src/software_timer.o
 .debug_abbrev  0x00000000000013fc      0x1bb ./Core/Src/spi.o
 .debug_abbrev  0x00000000000015b7      0x11d ./Core/Src/stm32f4xx_hal_msp.o
 .debug_abbrev  0x00000000000016d4      0x176 ./Core/Src/stm32f4xx_it.o
 .debug_abbrev  0x000000000000184a      0x145 ./Core/Src/system_stm32f4xx.o
 .debug_abbrev  0x000000000000198f      0x1bb ./Core/Src/tim.o
 .debug_abbrev  0x0000000000001b4a       0x12 ./Core/Startup/startup_stm32f407zetx.o
 .debug_abbrev  0x0000000000001b5c      0x1ed ./Drivers/STM32F4xx_HAL_Driver/Src/stm32f4xx_hal.o
 .debug_abbrev  0x0000000000001d49      0x33c ./Drivers/STM32F4xx_HAL_Driver/Src/stm32f4xx_hal_cortex.o
 .debug_abbrev  0x0000000000002085      0x1f1 ./Drivers/STM32F4xx_HAL_Driver/Src/stm32f4xx_hal_gpio.o
 .debug_abbrev  0x0000000000002276      0x275 ./Drivers/STM32F4xx_HAL_Driver/Src/stm32f4xx_hal_rcc.o
 .debug_abbrev  0x00000000000024eb      0x26e ./Drivers/STM32F4xx_HAL_Driver/Src/stm32f4xx_hal_spi.o
 .debug_abbrev  0x0000000000002759      0x1f4 ./Drivers/STM32F4xx_HAL_Driver/Src/stm32f4xx_hal_sram.o
 .debug_abbrev  0x000000000000294d      0x25e ./Drivers/STM32F4xx_HAL_Driver/Src/stm32f4xx_hal_tim.o
 .debug_abbrev  0x0000000000002bab      0x266 ./Drivers/STM32F4xx_HAL_Driver/Src/stm32f4xx_hal_tim_ex.o
 .debug_abbrev  0x0000000000002e11      0x1ae ./Drivers/STM32F4xx_HAL_Driver/Src/stm32f4xx_ll_fsmc.o

.debug_aranges  0x0000000000000000      0xf58
 .debug_aranges
                0x0000000000000000       0x38 ./Core/Src/button.o
 .debug_aranges
                0x0000000000000038       0x58 ./Core/Src/fsm_traffic_light.o
 .debug_aranges
                0x0000000000000090       0x40 ./Core/Src/fsmc.o
 .debug_aranges
                0x00000000000000d0       0x20 ./Core/Src/gpio.o
 .debug_aranges
                0x00000000000000f0       0xd8 ./Core/Src/lcd.o
 .debug_aranges
                0x00000000000001c8       0x48 ./Core/Src/led_7seg.o
 .debug_aranges
                0x0000000000000210       0x38 ./Core/Src/led_control.o
 .debug_aranges
                0x0000000000000248       0x60 ./Core/Src/main.o
 .debug_aranges
                0x00000000000002a8       0x40 ./Core/Src/software_timer.o
 .debug_aranges
                0x00000000000002e8       0x30 ./Core/Src/spi.o
 .debug_aranges
                0x0000000000000318       0x20 ./Core/Src/stm32f4xx_hal_msp.o
 .debug_aranges
                0x0000000000000338       0x68 ./Core/Src/stm32f4xx_it.o
 .debug_aranges
                0x00000000000003a0       0x28 ./Core/Src/system_stm32f4xx.o
 .debug_aranges
                0x00000000000003c8       0x30 ./Core/Src/tim.o
 .debug_aranges
                0x00000000000003f8       0x28 ./Core/Startup/startup_stm32f407zetx.o
 .debug_aranges
                0x0000000000000420       0xf0 ./Drivers/STM32F4xx_HAL_Driver/Src/stm32f4xx_hal.o
 .debug_aranges
                0x0000000000000510      0x118 ./Drivers/STM32F4xx_HAL_Driver/Src/stm32f4xx_hal_cortex.o
 .debug_aranges
                0x0000000000000628       0x58 ./Drivers/STM32F4xx_HAL_Driver/Src/stm32f4xx_hal_gpio.o
 .debug_aranges
                0x0000000000000680       0x88 ./Drivers/STM32F4xx_HAL_Driver/Src/stm32f4xx_hal_rcc.o
 .debug_aranges
                0x0000000000000708      0x1d0 ./Drivers/STM32F4xx_HAL_Driver/Src/stm32f4xx_hal_spi.o
 .debug_aranges
                0x00000000000008d8       0xa0 ./Drivers/STM32F4xx_HAL_Driver/Src/stm32f4xx_hal_sram.o
 .debug_aranges
                0x0000000000000978      0x3d0 ./Drivers/STM32F4xx_HAL_Driver/Src/stm32f4xx_hal_tim.o
 .debug_aranges
                0x0000000000000d48      0x168 ./Drivers/STM32F4xx_HAL_Driver/Src/stm32f4xx_hal_tim_ex.o
 .debug_aranges
                0x0000000000000eb0       0xa8 ./Drivers/STM32F4xx_HAL_Driver/Src/stm32f4xx_ll_fsmc.o

.debug_ranges   0x0000000000000000      0xde0
 .debug_ranges  0x0000000000000000       0x28 ./Core/Src/button.o
 .debug_ranges  0x0000000000000028       0x48 ./Core/Src/fsm_traffic_light.o
 .debug_ranges  0x0000000000000070       0x30 ./Core/Src/fsmc.o
 .debug_ranges  0x00000000000000a0       0x10 ./Core/Src/gpio.o
 .debug_ranges  0x00000000000000b0       0xc8 ./Core/Src/lcd.o
 .debug_ranges  0x0000000000000178       0x38 ./Core/Src/led_7seg.o
 .debug_ranges  0x00000000000001b0       0x28 ./Core/Src/led_control.o
 .debug_ranges  0x00000000000001d8       0x50 ./Core/Src/main.o
 .debug_ranges  0x0000000000000228       0x30 ./Core/Src/software_timer.o
 .debug_ranges  0x0000000000000258       0x20 ./Core/Src/spi.o
 .debug_ranges  0x0000000000000278       0x10 ./Core/Src/stm32f4xx_hal_msp.o
 .debug_ranges  0x0000000000000288       0x58 ./Core/Src/stm32f4xx_it.o
 .debug_ranges  0x00000000000002e0       0x18 ./Core/Src/system_stm32f4xx.o
 .debug_ranges  0x00000000000002f8       0x20 ./Core/Src/tim.o
 .debug_ranges  0x0000000000000318       0x20 ./Core/Startup/startup_stm32f407zetx.o
 .debug_ranges  0x0000000000000338       0xe0 ./Drivers/STM32F4xx_HAL_Driver/Src/stm32f4xx_hal.o
 .debug_ranges  0x0000000000000418      0x108 ./Drivers/STM32F4xx_HAL_Driver/Src/stm32f4xx_hal_cortex.o
 .debug_ranges  0x0000000000000520       0x48 ./Drivers/STM32F4xx_HAL_Driver/Src/stm32f4xx_hal_gpio.o
 .debug_ranges  0x0000000000000568       0x78 ./Drivers/STM32F4xx_HAL_Driver/Src/stm32f4xx_hal_rcc.o
 .debug_ranges  0x00000000000005e0      0x1c0 ./Drivers/STM32F4xx_HAL_Driver/Src/stm32f4xx_hal_spi.o
 .debug_ranges  0x00000000000007a0       0x90 ./Drivers/STM32F4xx_HAL_Driver/Src/stm32f4xx_hal_sram.o
 .debug_ranges  0x0000000000000830      0x3c0 ./Drivers/STM32F4xx_HAL_Driver/Src/stm32f4xx_hal_tim.o
 .debug_ranges  0x0000000000000bf0      0x158 ./Drivers/STM32F4xx_HAL_Driver/Src/stm32f4xx_hal_tim_ex.o
 .debug_ranges  0x0000000000000d48       0x98 ./Drivers/STM32F4xx_HAL_Driver/Src/stm32f4xx_ll_fsmc.o

.debug_macro    0x0000000000000000    0x22c33
 .debug_macro   0x0000000000000000      0x247 ./Core/Src/button.o
 .debug_macro   0x0000000000000247      0xaa8 ./Core/Src/button.o
 .debug_macro   0x0000000000000cef      0x2a1 ./Core/Src/button.o
 .debug_macro   0x0000000000000f90       0x2e ./Core/Src/button.o
 .debug_macro   0x0000000000000fbe       0x2f ./Core/Src/button.o
 .debug_macro   0x0000000000000fed       0x22 ./Core/Src/button.o
 .debug_macro   0x000000000000100f       0x8e ./Core/Src/button.o
 .debug_macro   0x000000000000109d       0x51 ./Core/Src/button.o
 .debug_macro   0x00000000000010ee      0x103 ./Core/Src/button.o
 .debug_macro   0x00000000000011f1       0x6a ./Core/Src/button.o
 .debug_macro   0x000000000000125b      0x1df ./Core/Src/button.o
 .debug_macro   0x000000000000143a       0x1c ./Core/Src/button.o
 .debug_macro   0x0000000000001456       0x22 ./Core/Src/button.o
 .debug_macro   0x0000000000001478       0xdf ./Core/Src/button.o
 .debug_macro   0x0000000000001557     0x102d ./Core/Src/button.o
 .debug_macro   0x0000000000002584      0x11f ./Core/Src/button.o
 .debug_macro   0x00000000000026a3    0x15e58 ./Core/Src/button.o
 .debug_macro   0x00000000000184fb       0x6d ./Core/Src/button.o
 .debug_macro   0x0000000000018568     0x3666 ./Core/Src/button.o
 .debug_macro   0x000000000001bbce      0x174 ./Core/Src/button.o
 .debug_macro   0x000000000001bd42       0x5c ./Core/Src/button.o
 .debug_macro   0x000000000001bd9e      0x96b ./Core/Src/button.o
 .debug_macro   0x000000000001c709      0x9fe ./Core/Src/button.o
 .debug_macro   0x000000000001d107      0x116 ./Core/Src/button.o
 .debug_macro   0x000000000001d21d      0x13e ./Core/Src/button.o
 .debug_macro   0x000000000001d35b       0xa5 ./Core/Src/button.o
 .debug_macro   0x000000000001d400      0x174 ./Core/Src/button.o
 .debug_macro   0x000000000001d574      0x287 ./Core/Src/button.o
 .debug_macro   0x000000000001d7fb       0x5f ./Core/Src/button.o
 .debug_macro   0x000000000001d85a      0x236 ./Core/Src/button.o
 .debug_macro   0x000000000001da90      0x12c ./Core/Src/button.o
 .debug_macro   0x000000000001dbbc      0x21e ./Core/Src/button.o
 .debug_macro   0x000000000001ddda       0x2e ./Core/Src/button.o
 .debug_macro   0x000000000001de08      0x543 ./Core/Src/button.o
 .debug_macro   0x000000000001e34b      0x11a ./Core/Src/button.o
 .debug_macro   0x000000000001e465       0x7e ./Core/Src/button.o
 .debug_macro   0x000000000001e4e3       0x89 ./Core/Src/button.o
 .debug_macro   0x000000000001e56c      0x225 ./Core/Src/button.o
 .debug_macro   0x000000000001e791      0x8d1 ./Core/Src/button.o
 .debug_macro   0x000000000001f062       0x47 ./Core/Src/button.o
 .debug_macro   0x000000000001f0a9      0x12d ./Core/Src/button.o
 .debug_macro   0x000000000001f1d6       0x88 ./Core/Src/button.o
 .debug_macro   0x000000000001f25e       0x10 ./Core/Src/button.o
 .debug_macro   0x000000000001f26e       0x28 ./Core/Src/button.o
 .debug_macro   0x000000000001f296       0x10 ./Core/Src/button.o
 .debug_macro   0x000000000001f2a6      0x372 ./Core/Src/fsm_traffic_light.o
 .debug_macro   0x000000000001f618       0x18 ./Core/Src/fsm_traffic_light.o
 .debug_macro   0x000000000001f630       0x52 ./Core/Src/fsm_traffic_light.o
 .debug_macro   0x000000000001f682       0x3c ./Core/Src/fsm_traffic_light.o
 .debug_macro   0x000000000001f6be       0x34 ./Core/Src/fsm_traffic_light.o
 .debug_macro   0x000000000001f6f2       0x16 ./Core/Src/fsm_traffic_light.o
 .debug_macro   0x000000000001f708       0x35 ./Core/Src/fsm_traffic_light.o
 .debug_macro   0x000000000001f73d       0x16 ./Core/Src/fsm_traffic_light.o
 .debug_macro   0x000000000001f753       0x43 ./Core/Src/fsm_traffic_light.o
 .debug_macro   0x000000000001f796       0x34 ./Core/Src/fsm_traffic_light.o
 .debug_macro   0x000000000001f7ca       0x10 ./Core/Src/fsm_traffic_light.o
 .debug_macro   0x000000000001f7da       0x58 ./Core/Src/fsm_traffic_light.o
 .debug_macro   0x000000000001f832       0x71 ./Core/Src/fsm_traffic_light.o
 .debug_macro   0x000000000001f8a3       0x1c ./Core/Src/fsm_traffic_light.o
 .debug_macro   0x000000000001f8bf      0x12a ./Core/Src/fsm_traffic_light.o
 .debug_macro   0x000000000001f9e9      0x333 ./Core/Src/fsm_traffic_light.o
 .debug_macro   0x000000000001fd1c       0x16 ./Core/Src/fsm_traffic_light.o
 .debug_macro   0x000000000001fd32       0x29 ./Core/Src/fsm_traffic_light.o
 .debug_macro   0x000000000001fd5b       0x16 ./Core/Src/fsm_traffic_light.o
 .debug_macro   0x000000000001fd71       0x20 ./Core/Src/fsm_traffic_light.o
 .debug_macro   0x000000000001fd91       0xca ./Core/Src/fsm_traffic_light.o
 .debug_macro   0x000000000001fe5b       0x16 ./Core/Src/fsm_traffic_light.o
 .debug_macro   0x000000000001fe71      0x202 ./Core/Src/fsmc.o
 .debug_macro   0x0000000000020073      0x202 ./Core/Src/gpio.o
 .debug_macro   0x0000000000020275      0x317 ./Core/Src/lcd.o
 .debug_macro   0x000000000002058c      0x20c ./Core/Src/led_7seg.o
 .debug_macro   0x0000000000020798      0x31d ./Core/Src/led_control.o
 .debug_macro   0x0000000000020ab5      0x39e ./Core/Src/main.o
 .debug_macro   0x0000000000020e53      0x22e ./Core/Src/software_timer.o
 .debug_macro   0x0000000000021081      0x202 ./Core/Src/spi.o
 .debug_macro   0x0000000000021283      0x1f8 ./Core/Src/stm32f4xx_hal_msp.o
 .debug_macro   0x000000000002147b      0x202 ./Core/Src/stm32f4xx_it.o
 .debug_macro   0x000000000002167d      0x1e9 ./Core/Src/system_stm32f4xx.o
 .debug_macro   0x0000000000021866      0x202 ./Core/Src/tim.o
 .debug_macro   0x0000000000021a68      0x249 ./Drivers/STM32F4xx_HAL_Driver/Src/stm32f4xx_hal.o
 .debug_macro   0x0000000000021cb1      0x1e9 ./Drivers/STM32F4xx_HAL_Driver/Src/stm32f4xx_hal_cortex.o
 .debug_macro   0x0000000000021e9a      0x1ef ./Drivers/STM32F4xx_HAL_Driver/Src/stm32f4xx_hal_gpio.o
 .debug_macro   0x0000000000022089      0x20d ./Drivers/STM32F4xx_HAL_Driver/Src/stm32f4xx_hal_rcc.o
 .debug_macro   0x0000000000022296      0x1f8 ./Drivers/STM32F4xx_HAL_Driver/Src/stm32f4xx_hal_spi.o
 .debug_macro   0x000000000002248e      0x1e9 ./Drivers/STM32F4xx_HAL_Driver/Src/stm32f4xx_hal_sram.o
 .debug_macro   0x0000000000022677      0x1ea ./Drivers/STM32F4xx_HAL_Driver/Src/stm32f4xx_hal_tim.o
 .debug_macro   0x0000000000022861      0x1e9 ./Drivers/STM32F4xx_HAL_Driver/Src/stm32f4xx_hal_tim_ex.o
 .debug_macro   0x0000000000022a4a      0x1e9 ./Drivers/STM32F4xx_HAL_Driver/Src/stm32f4xx_ll_fsmc.o

.debug_line     0x0000000000000000    0x13242
 .debug_line    0x0000000000000000      0x804 ./Core/Src/button.o
 .debug_line    0x0000000000000804      0xccd ./Core/Src/fsm_traffic_light.o
 .debug_line    0x00000000000014d1      0x7f5 ./Core/Src/fsmc.o
 .debug_line    0x0000000000001cc6      0x753 ./Core/Src/gpio.o
 .debug_line    0x0000000000002419      0xf80 ./Core/Src/lcd.o
 .debug_line    0x0000000000003399      0x7f0 ./Core/Src/led_7seg.o
 .debug_line    0x0000000000003b89      0xbda ./Core/Src/led_control.o
 .debug_line    0x0000000000004763      0xa6e ./Core/Src/main.o
 .debug_line    0x00000000000051d1      0x7ba ./Core/Src/software_timer.o
 .debug_line    0x000000000000598b      0x766 ./Core/Src/spi.o
 .debug_line    0x00000000000060f1      0x6f5 ./Core/Src/stm32f4xx_hal_msp.o
 .debug_line    0x00000000000067e6      0x7cf ./Core/Src/stm32f4xx_it.o
 .debug_line    0x0000000000006fb5      0x776 ./Core/Src/system_stm32f4xx.o
 .debug_line    0x000000000000772b      0x762 ./Core/Src/tim.o
 .debug_line    0x0000000000007e8d       0x88 ./Core/Startup/startup_stm32f407zetx.o
 .debug_line    0x0000000000007f15      0x9dc ./Drivers/STM32F4xx_HAL_Driver/Src/stm32f4xx_hal.o
 .debug_line    0x00000000000088f1      0xc8b ./Drivers/STM32F4xx_HAL_Driver/Src/stm32f4xx_hal_cortex.o
 .debug_line    0x000000000000957c      0xb52 ./Drivers/STM32F4xx_HAL_Driver/Src/stm32f4xx_hal_gpio.o
 .debug_line    0x000000000000a0ce      0xd58 ./Drivers/STM32F4xx_HAL_Driver/Src/stm32f4xx_hal_rcc.o
 .debug_line    0x000000000000ae26     0x1c64 ./Drivers/STM32F4xx_HAL_Driver/Src/stm32f4xx_hal_spi.o
 .debug_line    0x000000000000ca8a      0xb7e ./Drivers/STM32F4xx_HAL_Driver/Src/stm32f4xx_hal_sram.o
 .debug_line    0x000000000000d608     0x36d0 ./Drivers/STM32F4xx_HAL_Driver/Src/stm32f4xx_hal_tim.o
 .debug_line    0x0000000000010cd8     0x19d9 ./Drivers/STM32F4xx_HAL_Driver/Src/stm32f4xx_hal_tim_ex.o
 .debug_line    0x00000000000126b1      0xb91 ./Drivers/STM32F4xx_HAL_Driver/Src/stm32f4xx_ll_fsmc.o

.debug_str      0x0000000000000000    0xcd449
 .debug_str     0x0000000000000000    0xc6314 ./Core/Src/button.o
                                      0xc668b (size before relaxing)
 .debug_str     0x00000000000c6314     0x3740 ./Core/Src/fsm_traffic_light.o
                                      0xc9d38 (size before relaxing)
 .debug_str     0x00000000000c9a54      0x3dc ./Core/Src/fsmc.o
                                      0xc6490 (size before relaxing)
 .debug_str     0x00000000000c9e30       0x3c ./Core/Src/gpio.o
                                      0xc5f6e (size before relaxing)
 .debug_str     0x00000000000c9e6c      0x27b ./Core/Src/lcd.o
                                      0xc95b1 (size before relaxing)
 .debug_str     0x00000000000ca0e7       0x88 ./Core/Src/led_7seg.o
                                      0xc62cf (size before relaxing)
 .debug_str     0x00000000000ca16f       0xd2 ./Core/Src/led_control.o
                                      0xc93bd (size before relaxing)
 .debug_str     0x00000000000ca241      0x1fb ./Core/Src/main.o
                                      0xca029 (size before relaxing)
 .debug_str     0x00000000000ca43c       0x5f ./Core/Src/software_timer.o
                                      0xc6609 (size before relaxing)
 .debug_str     0x00000000000ca49b       0x4b ./Core/Src/spi.o
                                      0xc63cb (size before relaxing)
 .debug_str     0x00000000000ca4e6       0x2c ./Core/Src/stm32f4xx_hal_msp.o
                                      0xc5ed1 (size before relaxing)
 .debug_str     0x00000000000ca512       0xcd ./Core/Src/stm32f4xx_it.o
                                      0xc6396 (size before relaxing)
 .debug_str     0x00000000000ca5df       0xaf ./Core/Src/system_stm32f4xx.o
                                      0xc5d21 (size before relaxing)
 .debug_str     0x00000000000ca68e      0x5c8 ./Core/Src/tim.o
                                      0xc69ee (size before relaxing)
 .debug_str     0x00000000000cac56       0x36 ./Core/Startup/startup_stm32f407zetx.o
                                         0xa2 (size before relaxing)
 .debug_str     0x00000000000cac8c      0x583 ./Drivers/STM32F4xx_HAL_Driver/Src/stm32f4xx_hal.o
                                      0xc6803 (size before relaxing)
 .debug_str     0x00000000000cb20f      0x399 ./Drivers/STM32F4xx_HAL_Driver/Src/stm32f4xx_hal_cortex.o
                                      0xc65f2 (size before relaxing)
 .debug_str     0x00000000000cb5a8      0x15a ./Drivers/STM32F4xx_HAL_Driver/Src/stm32f4xx_hal_gpio.o
                                      0xc5ec8 (size before relaxing)
 .debug_str     0x00000000000cb702      0x259 ./Drivers/STM32F4xx_HAL_Driver/Src/stm32f4xx_hal_rcc.o
                                      0xc6123 (size before relaxing)
 .debug_str     0x00000000000cb95b      0x57f ./Drivers/STM32F4xx_HAL_Driver/Src/stm32f4xx_hal_spi.o
                                      0xc65c5 (size before relaxing)
 .debug_str     0x00000000000cbeda      0x1b4 ./Drivers/STM32F4xx_HAL_Driver/Src/stm32f4xx_hal_sram.o
                                      0xc623b (size before relaxing)
 .debug_str     0x00000000000cc08e      0xdc8 ./Drivers/STM32F4xx_HAL_Driver/Src/stm32f4xx_hal_tim.o
                                      0xc7050 (size before relaxing)
 .debug_str     0x00000000000cce56      0x4ee ./Drivers/STM32F4xx_HAL_Driver/Src/stm32f4xx_hal_tim_ex.o
                                      0xc6801 (size before relaxing)
 .debug_str     0x00000000000cd344      0x105 ./Drivers/STM32F4xx_HAL_Driver/Src/stm32f4xx_ll_fsmc.o
                                      0xc6102 (size before relaxing)

.comment        0x0000000000000000       0x53
 .comment       0x0000000000000000       0x53 ./Core/Src/button.o
                                         0x54 (size before relaxing)
 .comment       0x0000000000000053       0x54 ./Core/Src/fsm_traffic_light.o
 .comment       0x0000000000000053       0x54 ./Core/Src/fsmc.o
 .comment       0x0000000000000053       0x54 ./Core/Src/gpio.o
 .comment       0x0000000000000053       0x54 ./Core/Src/lcd.o
 .comment       0x0000000000000053       0x54 ./Core/Src/led_7seg.o
 .comment       0x0000000000000053       0x54 ./Core/Src/led_control.o
 .comment       0x0000000000000053       0x54 ./Core/Src/main.o
 .comment       0x0000000000000053       0x54 ./Core/Src/software_timer.o
 .comment       0x0000000000000053       0x54 ./Core/Src/spi.o
 .comment       0x0000000000000053       0x54 ./Core/Src/stm32f4xx_hal_msp.o
 .comment       0x0000000000000053       0x54 ./Core/Src/stm32f4xx_it.o
 .comment       0x0000000000000053       0x54 ./Core/Src/system_stm32f4xx.o
 .comment       0x0000000000000053       0x54 ./Core/Src/tim.o
 .comment       0x0000000000000053       0x54 ./Drivers/STM32F4xx_HAL_Driver/Src/stm32f4xx_hal.o
 .comment       0x0000000000000053       0x54 ./Drivers/STM32F4xx_HAL_Driver/Src/stm32f4xx_hal_cortex.o
 .comment       0x0000000000000053       0x54 ./Drivers/STM32F4xx_HAL_Driver/Src/stm32f4xx_hal_gpio.o
 .comment       0x0000000000000053       0x54 ./Drivers/STM32F4xx_HAL_Driver/Src/stm32f4xx_hal_rcc.o
 .comment       0x0000000000000053       0x54 ./Drivers/STM32F4xx_HAL_Driver/Src/stm32f4xx_hal_spi.o
 .comment       0x0000000000000053       0x54 ./Drivers/STM32F4xx_HAL_Driver/Src/stm32f4xx_hal_sram.o
 .comment       0x0000000000000053       0x54 ./Drivers/STM32F4xx_HAL_Driver/Src/stm32f4xx_hal_tim.o
 .comment       0x0000000000000053       0x54 ./Drivers/STM32F4xx_HAL_Driver/Src/stm32f4xx_hal_tim_ex.o
 .comment       0x0000000000000053       0x54 ./Drivers/STM32F4xx_HAL_Driver/Src/stm32f4xx_ll_fsmc.o

.debug_frame    0x0000000000000000     0x3ee8
 .debug_frame   0x0000000000000000       0xa0 ./Core/Src/button.o
 .debug_frame   0x00000000000000a0       0xfc ./Core/Src/fsm_traffic_light.o
 .debug_frame   0x000000000000019c       0xbc ./Core/Src/fsmc.o
 .debug_frame   0x0000000000000258       0x34 ./Core/Src/gpio.o
 .debug_frame   0x000000000000028c      0x394 ./Core/Src/lcd.o
 .debug_frame   0x0000000000000620       0xe8 ./Core/Src/led_7seg.o
 .debug_frame   0x0000000000000708       0xb4 ./Core/Src/led_control.o
 .debug_frame   0x00000000000007bc      0x118 ./Core/Src/main.o
 .debug_frame   0x00000000000008d4       0xc4 ./Core/Src/software_timer.o
 .debug_frame   0x0000000000000998       0x74 ./Core/Src/spi.o
 .debug_frame   0x0000000000000a0c       0x38 ./Core/Src/stm32f4xx_hal_msp.o
 .debug_frame   0x0000000000000a44      0x120 ./Core/Src/stm32f4xx_it.o
 .debug_frame   0x0000000000000b64       0x58 ./Core/Src/system_stm32f4xx.o
 .debug_frame   0x0000000000000bbc       0x7c ./Core/Src/tim.o
 .debug_frame   0x0000000000000c38      0x374 ./Drivers/STM32F4xx_HAL_Driver/Src/stm32f4xx_hal.o
 .debug_frame   0x0000000000000fac      0x498 ./Drivers/STM32F4xx_HAL_Driver/Src/stm32f4xx_hal_cortex.o
 .debug_frame   0x0000000000001444      0x14c ./Drivers/STM32F4xx_HAL_Driver/Src/stm32f4xx_hal_gpio.o
 .debug_frame   0x0000000000001590      0x1f0 ./Drivers/STM32F4xx_HAL_Driver/Src/stm32f4xx_hal_rcc.o
 .debug_frame   0x0000000000001780      0x824 ./Drivers/STM32F4xx_HAL_Driver/Src/stm32f4xx_hal_spi.o
 .debug_frame   0x0000000000001fa4      0x2a0 ./Drivers/STM32F4xx_HAL_Driver/Src/stm32f4xx_hal_sram.o
 .debug_frame   0x0000000000002244     0x11c4 ./Drivers/STM32F4xx_HAL_Driver/Src/stm32f4xx_hal_tim.o
 .debug_frame   0x0000000000003408      0x638 ./Drivers/STM32F4xx_HAL_Driver/Src/stm32f4xx_hal_tim_ex.o
 .debug_frame   0x0000000000003a40      0x2dc ./Drivers/STM32F4xx_HAL_Driver/Src/stm32f4xx_ll_fsmc.o
 .debug_frame   0x0000000000003d1c       0x2c c:/st/stm32cubeide_1.7.0/stm32cubeide/plugins/com.st.stm32cube.ide.mcu.externaltools.gnu-tools-for-stm32.9-2020-q2-update.win32_2.0.0.202105311346/tools/bin/../lib/gcc/arm-none-eabi/9.3.1/../../../../arm-none-eabi/lib/thumb/v7e-m+fp/hard\libc_nano.a(lib_a-init.o)
 .debug_frame   0x0000000000003d48       0x20 c:/st/stm32cubeide_1.7.0/stm32cubeide/plugins/com.st.stm32cube.ide.mcu.externaltools.gnu-tools-for-stm32.9-2020-q2-update.win32_2.0.0.202105311346/tools/bin/../lib/gcc/arm-none-eabi/9.3.1/../../../../arm-none-eabi/lib/thumb/v7e-m+fp/hard\libc_nano.a(lib_a-memset.o)
 .debug_frame   0x0000000000003d68       0xac c:/st/stm32cubeide_1.7.0/stm32cubeide/plugins/com.st.stm32cube.ide.mcu.externaltools.gnu-tools-for-stm32.9-2020-q2-update.win32_2.0.0.202105311346/tools/bin/../lib/gcc/arm-none-eabi/9.3.1/thumb/v7e-m+fp/hard\libgcc.a(_arm_addsubdf3.o)
 .debug_frame   0x0000000000003e14       0x50 c:/st/stm32cubeide_1.7.0/stm32cubeide/plugins/com.st.stm32cube.ide.mcu.externaltools.gnu-tools-for-stm32.9-2020-q2-update.win32_2.0.0.202105311346/tools/bin/../lib/gcc/arm-none-eabi/9.3.1/thumb/v7e-m+fp/hard\libgcc.a(_arm_muldivdf3.o)
 .debug_frame   0x0000000000003e64       0x24 c:/st/stm32cubeide_1.7.0/stm32cubeide/plugins/com.st.stm32cube.ide.mcu.externaltools.gnu-tools-for-stm32.9-2020-q2-update.win32_2.0.0.202105311346/tools/bin/../lib/gcc/arm-none-eabi/9.3.1/thumb/v7e-m+fp/hard\libgcc.a(_arm_fixunsdfsi.o)
 .debug_frame   0x0000000000003e88       0x2c c:/st/stm32cubeide_1.7.0/stm32cubeide/plugins/com.st.stm32cube.ide.mcu.externaltools.gnu-tools-for-stm32.9-2020-q2-update.win32_2.0.0.202105311346/tools/bin/../lib/gcc/arm-none-eabi/9.3.1/thumb/v7e-m+fp/hard\libgcc.a(_aeabi_uldivmod.o)
 .debug_frame   0x0000000000003eb4       0x34 c:/st/stm32cubeide_1.7.0/stm32cubeide/plugins/com.st.stm32cube.ide.mcu.externaltools.gnu-tools-for-stm32.9-2020-q2-update.win32_2.0.0.202105311346/tools/bin/../lib/gcc/arm-none-eabi/9.3.1/thumb/v7e-m+fp/hard\libgcc.a(_udivmoddi4.o)
