Archive member included to satisfy reference by file (symbol)

c:/st/stm32cubeide_1.7.0/stm32cubeide/plugins/com.st.stm32cube.ide.mcu.externaltools.gnu-tools-for-stm32.9-2020-q2-update.win32_2.0.0.202105311346/tools/bin/../lib/gcc/arm-none-eabi/9.3.1/../../../../arm-none-eabi/lib/thumb/v7e-m+fp/hard\libc_nano.a(lib_a-errno.o)
                              ./Core/Src/syscalls.o (__errno)
c:/st/stm32cubeide_1.7.0/stm32cubeide/plugins/com.st.stm32cube.ide.mcu.externaltools.gnu-tools-for-stm32.9-2020-q2-update.win32_2.0.0.202105311346/tools/bin/../lib/gcc/arm-none-eabi/9.3.1/../../../../arm-none-eabi/lib/thumb/v7e-m+fp/hard\libc_nano.a(lib_a-exit.o)
                              c:/st/stm32cubeide_1.7.0/stm32cubeide/plugins/com.st.stm32cube.ide.mcu.externaltools.gnu-tools-for-stm32.9-2020-q2-update.win32_2.0.0.202105311346/tools/bin/../lib/gcc/arm-none-eabi/9.3.1/../../../../arm-none-eabi/lib/thumb/v7e-m+fp/hard/crt0.o (exit)
c:/st/stm32cubeide_1.7.0/stm32cubeide/plugins/com.st.stm32cube.ide.mcu.externaltools.gnu-tools-for-stm32.9-2020-q2-update.win32_2.0.0.202105311346/tools/bin/../lib/gcc/arm-none-eabi/9.3.1/../../../../arm-none-eabi/lib/thumb/v7e-m+fp/hard\libc_nano.a(lib_a-impure.o)
                              c:/st/stm32cubeide_1.7.0/stm32cubeide/plugins/com.st.stm32cube.ide.mcu.externaltools.gnu-tools-for-stm32.9-2020-q2-update.win32_2.0.0.202105311346/tools/bin/../lib/gcc/arm-none-eabi/9.3.1/../../../../arm-none-eabi/lib/thumb/v7e-m+fp/hard\libc_nano.a(lib_a-exit.o) (_global_impure_ptr)
c:/st/stm32cubeide_1.7.0/stm32cubeide/plugins/com.st.stm32cube.ide.mcu.externaltools.gnu-tools-for-stm32.9-2020-q2-update.win32_2.0.0.202105311346/tools/bin/../lib/gcc/arm-none-eabi/9.3.1/../../../../arm-none-eabi/lib/thumb/v7e-m+fp/hard\libc_nano.a(lib_a-init.o)
                              c:/st/stm32cubeide_1.7.0/stm32cubeide/plugins/com.st.stm32cube.ide.mcu.externaltools.gnu-tools-for-stm32.9-2020-q2-update.win32_2.0.0.202105311346/tools/bin/../lib/gcc/arm-none-eabi/9.3.1/../../../../arm-none-eabi/lib/thumb/v7e-m+fp/hard/crt0.o (__libc_init_array)
c:/st/stm32cubeide_1.7.0/stm32cubeide/plugins/com.st.stm32cube.ide.mcu.externaltools.gnu-tools-for-stm32.9-2020-q2-update.win32_2.0.0.202105311346/tools/bin/../lib/gcc/arm-none-eabi/9.3.1/../../../../arm-none-eabi/lib/thumb/v7e-m+fp/hard\libc_nano.a(lib_a-memset.o)
                              c:/st/stm32cubeide_1.7.0/stm32cubeide/plugins/com.st.stm32cube.ide.mcu.externaltools.gnu-tools-for-stm32.9-2020-q2-update.win32_2.0.0.202105311346/tools/bin/../lib/gcc/arm-none-eabi/9.3.1/../../../../arm-none-eabi/lib/thumb/v7e-m+fp/hard/crt0.o (memset)
c:/st/stm32cubeide_1.7.0/stm32cubeide/plugins/com.st.stm32cube.ide.mcu.externaltools.gnu-tools-for-stm32.9-2020-q2-update.win32_2.0.0.202105311346/tools/bin/../lib/gcc/arm-none-eabi/9.3.1/../../../../arm-none-eabi/lib/thumb/v7e-m+fp/hard\libc_nano.a(lib_a-strlen.o)
                              ./Core/Src/lcd.o (strlen)
c:/st/stm32cubeide_1.7.0/stm32cubeide/plugins/com.st.stm32cube.ide.mcu.externaltools.gnu-tools-for-stm32.9-2020-q2-update.win32_2.0.0.202105311346/tools/bin/../lib/gcc/arm-none-eabi/9.3.1/thumb/v7e-m+fp/hard\libgcc.a(_arm_addsubdf3.o)
                              ./Core/Src/software_timer.o (__aeabi_ui2d)
c:/st/stm32cubeide_1.7.0/stm32cubeide/plugins/com.st.stm32cube.ide.mcu.externaltools.gnu-tools-for-stm32.9-2020-q2-update.win32_2.0.0.202105311346/tools/bin/../lib/gcc/arm-none-eabi/9.3.1/thumb/v7e-m+fp/hard\libgcc.a(_arm_muldivdf3.o)
                              ./Core/Src/software_timer.o (__aeabi_ddiv)
c:/st/stm32cubeide_1.7.0/stm32cubeide/plugins/com.st.stm32cube.ide.mcu.externaltools.gnu-tools-for-stm32.9-2020-q2-update.win32_2.0.0.202105311346/tools/bin/../lib/gcc/arm-none-eabi/9.3.1/thumb/v7e-m+fp/hard\libgcc.a(_arm_fixunsdfsi.o)
                              ./Core/Src/software_timer.o (__aeabi_d2uiz)
c:/st/stm32cubeide_1.7.0/stm32cubeide/plugins/com.st.stm32cube.ide.mcu.externaltools.gnu-tools-for-stm32.9-2020-q2-update.win32_2.0.0.202105311346/tools/bin/../lib/gcc/arm-none-eabi/9.3.1/thumb/v7e-m+fp/hard\libgcc.a(_aeabi_uldivmod.o)
                              ./Drivers/STM32F4xx_HAL_Driver/Src/stm32f4xx_hal_rcc.o (__aeabi_uldivmod)
c:/st/stm32cubeide_1.7.0/stm32cubeide/plugins/com.st.stm32cube.ide.mcu.externaltools.gnu-tools-for-stm32.9-2020-q2-update.win32_2.0.0.202105311346/tools/bin/../lib/gcc/arm-none-eabi/9.3.1/thumb/v7e-m+fp/hard\libgcc.a(_udivmoddi4.o)
                              c:/st/stm32cubeide_1.7.0/stm32cubeide/plugins/com.st.stm32cube.ide.mcu.externaltools.gnu-tools-for-stm32.9-2020-q2-update.win32_2.0.0.202105311346/tools/bin/../lib/gcc/arm-none-eabi/9.3.1/thumb/v7e-m+fp/hard\libgcc.a(_aeabi_uldivmod.o) (__udivmoddi4)
c:/st/stm32cubeide_1.7.0/stm32cubeide/plugins/com.st.stm32cube.ide.mcu.externaltools.gnu-tools-for-stm32.9-2020-q2-update.win32_2.0.0.202105311346/tools/bin/../lib/gcc/arm-none-eabi/9.3.1/thumb/v7e-m+fp/hard\libgcc.a(_dvmd_tls.o)
[...]
Memory Configuration

Name             Origin             Length             Attributes
CCMRAM           0x0000000010000000 0x0000000000010000 xrw
RAM              0x0000000020000000 0x0000000000020000 xrw
FLASH            0x0000000008000000 0x0000000000100000 xr
*default*        0x0000000000000000 0xffffffffffffffff

Linker script and memory map

LOAD c:/st/stm32cubeide_1.7.0/stm32cubeide/plugins/com.st.stm32cube.ide.mcu.externaltools.gnu-tools-for-stm32.9-2020-q2-update.win32_2.0.0.202105311346/tools/bin/../lib/gcc/arm-none-eabi/9.3.1/thumb/v7e-m+fp/hard/crti.o
LOAD c:/st/stm32cubeide_1.7.0/stm32cubeide/plugins/com.st.stm32cube.ide.mcu.externaltools.gnu-tools-for-stm32.9-2020-q2-update.win32_2.0.0.202105311346/tools/bin/../lib/gcc/arm-none-eabi/9.3.1/thumb/v7e-m+fp/hard/crtbegin.o
LOAD c:/st/stm32cubeide_1.7.0/stm32cubeide/plugins/com.st.stm32cube.ide.mcu.externaltools.gnu-tools-for-stm32.9-2020-q2-update.win32_2.0.0.202105311346/tools/bin/../lib/gcc/arm-none-eabi/9.3.1/../../../../arm-none-eabi/lib/thumb/v7e-m+fp/hard/crt0.o
LOAD ./Core/Src/button.o
LOAD ./Core/Src/ds3231.o
LOAD ./Core/Src/fsmc.o
LOAD ./Core/Src/gpio.o
LOAD ./Core/Src/i2c.o
LOAD ./Core/Src/lcd.o
LOAD ./Core/Src/led_7seg.o
LOAD ./Core/Src/main.o
LOAD ./Core/Src/my_clock.o
LOAD ./Core/Src/my_display.o
LOAD ./Core/Src/picture.o
LOAD ./Core/Src/software_timer.o
LOAD ./Core/Src/spi.o
LOAD ./Core/Src/stm32f4xx_hal_msp.o
LOAD ./Core/Src/stm32f4xx_it.o
LOAD ./Core/Src/syscalls.o
LOAD ./Core/Src/sysmem.o
LOAD ./Core/Src/system_stm32f4xx.o
LOAD ./Core/Src/tim.o
LOAD ./Core/Src/utils.o
LOAD ./Core/Startup/startup_stm32f407zetx.o
LOAD ./Drivers/STM32F4xx_HAL_Driver/Src/stm32f4xx_hal.o
LOAD ./Drivers/STM32F4xx_HAL_Driver/Src/stm32f4xx_hal_cortex.o
LOAD ./Drivers/STM32F4xx_HAL_Driver/Src/stm32f4xx_hal_dma.o
LOAD ./Drivers/STM32F4xx_HAL_Driver/Src/stm32f4xx_hal_dma_ex.o
LOAD ./Drivers/STM32F4xx_HAL_Driver/Src/stm32f4xx_hal_exti.o
LOAD ./Drivers/STM32F4xx_HAL_Driver/Src/stm32f4xx_hal_flash.o
LOAD ./Drivers/STM32F4xx_HAL_Driver/Src/stm32f4xx_hal_flash_ex.o
LOAD ./Drivers/STM32F4xx_HAL_Driver/Src/stm32f4xx_hal_flash_ramfunc.o
LOAD ./Drivers/STM32F4xx_HAL_Driver/Src/stm32f4xx_hal_gpio.o
LOAD ./Drivers/STM32F4xx_HAL_Driver/Src/stm32f4xx_hal_i2c.o
LOAD ./Drivers/STM32F4xx_HAL_Driver/Src/stm32f4xx_hal_i2c_ex.o
LOAD ./Drivers/STM32F4xx_HAL_Driver/Src/stm32f4xx_hal_pwr.o
LOAD ./Drivers/STM32F4xx_HAL_Driver/Src/stm32f4xx_hal_pwr_ex.o
LOAD ./Drivers/STM32F4xx_HAL_Driver/Src/stm32f4xx_hal_rcc.o
LOAD ./Drivers/STM32F4xx_HAL_Driver/Src/stm32f4xx_hal_rcc_ex.o
LOAD ./Drivers/STM32F4xx_HAL_Driver/Src/stm32f4xx_hal_spi.o
LOAD ./Drivers/STM32F4xx_HAL_Driver/Src/stm32f4xx_hal_sram.o
LOAD ./Drivers/STM32F4xx_HAL_Driver/Src/stm32f4xx_hal_tim.o
LOAD ./Drivers/STM32F4xx_HAL_Driver/Src/stm32f4xx_hal_tim_ex.o
LOAD ./Drivers/STM32F4xx_HAL_Driver/Src/stm32f4xx_ll_fsmc.o
START GROUP
LOAD c:/st/stm32cubeide_1.7.0/stm32cubeide/plugins/com.st.stm32cube.ide.mcu.externaltools.gnu-tools-for-stm32.9-2020-q2-update.win32_2.0.0.202105311346/tools/bin/../lib/gcc/arm-none-eabi/9.3.1/../../../../arm-none-eabi/lib/thumb/v7e-m+fp/hard\libc_nano.a
LOAD c:/st/stm32cubeide_1.7.0/stm32cubeide/plugins/com.st.stm32cube.ide.mcu.externaltools.gnu-tools-for-stm32.9-2020-q2-update.win32_2.0.0.202105311346/tools/bin/../lib/gcc/arm-none-eabi/9.3.1/../../../../arm-none-eabi/lib/thumb/v7e-m+fp/hard\libm.a
END GROUP
START GROUP
LOAD c:/st/stm32cubeide_1.7.0/stm32cubeide/plugins/com.st.stm32cube.ide.mcu.externaltools.gnu-tools-for-stm32.9-2020-q2-update.win32_2.0.0.202105311346/tools/bin/../lib/gcc/arm-none-eabi/9.3.1/thumb/v7e-m+fp/hard\libgcc.a
LOAD c:/st/stm32cubeide_1.7.0/stm32cubeide/plugins/com.st.stm32cube.ide.mcu.externaltools.gnu-tools-for-stm32.9-2020-q2-update.win32_2.0.0.202105311346/tools/bin/../lib/gcc/arm-none-eabi/9.3.1/../../../../arm-none-eabi/lib/thumb/v7e-m+fp/hard\libc_nano.a
END GROUP
START GROUP
LOAD c:/st/stm32cubeide_1.7.0/stm32cubeide/plugins/com.st.stm32cube.ide.mcu.externaltools.gnu-tools-for-stm32.9-2020-q2-update.win32_2.0.0.202105311346/tools/bin/../lib/gcc/arm-none-eabi/9.3.1/thumb/v7e-m+fp/hard\libgcc.a
LOAD c:/st/stm32cubeide_1.7.0/stm32cubeide/plugins/com.st.stm32cube.ide.mcu.externaltools.gnu-tools-for-stm32.9-2020-q2-update.win32_2.0.0.202105311346/tools/bin/../lib/gcc/arm-none-eabi/9.3.1/../../../../arm-none-eabi/lib/thumb/v7e-m+fp/hard\libc_nano.a
LOAD c:/st/stm32cubeide_1.7.0/stm32cubeide/plugins/com.st.stm32cube.ide.mcu.externaltools.gnu-tools-for-stm32.9-2020-q2-update.win32_2.0.0.202105311346/tools/bin/../lib/gcc/arm-none-eabi/9.3.1/../../../../arm-none-eabi/lib/thumb/v7e-m+fp/hard\libnosys.a
END GROUP
START GROUP
LOAD c:/st/stm32cubeide_1.7.0/stm32cubeide/plugins/com.st.stm32cube.ide.mcu.externaltools.gnu-tools-for-stm32.9-2020-q2-update.win32_2.0.0.202105311346/tools/bin/../lib/gcc/arm-none-eabi/9.3.1/thumb/v7e-m+fp/hard\libgcc.a
LOAD c:/st/stm32cubeide_1.7.0/stm32cubeide/plugins/com.st.stm32cube.ide.mcu.externaltools.gnu-tools-for-stm32.9-2020-q2-update.win32_2.0.0.202105311346/tools/bin/../lib/gcc/arm-none-eabi/9.3.1/../../../../arm-none-eabi/lib/thumb/v7e-m+fp/hard\libc_nano.a
LOAD c:/st/stm32cubeide_1.7.0/stm32cubeide/plugins/com.st.stm32cube.ide.mcu.externaltools.gnu-tools-for-stm32.9-2020-q2-update.win32_2.0.0.202105311346/tools/bin/../lib/gcc/arm-none-eabi/9.3.1/../../../../arm-none-eabi/lib/thumb/v7e-m+fp/hard\libnosys.a
END GROUP
LOAD c:/st/stm32cubeide_1.7.0/stm32cubeide/plugins/com.st.stm32cube.ide.mcu.externaltools.gnu-tools-for-stm32.9-2020-q2-update.win32_2.0.0.202105311346/tools/bin/../lib/gcc/arm-none-eabi/9.3.1/thumb/v7e-m+fp/hard/crtend.o
LOAD c:/st/stm32cubeide_1.7.0/stm32cubeide/plugins/com.st.stm32cube.ide.mcu.externaltools.gnu-tools-for-stm32.9-2020-q2-update.win32_2.0.0.202105311346/tools/bin/../lib/gcc/arm-none-eabi/9.3.1/thumb/v7e-m+fp/hard/crtn.o
                0x0000000020020000                _estack = (ORIGIN (RAM) + LENGTH (RAM))
                0x0000000000000200                _Min_Heap_Size = 0x200
                0x0000000000000400                _Min_Stack_Size = 0x400

.isr_vector     0x0000000008000000      0x188
                0x0000000008000000                . = ALIGN (0x4)
 *(.isr_vector)
 .isr_vector    0x0000000008000000      0x188 ./Core/Startup/startup_stm32f407zetx.o
                0x0000000008000000                g_pfnVectors
                0x0000000008000188                . = ALIGN (0x4)

.text           0x0000000008000188     0x6bbc
                0x0000000008000188                . = ALIGN (0x4)
 *(.text)
 .text          0x0000000008000188       0x40 c:/st/stm32cubeide_1.7.0/stm32cubeide/plugins/com.st.stm32cube.ide.mcu.externaltools.gnu-tools-for-stm32.9-2020-q2-update.win32_2.0.0.202105311346/tools/bin/../lib/gcc/arm-none-eabi/9.3.1/thumb/v7e-m+fp/hard/crtbegin.o
 .text          0x00000000080001c8      0x378 c:/st/stm32cubeide_1.7.0/stm32cubeide/plugins/com.st.stm32cube.ide.mcu.externaltools.gnu-tools-for-stm32.9-2020-q2-update.win32_2.0.0.202105311346/tools/bin/../lib/gcc/arm-none-eabi/9.3.1/thumb/v7e-m+fp/hard\libgcc.a(_arm_addsubdf3.o)
                0x00000000080001c8                __aeabi_drsub
                0x00000000080001d0                __aeabi_dsub
                0x00000000080001d0                __subdf3
                0x00000000080001d4                __aeabi_dadd
                0x00000000080001d4                __adddf3
                0x000000000800044c                __floatunsidf
                0x000000000800044c                __aeabi_ui2d
                0x000000000800046c                __floatsidf
                0x000000000800046c                __aeabi_i2d
                0x0000000008000490                __aeabi_f2d
                0x0000000008000490                __extendsfdf2
                0x00000000080004d4                __floatundidf
                0x00000000080004d4                __aeabi_ul2d
                0x00000000080004e4                __floatdidf
                0x00000000080004e4                __aeabi_l2d
 .text          0x0000000008000540      0x424 c:/st/stm32cubeide_1.7.0/stm32cubeide/plugins/com.st.stm32cube.ide.mcu.externaltools.gnu-tools-for-stm32.9-2020-q2-update.win32_2.0.0.202105311346/tools/bin/../lib/gcc/arm-none-eabi/9.3.1/thumb/v7e-m+fp/hard\libgcc.a(_arm_muldivdf3.o)
                0x0000000008000540                __aeabi_dmul
                0x0000000008000540                __muldf3
                0x0000000008000794                __divdf3
                0x0000000008000794                __aeabi_ddiv
 .text          0x0000000008000964       0x40 c:/st/stm32cubeide_1.7.0/stm32cubeide/plugins/com.st.stm32cube.ide.mcu.externaltools.gnu-tools-for-stm32.9-2020-q2-update.win32_2.0.0.202105311346/tools/bin/../lib/gcc/arm-none-eabi/9.3.1/thumb/v7e-m+fp/hard\libgcc.a(_arm_fixunsdfsi.o)
                0x0000000008000964                __aeabi_d2uiz
                0x0000000008000964                __fixunsdfsi
 .text          0x00000000080009a4       0x30 c:/st/stm32cubeide_1.7.0/stm32cubeide/plugins/com.st.stm32cube.ide.mcu.externaltools.gnu-tools-for-stm32.9-2020-q2-update.win32_2.0.0.202105311346/tools/bin/../lib/gcc/arm-none-eabi/9.3.1/thumb/v7e-m+fp/hard\libgcc.a(_aeabi_uldivmod.o)
                0x00000000080009a4                __aeabi_uldivmod
 .text          0x00000000080009d4      0x2c4 c:/st/stm32cubeide_1.7.0/stm32cubeide/plugins/com.st.stm32cube.ide.mcu.externaltools.gnu-tools-for-stm32.9-2020-q2-update.win32_2.0.0.202105311346/tools/bin/../lib/gcc/arm-none-eabi/9.3.1/thumb/v7e-m+fp/hard\libgcc.a(_udivmoddi4.o)
                0x00000000080009d4                __udivmoddi4
 .text          0x0000000008000c98        0x4 c:/st/stm32cubeide_1.7.0/stm32cubeide/plugins/com.st.stm32cube.ide.mcu.externaltools.gnu-tools-for-stm32.9-2020-q2-update.win32_2.0.0.202105311346/tools/bin/../lib/gcc/arm-none-eabi/9.3.1/thumb/v7e-m+fp/hard\libgcc.a(_dvmd_tls.o)
                0x0000000008000c98                __aeabi_idiv0
                0x0000000008000c98                __aeabi_ldiv0
 *(.text*)
 .text.button_init
                0x0000000008000c9c       0x18 ./Core/Src/button.o
                0x0000000008000c9c                button_init
 .text.button_Scan
                0x0000000008000cb4       0xd8 ./Core/Src/button.o
                0x0000000008000cb4                button_Scan
 .text.is_button_pressed
                0x0000000008000d8c       0x38 ./Core/Src/button.o
                0x0000000008000d8c                is_button_pressed
 .text.is_button_long_pressed
                0x0000000008000dc4       0x40 ./Core/Src/button.o
                0x0000000008000dc4                is_button_long_pressed
 .text.ds3231_init
                0x0000000008000e04       0x88 ./Core/Src/ds3231.o
                0x0000000008000e04                ds3231_init
 .text.ds3231_Write
                0x0000000008000e8c       0x44 ./Core/Src/ds3231.o
                0x0000000008000e8c                ds3231_Write
 .text.ds3231_ReadTime
                0x0000000008000ed0       0xc8 ./Core/Src/ds3231.o
                0x0000000008000ed0                ds3231_ReadTime
 .text.MX_FSMC_Init
                0x0000000008000f98       0xf4 ./Core/Src/fsmc.o
                0x0000000008000f98                MX_FSMC_Init
 .text.HAL_FSMC_MspInit
                0x000000000800108c       0x98 ./Core/Src/fsmc.o
 .text.HAL_SRAM_MspInit
                0x0000000008001124       0x14 ./Core/Src/fsmc.o
                0x0000000008001124                HAL_SRAM_MspInit
 .text.MX_GPIO_Init
                0x0000000008001138      0x1f0 ./Core/Src/gpio.o
                0x0000000008001138                MX_GPIO_Init
 .text.MX_I2C1_Init
                0x0000000008001328       0x5c ./Core/Src/i2c.o
                0x0000000008001328                MX_I2C1_Init
 .text.HAL_I2C_MspInit
                0x0000000008001384       0x90 ./Core/Src/i2c.o
                0x0000000008001384                HAL_I2C_MspInit
 .text.LCD_WR_REG
                0x0000000008001414       0x20 ./Core/Src/lcd.o
                0x0000000008001414                LCD_WR_REG
 .text.LCD_WR_DATA
                0x0000000008001434       0x20 ./Core/Src/lcd.o
                0x0000000008001434                LCD_WR_DATA
 .text.LCD_RD_DATA
                0x0000000008001454       0x24 ./Core/Src/lcd.o
                0x0000000008001454                LCD_RD_DATA
 .text.lcd_AddressSet
                0x0000000008001478       0x98 ./Core/Src/lcd.o
                0x0000000008001478                lcd_AddressSet
 .text.lcd_Clear
                0x0000000008001510       0x74 ./Core/Src/lcd.o
                0x0000000008001510                lcd_Clear
 .text.lcd_DrawPoint
                0x0000000008001584       0x2e ./Core/Src/lcd.o
                0x0000000008001584                lcd_DrawPoint
 *fill*         0x00000000080015b2        0x2 
 .text.lcd_ShowChar
                0x00000000080015b4      0x1a0 ./Core/Src/lcd.o
                0x00000000080015b4                lcd_ShowChar
 .text.mypow    0x0000000008001754       0x38 ./Core/Src/lcd.o
                0x0000000008001754                mypow
 .text.lcd_ShowIntNum
                0x000000000800178c       0xfc ./Core/Src/lcd.o
                0x000000000800178c                lcd_ShowIntNum
 .text.lcd_SetDir
                0x0000000008001888       0x48 ./Core/Src/lcd.o
                0x0000000008001888                lcd_SetDir
 .text.lcd_init
                0x00000000080018d0      0x2c0 ./Core/Src/lcd.o
                0x00000000080018d0                lcd_init
 .text.lcd_ShowStr
                0x0000000008001b90       0xc8 ./Core/Src/lcd.o
                0x0000000008001b90                lcd_ShowStr
 .text.main     0x0000000008001c58       0x46 ./Core/Src/main.o
                0x0000000008001c58                main
 *fill*         0x0000000008001c9e        0x2 
 .text.SystemClock_Config
                0x0000000008001ca0       0xd4 ./Core/Src/main.o
                0x0000000008001ca0                SystemClock_Config
 .text.system_init
                0x0000000008001d74       0x3c ./Core/Src/main.o
                0x0000000008001d74                system_init
 .text.Error_Handler
                0x0000000008001db0        0xa ./Core/Src/main.o
                0x0000000008001db0                Error_Handler
 *fill*         0x0000000008001dba        0x2 
 .text.alarm    0x0000000008001dbc      0x144 ./Core/Src/my_clock.o
                0x0000000008001dbc                alarm
 .text.fsm_clock
                0x0000000008001f00       0x50 ./Core/Src/my_clock.o
                0x0000000008001f00                fsm_clock
 .text.fsm_alarm
                0x0000000008001f50      0x310 ./Core/Src/my_clock.o
                0x0000000008001f50                fsm_alarm
 .text.fsm_changing
                0x0000000008002260      0x370 ./Core/Src/my_clock.o
                0x0000000008002260                fsm_changing
 .text.reset_str
                0x00000000080025d0       0x28 ./Core/Src/my_clock.o
                0x00000000080025d0                reset_str
 .text.button0_fsm
                0x00000000080025f8       0xac ./Core/Src/my_clock.o
                0x00000000080025f8                button0_fsm
 .text.button3_fsm
                0x00000000080026a4       0x64 ./Core/Src/my_clock.o
                0x00000000080026a4                button3_fsm
 .text.button2_fsm
                0x0000000008002708      0x1b0 ./Core/Src/my_clock.o
                0x0000000008002708                button2_fsm
 .text.increase_value
                0x00000000080028b8      0x170 ./Core/Src/my_clock.o
                0x00000000080028b8                increase_value
 .text.button1_fsm
                0x0000000008002a28       0xc4 ./Core/Src/my_clock.o
                0x0000000008002a28                button1_fsm
 .text.update_ds3231_register
                0x0000000008002aec       0x78 ./Core/Src/my_clock.o
                0x0000000008002aec                update_ds3231_register
 .text.update_clock
                0x0000000008002b64       0x80 ./Core/Src/my_clock.o
                0x0000000008002b64                update_clock
 .text.display_all_clock
                0x0000000008002be4       0x78 ./Core/Src/my_clock.o
                0x0000000008002be4                display_all_clock
 .text.display_mode
                0x0000000008002c5c       0x8c ./Core/Src/my_clock.o
                0x0000000008002c5c                display_mode
 .text.display_all_alarm
                0x0000000008002ce8       0x68 ./Core/Src/my_clock.o
                0x0000000008002ce8                display_all_alarm
 .text.init_box
                0x0000000008002d50       0x74 ./Core/Src/my_display.o
                0x0000000008002d50                init_box
 .text.dis_sec  0x0000000008002dc4       0x7c ./Core/Src/my_display.o
                0x0000000008002dc4                dis_sec
 .text.dis_min  0x0000000008002e40       0x7c ./Core/Src/my_display.o
                0x0000000008002e40                dis_min
 .text.dis_hour
                0x0000000008002ebc       0x7c ./Core/Src/my_display.o
                0x0000000008002ebc                dis_hour
 .text.dis_day  0x0000000008002f38       0xb4 ./Core/Src/my_display.o
                0x0000000008002f38                dis_day
 .text.dis_date
                0x0000000008002fec       0x7c ./Core/Src/my_display.o
                0x0000000008002fec                dis_date
 .text.dis_month
                0x0000000008003068       0x7c ./Core/Src/my_display.o
                0x0000000008003068                dis_month
 .text.dis_year
                0x00000000080030e4       0x7c ./Core/Src/my_display.o
                0x00000000080030e4                dis_year
 .text.display_text
                0x0000000008003160      0x17c ./Core/Src/my_display.o
                0x0000000008003160                display_text
 .text.timer_init
                0x00000000080032dc       0x14 ./Core/Src/software_timer.o
                0x00000000080032dc                timer_init
 .text.set_timer
                0x00000000080032f0       0x58 ./Core/Src/software_timer.o
                0x00000000080032f0                set_timer
 .text.HAL_TIM_PeriodElapsedCallback
                0x0000000008003348       0x14 ./Core/Src/software_timer.o
                0x0000000008003348                HAL_TIM_PeriodElapsedCallback
 .text.run_timer
                0x000000000800335c       0x64 ./Core/Src/software_timer.o
                0x000000000800335c                run_timer
 .text.flag_timer
                0x00000000080033c0       0x2c ./Core/Src/software_timer.o
                0x00000000080033c0                flag_timer
 .text.MX_SPI1_Init
                0x00000000080033ec       0x6c ./Core/Src/spi.o
                0x00000000080033ec                MX_SPI1_Init
 .text.HAL_SPI_MspInit
                0x0000000008003458       0x90 ./Core/Src/spi.o
                0x0000000008003458                HAL_SPI_MspInit
 .text.HAL_MspInit
                0x00000000080034e8       0x50 ./Core/Src/stm32f4xx_hal_msp.o
                0x00000000080034e8                HAL_MspInit
 .text.NMI_Handler
                0x0000000008003538        0x6 ./Core/Src/stm32f4xx_it.o
                0x0000000008003538                NMI_Handler
 .text.HardFault_Handler
                0x000000000800353e        0x6 ./Core/Src/stm32f4xx_it.o
                0x000000000800353e                HardFault_Handler
 .text.MemManage_Handler
                0x0000000008003544        0x6 ./Core/Src/stm32f4xx_it.o
                0x0000000008003544                MemManage_Handler
 .text.BusFault_Handler
                0x000000000800354a        0x6 ./Core/Src/stm32f4xx_it.o
                0x000000000800354a                BusFault_Handler
 .text.UsageFault_Handler
                0x0000000008003550        0x6 ./Core/Src/stm32f4xx_it.o
                0x0000000008003550                UsageFault_Handler
 .text.SVC_Handler
                0x0000000008003556        0xe ./Core/Src/stm32f4xx_it.o
                0x0000000008003556                SVC_Handler
 .text.DebugMon_Handler
                0x0000000008003564        0xe ./Core/Src/stm32f4xx_it.o
                0x0000000008003564                DebugMon_Handler
 .text.PendSV_Handler
                0x0000000008003572        0xe ./Core/Src/stm32f4xx_it.o
                0x0000000008003572                PendSV_Handler
 .text.SysTick_Handler
                0x0000000008003580        0xc ./Core/Src/stm32f4xx_it.o
                0x0000000008003580                SysTick_Handler
 .text.TIM2_IRQHandler
                0x000000000800358c       0x14 ./Core/Src/stm32f4xx_it.o
                0x000000000800358c                TIM2_IRQHandler
 .text.SystemInit
                0x00000000080035a0       0x24 ./Core/Src/system_stm32f4xx.o
                0x00000000080035a0                SystemInit
 .text.MX_TIM2_Init
                0x00000000080035c4       0x98 ./Core/Src/tim.o
                0x00000000080035c4                MX_TIM2_Init
 .text.HAL_TIM_Base_MspInit
                0x000000000800365c       0x4c ./Core/Src/tim.o
                0x000000000800365c                HAL_TIM_Base_MspInit
 .text.BCD2DEC  0x00000000080036a8       0x32 ./Core/Src/utils.o
                0x00000000080036a8                BCD2DEC
 *fill*         0x00000000080036da        0x2 
 .text.DEC2BCD  0x00000000080036dc       0x48 ./Core/Src/utils.o
                0x00000000080036dc                DEC2BCD
 .text.Reset_Handler
                0x0000000008003724       0x50 ./Core/Startup/startup_stm32f407zetx.o
                0x0000000008003724                Reset_Handler
 .text.Default_Handler
                0x0000000008003774        0x2 ./Core/Startup/startup_stm32f407zetx.o
                0x0000000008003774                RTC_Alarm_IRQHandler
                0x0000000008003774                HASH_RNG_IRQHandler
                0x0000000008003774                EXTI2_IRQHandler
                0x0000000008003774                TIM8_CC_IRQHandler
                0x0000000008003774                TIM1_CC_IRQHandler
                0x0000000008003774                DMA2_Stream5_IRQHandler
                0x0000000008003774                DMA1_Stream5_IRQHandler
                0x0000000008003774                PVD_IRQHandler
                0x0000000008003774                SDIO_IRQHandler
                0x0000000008003774                TAMP_STAMP_IRQHandler
                0x0000000008003774                CAN2_RX1_IRQHandler
                0x0000000008003774                EXTI3_IRQHandler
                0x0000000008003774                TIM8_TRG_COM_TIM14_IRQHandler
                0x0000000008003774                TIM1_UP_TIM10_IRQHandler
                0x0000000008003774                TIM8_UP_TIM13_IRQHandler
                0x0000000008003774                I2C3_ER_IRQHandler
                0x0000000008003774                EXTI0_IRQHandler
                0x0000000008003774                I2C2_EV_IRQHandler
                0x0000000008003774                DMA1_Stream2_IRQHandler
                0x0000000008003774                CAN1_RX0_IRQHandler
                0x0000000008003774                FPU_IRQHandler
                0x0000000008003774                OTG_HS_WKUP_IRQHandler
                0x0000000008003774                CAN2_SCE_IRQHandler
                0x0000000008003774                DMA2_Stream2_IRQHandler
                0x0000000008003774                SPI1_IRQHandler
                0x0000000008003774                TIM6_DAC_IRQHandler
                0x0000000008003774                TIM1_BRK_TIM9_IRQHandler
                0x0000000008003774                DCMI_IRQHandler
                0x0000000008003774                CAN2_RX0_IRQHandler
                0x0000000008003774                DMA2_Stream3_IRQHandler
                0x0000000008003774                USART6_IRQHandler
                0x0000000008003774                USART3_IRQHandler
                0x0000000008003774                CAN1_RX1_IRQHandler
                0x0000000008003774                UART5_IRQHandler
                0x0000000008003774                DMA2_Stream0_IRQHandler
                0x0000000008003774                TIM4_IRQHandler
                0x0000000008003774                I2C1_EV_IRQHandler
                0x0000000008003774                DMA1_Stream6_IRQHandler
                0x0000000008003774                DMA1_Stream1_IRQHandler
                0x0000000008003774                UART4_IRQHandler
                0x0000000008003774                TIM3_IRQHandler
                0x0000000008003774                RCC_IRQHandler
                0x0000000008003774                TIM8_BRK_TIM12_IRQHandler
                0x0000000008003774                Default_Handler
                0x0000000008003774                EXTI15_10_IRQHandler
                0x0000000008003774                ADC_IRQHandler
                0x0000000008003774                DMA1_Stream7_IRQHandler
                0x0000000008003774                TIM7_IRQHandler
                0x0000000008003774                CAN2_TX_IRQHandler
                0x0000000008003774                TIM5_IRQHandler
                0x0000000008003774                DMA2_Stream7_IRQHandler
                0x0000000008003774                I2C3_EV_IRQHandler
                0x0000000008003774                EXTI9_5_IRQHandler
                0x0000000008003774                RTC_WKUP_IRQHandler
                0x0000000008003774                ETH_WKUP_IRQHandler
                0x0000000008003774                SPI2_IRQHandler
                0x0000000008003774                OTG_HS_EP1_IN_IRQHandler
                0x0000000008003774                DMA1_Stream0_IRQHandler
                0x0000000008003774                CAN1_TX_IRQHandler
                0x0000000008003774                EXTI4_IRQHandler
                0x0000000008003774                FSMC_IRQHandler
                0x0000000008003774                ETH_IRQHandler
                0x0000000008003774                OTG_HS_EP1_OUT_IRQHandler
                0x0000000008003774                WWDG_IRQHandler
                0x0000000008003774                OTG_FS_WKUP_IRQHandler
                0x0000000008003774                TIM1_TRG_COM_TIM11_IRQHandler
                0x0000000008003774                OTG_HS_IRQHandler
                0x0000000008003774                EXTI1_IRQHandler
                0x0000000008003774                USART2_IRQHandler
                0x0000000008003774                I2C2_ER_IRQHandler
                0x0000000008003774                DMA2_Stream1_IRQHandler
                0x0000000008003774                CAN1_SCE_IRQHandler
                0x0000000008003774                FLASH_IRQHandler
                0x0000000008003774                DMA2_Stream4_IRQHandler
                0x0000000008003774                USART1_IRQHandler
                0x0000000008003774                OTG_FS_IRQHandler
                0x0000000008003774                SPI3_IRQHandler
                0x0000000008003774                DMA1_Stream4_IRQHandler
                0x0000000008003774                I2C1_ER_IRQHandler
                0x0000000008003774                DMA2_Stream6_IRQHandler
                0x0000000008003774                DMA1_Stream3_IRQHandler
 *fill*         0x0000000008003776        0x2 
 .text.HAL_Init
                0x0000000008003778       0x44 ./Drivers/STM32F4xx_HAL_Driver/Src/stm32f4xx_hal.o
                0x0000000008003778                HAL_Init
 .text.HAL_InitTick
                0x00000000080037bc       0x60 ./Drivers/STM32F4xx_HAL_Driver/Src/stm32f4xx_hal.o
                0x00000000080037bc                HAL_InitTick
 .text.HAL_IncTick
                0x000000000800381c       0x28 ./Drivers/STM32F4xx_HAL_Driver/Src/stm32f4xx_hal.o
                0x000000000800381c                HAL_IncTick
 .text.HAL_GetTick
                0x0000000008003844       0x18 ./Drivers/STM32F4xx_HAL_Driver/Src/stm32f4xx_hal.o
                0x0000000008003844                HAL_GetTick
 .text.HAL_Delay
                0x000000000800385c       0x48 ./Drivers/STM32F4xx_HAL_Driver/Src/stm32f4xx_hal.o
                0x000000000800385c                HAL_Delay
 .text.__NVIC_SetPriorityGrouping
                0x00000000080038a4       0x48 ./Drivers/STM32F4xx_HAL_Driver/Src/stm32f4xx_hal_cortex.o
 .text.__NVIC_GetPriorityGrouping
                0x00000000080038ec       0x1c ./Drivers/STM32F4xx_HAL_Driver/Src/stm32f4xx_hal_cortex.o
 .text.__NVIC_EnableIRQ
                0x0000000008003908       0x3c ./Drivers/STM32F4xx_HAL_Driver/Src/stm32f4xx_hal_cortex.o
 .text.__NVIC_SetPriority
                0x0000000008003944       0x54 ./Drivers/STM32F4xx_HAL_Driver/Src/stm32f4xx_hal_cortex.o
 .text.NVIC_EncodePriority
                0x0000000008003998       0x66 ./Drivers/STM32F4xx_HAL_Driver/Src/stm32f4xx_hal_cortex.o
 *fill*         0x00000000080039fe        0x2 
 .text.SysTick_Config
                0x0000000008003a00       0x44 ./Drivers/STM32F4xx_HAL_Driver/Src/stm32f4xx_hal_cortex.o
 .text.HAL_NVIC_SetPriorityGrouping
                0x0000000008003a44       0x16 ./Drivers/STM32F4xx_HAL_Driver/Src/stm32f4xx_hal_cortex.o
                0x0000000008003a44                HAL_NVIC_SetPriorityGrouping
 .text.HAL_NVIC_SetPriority
                0x0000000008003a5a       0x38 ./Drivers/STM32F4xx_HAL_Driver/Src/stm32f4xx_hal_cortex.o
                0x0000000008003a5a                HAL_NVIC_SetPriority
 .text.HAL_NVIC_EnableIRQ
                0x0000000008003a92       0x1c ./Drivers/STM32F4xx_HAL_Driver/Src/stm32f4xx_hal_cortex.o
                0x0000000008003a92                HAL_NVIC_EnableIRQ
 .text.HAL_SYSTICK_Config
                0x0000000008003aae       0x18 ./Drivers/STM32F4xx_HAL_Driver/Src/stm32f4xx_hal_cortex.o
                0x0000000008003aae                HAL_SYSTICK_Config
 *fill*         0x0000000008003ac6        0x2 
 .text.HAL_GPIO_Init
                0x0000000008003ac8      0x338 ./Drivers/STM32F4xx_HAL_Driver/Src/stm32f4xx_hal_gpio.o
                0x0000000008003ac8                HAL_GPIO_Init
 .text.HAL_GPIO_WritePin
                0x0000000008003e00       0x32 ./Drivers/STM32F4xx_HAL_Driver/Src/stm32f4xx_hal_gpio.o
                0x0000000008003e00                HAL_GPIO_WritePin
 *fill*         0x0000000008003e32        0x2 
 .text.HAL_I2C_Init
                0x0000000008003e34      0x288 ./Drivers/STM32F4xx_HAL_Driver/Src/stm32f4xx_hal_i2c.o
                0x0000000008003e34                HAL_I2C_Init
 .text.HAL_I2C_Mem_Write
                0x00000000080040bc      0x1f4 ./Drivers/STM32F4xx_HAL_Driver/Src/stm32f4xx_hal_i2c.o
                0x00000000080040bc                HAL_I2C_Mem_Write
 .text.HAL_I2C_Mem_Read
                0x00000000080042b0      0x44c ./Drivers/STM32F4xx_HAL_Driver/Src/stm32f4xx_hal_i2c.o
                0x00000000080042b0                HAL_I2C_Mem_Read
 .text.HAL_I2C_IsDeviceReady
                0x00000000080046fc      0x25c ./Drivers/STM32F4xx_HAL_Driver/Src/stm32f4xx_hal_i2c.o
                0x00000000080046fc                HAL_I2C_IsDeviceReady
 .text.I2C_RequestMemoryWrite
                0x0000000008004958      0x12c ./Drivers/STM32F4xx_HAL_Driver/Src/stm32f4xx_hal_i2c.o
 .text.I2C_RequestMemoryRead
                0x0000000008004a84      0x1d0 ./Drivers/STM32F4xx_HAL_Driver/Src/stm32f4xx_hal_i2c.o
 .text.I2C_WaitOnFlagUntilTimeout
                0x0000000008004c54       0xae ./Drivers/STM32F4xx_HAL_Driver/Src/stm32f4xx_hal_i2c.o
 .text.I2C_WaitOnMasterAddressFlagUntilTimeout
                0x0000000008004d02       0xfe ./Drivers/STM32F4xx_HAL_Driver/Src/stm32f4xx_hal_i2c.o
 .text.I2C_WaitOnTXEFlagUntilTimeout
                0x0000000008004e00       0x82 ./Drivers/STM32F4xx_HAL_Driver/Src/stm32f4xx_hal_i2c.o
 .text.I2C_WaitOnBTFFlagUntilTimeout
                0x0000000008004e82       0x82 ./Drivers/STM32F4xx_HAL_Driver/Src/stm32f4xx_hal_i2c.o
 .text.I2C_WaitOnRXNEFlagUntilTimeout
                0x0000000008004f04       0xac ./Drivers/STM32F4xx_HAL_Driver/Src/stm32f4xx_hal_i2c.o
 .text.I2C_IsAcknowledgeFailed
                0x0000000008004fb0       0x5e ./Drivers/STM32F4xx_HAL_Driver/Src/stm32f4xx_hal_i2c.o
 *fill*         0x000000000800500e        0x2 
 .text.HAL_RCC_OscConfig
                0x0000000008005010      0x4f0 ./Drivers/STM32F4xx_HAL_Driver/Src/stm32f4xx_hal_rcc.o
                0x0000000008005010                HAL_RCC_OscConfig
 .text.HAL_RCC_ClockConfig
                0x0000000008005500      0x1cc ./Drivers/STM32F4xx_HAL_Driver/Src/stm32f4xx_hal_rcc.o
                0x0000000008005500                HAL_RCC_ClockConfig
 .text.HAL_RCC_GetSysClockFreq
                0x00000000080056cc      0x1c4 ./Drivers/STM32F4xx_HAL_Driver/Src/stm32f4xx_hal_rcc.o
                0x00000000080056cc                HAL_RCC_GetSysClockFreq
 .text.HAL_RCC_GetHCLKFreq
                0x0000000008005890       0x18 ./Drivers/STM32F4xx_HAL_Driver/Src/stm32f4xx_hal_rcc.o
                0x0000000008005890                HAL_RCC_GetHCLKFreq
 .text.HAL_RCC_GetPCLK1Freq
                0x00000000080058a8       0x28 ./Drivers/STM32F4xx_HAL_Driver/Src/stm32f4xx_hal_rcc.o
                0x00000000080058a8                HAL_RCC_GetPCLK1Freq
 .text.HAL_SPI_Init
                0x00000000080058d0      0x112 ./Drivers/STM32F4xx_HAL_Driver/Src/stm32f4xx_hal_spi.o
                0x00000000080058d0                HAL_SPI_Init
 .text.HAL_SPI_Receive
                0x00000000080059e2      0x222 ./Drivers/STM32F4xx_HAL_Driver/Src/stm32f4xx_hal_spi.o
                0x00000000080059e2                HAL_SPI_Receive
 .text.HAL_SPI_TransmitReceive
                0x0000000008005c04      0x344 ./Drivers/STM32F4xx_HAL_Driver/Src/stm32f4xx_hal_spi.o
                0x0000000008005c04                HAL_SPI_TransmitReceive
 .text.SPI_WaitFlagStateUntilTimeout
                0x0000000008005f48      0x110 ./Drivers/STM32F4xx_HAL_Driver/Src/stm32f4xx_hal_spi.o
 .text.SPI_EndRxTransaction
                0x0000000008006058       0xca ./Drivers/STM32F4xx_HAL_Driver/Src/stm32f4xx_hal_spi.o
 *fill*         0x0000000008006122        0x2 
 .text.SPI_EndRxTxTransaction
                0x0000000008006124       0x84 ./Drivers/STM32F4xx_HAL_Driver/Src/stm32f4xx_hal_spi.o
 .text.HAL_SRAM_Init
                0x00000000080061a8       0x88 ./Drivers/STM32F4xx_HAL_Driver/Src/stm32f4xx_hal_sram.o
                0x00000000080061a8                HAL_SRAM_Init
 .text.HAL_TIM_Base_Init
                0x0000000008006230       0x9e ./Drivers/STM32F4xx_HAL_Driver/Src/stm32f4xx_hal_tim.o
                0x0000000008006230                HAL_TIM_Base_Init
 *fill*         0x00000000080062ce        0x2 
 .text.HAL_TIM_Base_Start_IT
                0x00000000080062d0       0xe0 ./Drivers/STM32F4xx_HAL_Driver/Src/stm32f4xx_hal_tim.o
                0x00000000080062d0                HAL_TIM_Base_Start_IT
 .text.HAL_TIM_IRQHandler
                0x00000000080063b0      0x210 ./Drivers/STM32F4xx_HAL_Driver/Src/stm32f4xx_hal_tim.o
                0x00000000080063b0                HAL_TIM_IRQHandler
 .text.HAL_TIM_ConfigClockSource
                0x00000000080065c0      0x18e ./Drivers/STM32F4xx_HAL_Driver/Src/stm32f4xx_hal_tim.o
                0x00000000080065c0                HAL_TIM_ConfigClockSource
 .text.HAL_TIM_OC_DelayElapsedCallback
                0x000000000800674e       0x14 ./Drivers/STM32F4xx_HAL_Driver/Src/stm32f4xx_hal_tim.o
                0x000000000800674e                HAL_TIM_OC_DelayElapsedCallback
 .text.HAL_TIM_IC_CaptureCallback
                0x0000000008006762       0x14 ./Drivers/STM32F4xx_HAL_Driver/Src/stm32f4xx_hal_tim.o
                0x0000000008006762                HAL_TIM_IC_CaptureCallback
 .text.HAL_TIM_PWM_PulseFinishedCallback
                0x0000000008006776       0x14 ./Drivers/STM32F4xx_HAL_Driver/Src/stm32f4xx_hal_tim.o
                0x0000000008006776                HAL_TIM_PWM_PulseFinishedCallback
 .text.HAL_TIM_TriggerCallback
                0x000000000800678a       0x14 ./Drivers/STM32F4xx_HAL_Driver/Src/stm32f4xx_hal_tim.o
                0x000000000800678a                HAL_TIM_TriggerCallback
 *fill*         0x000000000800679e        0x2 
 .text.TIM_Base_SetConfig
                0x00000000080067a0      0x140 ./Drivers/STM32F4xx_HAL_Driver/Src/stm32f4xx_hal_tim.o
                0x00000000080067a0                TIM_Base_SetConfig
 .text.TIM_TI1_ConfigInputStage
                0x00000000080068e0       0x5e ./Drivers/STM32F4xx_HAL_Driver/Src/stm32f4xx_hal_tim.o
 .text.TIM_TI2_ConfigInputStage
                0x000000000800693e       0x60 ./Drivers/STM32F4xx_HAL_Driver/Src/stm32f4xx_hal_tim.o
 .text.TIM_ITRx_SetConfig
                0x000000000800699e       0x36 ./Drivers/STM32F4xx_HAL_Driver/Src/stm32f4xx_hal_tim.o
 .text.TIM_ETR_SetConfig
                0x00000000080069d4       0x40 ./Drivers/STM32F4xx_HAL_Driver/Src/stm32f4xx_hal_tim.o
                0x00000000080069d4                TIM_ETR_SetConfig
 .text.HAL_TIMEx_MasterConfigSynchronization
                0x0000000008006a14       0xf8 ./Drivers/STM32F4xx_HAL_Driver/Src/stm32f4xx_hal_tim_ex.o
                0x0000000008006a14                HAL_TIMEx_MasterConfigSynchronization
 .text.HAL_TIMEx_CommutCallback
                0x0000000008006b0c       0x14 ./Drivers/STM32F4xx_HAL_Driver/Src/stm32f4xx_hal_tim_ex.o
                0x0000000008006b0c                HAL_TIMEx_CommutCallback
 .text.HAL_TIMEx_BreakCallback
                0x0000000008006b20       0x14 ./Drivers/STM32F4xx_HAL_Driver/Src/stm32f4xx_hal_tim_ex.o
                0x0000000008006b20                HAL_TIMEx_BreakCallback
 .text.FSMC_NORSRAM_Init
                0x0000000008006b34       0xa4 ./Drivers/STM32F4xx_HAL_Driver/Src/stm32f4xx_ll_fsmc.o
                0x0000000008006b34                FSMC_NORSRAM_Init
 .text.FSMC_NORSRAM_Timing_Init
                0x0000000008006bd8       0x7a ./Drivers/STM32F4xx_HAL_Driver/Src/stm32f4xx_ll_fsmc.o
                0x0000000008006bd8                FSMC_NORSRAM_Timing_Init
 *fill*         0x0000000008006c52        0x2 
 .text.FSMC_NORSRAM_Extended_Timing_Init
                0x0000000008006c54       0x80 ./Drivers/STM32F4xx_HAL_Driver/Src/stm32f4xx_ll_fsmc.o
                0x0000000008006c54                FSMC_NORSRAM_Extended_Timing_Init
 .text.__libc_init_array
                0x0000000008006cd4       0x48 c:/st/stm32cubeide_1.7.0/stm32cubeide/plugins/com.st.stm32cube.ide.mcu.externaltools.gnu-tools-for-stm32.9-2020-q2-update.win32_2.0.0.202105311346/tools/bin/../lib/gcc/arm-none-eabi/9.3.1/../../../../arm-none-eabi/lib/thumb/v7e-m+fp/hard\libc_nano.a(lib_a-init.o)
                0x0000000008006cd4                __libc_init_array
 .text.memset   0x0000000008006d1c       0x10 c:/st/stm32cubeide_1.7.0/stm32cubeide/plugins/com.st.stm32cube.ide.mcu.externaltools.gnu-tools-for-stm32.9-2020-q2-update.win32_2.0.0.202105311346/tools/bin/../lib/gcc/arm-none-eabi/9.3.1/../../../../arm-none-eabi/lib/thumb/v7e-m+fp/hard\libc_nano.a(lib_a-memset.o)
                0x0000000008006d1c                memset
 *(.glue_7)
 .glue_7        0x0000000008006d2c        0x0 linker stubs
 *(.glue_7t)
 .glue_7t       0x0000000008006d2c        0x0 linker stubs
 *(.eh_frame)
 .eh_frame      0x0000000008006d2c        0x0 c:/st/stm32cubeide_1.7.0/stm32cubeide/plugins/com.st.stm32cube.ide.mcu.externaltools.gnu-tools-for-stm32.9-2020-q2-update.win32_2.0.0.202105311346/tools/bin/../lib/gcc/arm-none-eabi/9.3.1/thumb/v7e-m+fp/hard/crtbegin.o
 *(.init)
 .init          0x0000000008006d2c        0x4 c:/st/stm32cubeide_1.7.0/stm32cubeide/plugins/com.st.stm32cube.ide.mcu.externaltools.gnu-tools-for-stm32.9-2020-q2-update.win32_2.0.0.202105311346/tools/bin/../lib/gcc/arm-none-eabi/9.3.1/thumb/v7e-m+fp/hard/crti.o
                0x0000000008006d2c                _init
 .init          0x0000000008006d30        0x8 c:/st/stm32cubeide_1.7.0/stm32cubeide/plugins/com.st.stm32cube.ide.mcu.externaltools.gnu-tools-for-stm32.9-2020-q2-update.win32_2.0.0.202105311346/tools/bin/../lib/gcc/arm-none-eabi/9.3.1/thumb/v7e-m+fp/hard/crtn.o
 *(.fini)
 .fini          0x0000000008006d38        0x4 c:/st/stm32cubeide_1.7.0/stm32cubeide/plugins/com.st.stm32cube.ide.mcu.externaltools.gnu-tools-for-stm32.9-2020-q2-update.win32_2.0.0.202105311346/tools/bin/../lib/gcc/arm-none-eabi/9.3.1/thumb/v7e-m+fp/hard/crti.o
                0x0000000008006d38                _fini
 .fini          0x0000000008006d3c        0x8 c:/st/stm32cubeide_1.7.0/stm32cubeide/plugins/com.st.stm32cube.ide.mcu.externaltools.gnu-tools-for-stm32.9-2020-q2-update.win32_2.0.0.202105311346/tools/bin/../lib/gcc/arm-none-eabi/9.3.1/thumb/v7e-m+fp/hard/crtn.o
                0x0000000008006d44                . = ALIGN (0x4)
                0x0000000008006d44                _etext = .

.vfp11_veneer   0x0000000008006d44        0x0
 .vfp11_veneer  0x0000000008006d44        0x0 linker stubs

.v4_bx          0x0000000008006d44        0x0
 .v4_bx         0x0000000008006d44        0x0 linker stubs

.iplt           0x0000000008006d44        0x0
 .iplt          0x0000000008006d44        0x0 c:/st/stm32cubeide_1.7.0/stm32cubeide/plugins/com.st.stm32cube.ide.mcu.externaltools.gnu-tools-for-stm32.9-2020-q2-update.win32_2.0.0.202105311346/tools/bin/../lib/gcc/arm-none-eabi/9.3.1/thumb/v7e-m+fp/hard/crtbegin.o

.rodata         0x0000000008006d44     0x2ff8
                0x0000000008006d44                . = ALIGN (0x4)
 *(.rodata)
 .rodata        0x0000000008006d44       0x3c ./Core/Src/my_clock.o
 .rodata        0x0000000008006d80       0x23 ./Core/Src/my_display.o
 *(.rodata*)
 *fill*         0x0000000008006da3        0x1 
 .rodata.ascii_1608
                0x0000000008006da4      0x5f0 ./Core/Src/lcd.o
                0x0000000008006da4                ascii_1608
 .rodata.ascii_2412
                0x0000000008007394     0x11d0 ./Core/Src/lcd.o
                0x0000000008007394                ascii_2412
 .rodata.ascii_3216
                0x0000000008008564     0x17c0 ./Core/Src/lcd.o
                0x0000000008008564                ascii_3216
 .rodata.AHBPrescTable
                0x0000000008009d24       0x10 ./Core/Src/system_stm32f4xx.o
                0x0000000008009d24                AHBPrescTable
 .rodata.APBPrescTable
                0x0000000008009d34        0x8 ./Core/Src/system_stm32f4xx.o
                0x0000000008009d34                APBPrescTable
                0x0000000008009d3c                . = ALIGN (0x4)

.ARM.extab      0x0000000008009d3c        0x0
                0x0000000008009d3c                . = ALIGN (0x4)
 *(.ARM.extab* .gnu.linkonce.armextab.*)
                0x0000000008009d3c                . = ALIGN (0x4)

.ARM            0x0000000008009d3c        0x8
                0x0000000008009d3c                . = ALIGN (0x4)
                0x0000000008009d3c                __exidx_start = .
 *(.ARM.exidx*)
 .ARM.exidx     0x0000000008009d3c        0x8 c:/st/stm32cubeide_1.7.0/stm32cubeide/plugins/com.st.stm32cube.ide.mcu.externaltools.gnu-tools-for-stm32.9-2020-q2-update.win32_2.0.0.202105311346/tools/bin/../lib/gcc/arm-none-eabi/9.3.1/thumb/v7e-m+fp/hard\libgcc.a(_udivmoddi4.o)
                0x0000000008009d44                __exidx_end = .
                0x0000000008009d44                . = ALIGN (0x4)

.rel.dyn        0x0000000008009d44        0x0
 .rel.iplt      0x0000000008009d44        0x0 c:/st/stm32cubeide_1.7.0/stm32cubeide/plugins/com.st.stm32cube.ide.mcu.externaltools.gnu-tools-for-stm32.9-2020-q2-update.win32_2.0.0.202105311346/tools/bin/../lib/gcc/arm-none-eabi/9.3.1/thumb/v7e-m+fp/hard/crtbegin.o

.preinit_array  0x0000000008009d44        0x0
                0x0000000008009d44                . = ALIGN (0x4)
                0x0000000008009d44                PROVIDE (__preinit_array_start = .)
 *(.preinit_array*)
                0x0000000008009d44                PROVIDE (__preinit_array_end = .)
                0x0000000008009d44                . = ALIGN (0x4)

.init_array     0x0000000008009d44        0x4
                0x0000000008009d44                . = ALIGN (0x4)
                0x0000000008009d44                PROVIDE (__init_array_start = .)
 *(SORT_BY_NAME(.init_array.*))
 *(.init_array*)
 .init_array    0x0000000008009d44        0x4 c:/st/stm32cubeide_1.7.0/stm32cubeide/plugins/com.st.stm32cube.ide.mcu.externaltools.gnu-tools-for-stm32.9-2020-q2-update.win32_2.0.0.202105311346/tools/bin/../lib/gcc/arm-none-eabi/9.3.1/thumb/v7e-m+fp/hard/crtbegin.o
                0x0000000008009d48                PROVIDE (__init_array_end = .)
                0x0000000008009d48                . = ALIGN (0x4)

.fini_array     0x0000000008009d48        0x4
                0x0000000008009d48                . = ALIGN (0x4)
                [!provide]                        PROVIDE (__fini_array_start = .)
 *(SORT_BY_NAME(.fini_array.*))
 *(.fini_array*)
 .fini_array    0x0000000008009d48        0x4 c:/st/stm32cubeide_1.7.0/stm32cubeide/plugins/com.st.stm32cube.ide.mcu.externaltools.gnu-tools-for-stm32.9-2020-q2-update.win32_2.0.0.202105311346/tools/bin/../lib/gcc/arm-none-eabi/9.3.1/thumb/v7e-m+fp/hard/crtbegin.o
                [!provide]                        PROVIDE (__fini_array_end = .)
                0x0000000008009d4c                . = ALIGN (0x4)
                0x0000000008009d4c                _sidata = LOADADDR (.data)

.data           0x0000000020000000       0x1c load address 0x0000000008009d4c
                0x0000000020000000                . = ALIGN (0x4)
                0x0000000020000000                _sdata = .
 *(.data)
 *(.data*)
 .data.time_value
                0x0000000020000000        0x2 ./Core/Src/button.o
                0x0000000020000000                time_value
 .data.buf_sec  0x0000000020000002        0x1 ./Core/Src/my_clock.o
                0x0000000020000002                buf_sec
 .data.buf_min  0x0000000020000003        0x1 ./Core/Src/my_clock.o
                0x0000000020000003                buf_min
 .data.buf_hour
                0x0000000020000004        0x1 ./Core/Src/my_clock.o
                0x0000000020000004                buf_hour
 .data.buf_day  0x0000000020000005        0x1 ./Core/Src/my_clock.o
                0x0000000020000005                buf_day
 .data.buf_date
                0x0000000020000006        0x1 ./Core/Src/my_clock.o
                0x0000000020000006                buf_date
 .data.buf_mon  0x0000000020000007        0x1 ./Core/Src/my_clock.o
                0x0000000020000007                buf_mon
 .data.buf_year
                0x0000000020000008        0x1 ./Core/Src/my_clock.o
                0x0000000020000008                buf_year
 .data.ala_min  0x0000000020000009        0x1 ./Core/Src/my_clock.o
                0x0000000020000009                ala_min
 .data.ala_hour
                0x000000002000000a        0x1 ./Core/Src/my_clock.o
                0x000000002000000a                ala_hour
 .data.ala_day  0x000000002000000b        0x1 ./Core/Src/my_clock.o
                0x000000002000000b                ala_day
 .data.ala_date
                0x000000002000000c        0x1 ./Core/Src/my_clock.o
                0x000000002000000c                ala_date
 .data.ala_mon  0x000000002000000d        0x1 ./Core/Src/my_clock.o
                0x000000002000000d                ala_mon
 .data.ala_year
                0x000000002000000e        0x1 ./Core/Src/my_clock.o
                0x000000002000000e                ala_year
 .data.max_running_idx
                0x000000002000000f        0x1 ./Core/Src/my_clock.o
                0x000000002000000f                max_running_idx
 .data.SystemCoreClock
                0x0000000020000010        0x4 ./Core/Src/system_stm32f4xx.o
                0x0000000020000010                SystemCoreClock
 .data.uwTickPrio
                0x0000000020000014        0x4 ./Drivers/STM32F4xx_HAL_Driver/Src/stm32f4xx_hal.o
                0x0000000020000014                uwTickPrio
 .data.uwTickFreq
                0x0000000020000018        0x1 ./Drivers/STM32F4xx_HAL_Driver/Src/stm32f4xx_hal.o
                0x0000000020000018                uwTickFreq
 *(.RamFunc)
 *(.RamFunc*)
                0x000000002000001c                . = ALIGN (0x4)
 *fill*         0x0000000020000019        0x3 
                0x000000002000001c                _edata = .
                0x0000000008009d68                _siccmram = LOADADDR (.ccmram)

.igot.plt       0x000000002000001c        0x0 load address 0x0000000008009d68
 .igot.plt      0x000000002000001c        0x0 c:/st/stm32cubeide_1.7.0/stm32cubeide/plugins/com.st.stm32cube.ide.mcu.externaltools.gnu-tools-for-stm32.9-2020-q2-update.win32_2.0.0.202105311346/tools/bin/../lib/gcc/arm-none-eabi/9.3.1/thumb/v7e-m+fp/hard/crtbegin.o

.ccmram         0x0000000010000000        0x0 load address 0x0000000008009d68
                0x0000000010000000                . = ALIGN (0x4)
                0x0000000010000000                _sccmram = .
 *(.ccmram)
 *(.ccmram*)
                0x0000000010000000                . = ALIGN (0x4)
                0x0000000010000000                _eccmram = .
                0x0000000010000000                . = ALIGN (0x4)

.bss            0x000000002000001c      0x214
                0x000000002000001c                _sbss = .
                0x000000002000001c                __bss_start__ = _sbss
 *(.bss)
 .bss           0x000000002000001c       0x1c c:/st/stm32cubeide_1.7.0/stm32cubeide/plugins/com.st.stm32cube.ide.mcu.externaltools.gnu-tools-for-stm32.9-2020-q2-update.win32_2.0.0.202105311346/tools/bin/../lib/gcc/arm-none-eabi/9.3.1/thumb/v7e-m+fp/hard/crtbegin.o
 *(.bss*)
 .bss.spi_button
                0x0000000020000038        0x2 ./Core/Src/button.o
                0x0000000020000038                spi_button
 *fill*         0x000000002000003a        0x2 
 .bss.FSMC_Initialized
                0x000000002000003c        0x4 ./Core/Src/fsmc.o
 .bss.st_clock  0x0000000020000040        0x1 ./Core/Src/my_clock.o
                0x0000000020000040                st_clock
 .bss.st_changing
                0x0000000020000041        0x1 ./Core/Src/my_clock.o
                0x0000000020000041                st_changing
 .bss.should_stop_alarm
                0x0000000020000042        0x1 ./Core/Src/my_clock.o
                0x0000000020000042                should_stop_alarm
 .bss.running_idx
                0x0000000020000043        0x1 ./Core/Src/my_clock.o
                0x0000000020000043                running_idx
 *(COMMON)
 COMMON         0x0000000020000044       0x20 ./Core/Src/button.o
                0x0000000020000044                button_count
 COMMON         0x0000000020000064        0xf ./Core/Src/ds3231.o
                0x0000000020000064                ds3231_sec
                0x0000000020000065                ds3231_year
                0x0000000020000066                ds3231_min
                0x0000000020000067                ds3231_date
                0x0000000020000068                ds3231_day
                0x0000000020000069                ds3231_hours
                0x000000002000006a                ds3231_month
                0x000000002000006c                ds3231_buffer
 *fill*         0x0000000020000073        0x1 
 COMMON         0x0000000020000074       0x50 ./Core/Src/fsmc.o
                0x0000000020000074                hsram1
 COMMON         0x00000000200000c4       0x54 ./Core/Src/i2c.o
                0x00000000200000c4                hi2c1
 COMMON         0x0000000020000118       0x3a ./Core/Src/lcd.o
                0x0000000020000118                lcddev
                0x0000000020000120                s
 *fill*         0x0000000020000152        0x2 
 COMMON         0x0000000020000154        0x5 ./Core/Src/my_clock.o
                0x0000000020000154                button_st
                0x0000000020000158                st_blinking
 *fill*         0x0000000020000159        0x3 
 COMMON         0x000000002000015c       0x18 ./Core/Src/my_display.o
                0x000000002000015c                box
 COMMON         0x0000000020000174       0x18 ./Core/Src/software_timer.o
                0x0000000020000174                timer
 COMMON         0x000000002000018c       0x58 ./Core/Src/spi.o
                0x000000002000018c                hspi1
 COMMON         0x00000000200001e4       0x48 ./Core/Src/tim.o
                0x00000000200001e4                htim2
 COMMON         0x000000002000022c        0x4 ./Drivers/STM32F4xx_HAL_Driver/Src/stm32f4xx_hal.o
                0x000000002000022c                uwTick
                0x0000000020000230                . = ALIGN (0x4)
                0x0000000020000230                _ebss = .
                0x0000000020000230                __bss_end__ = _ebss

._user_heap_stack
                0x0000000020000230      0x600
                0x0000000020000230                . = ALIGN (0x8)
                [!provide]                        PROVIDE (end = .)
                0x0000000020000230                PROVIDE (_end = .)
                0x0000000020000430                . = (. + _Min_Heap_Size)
 *fill*         0x0000000020000230      0x200 
                0x0000000020000830                . = (. + _Min_Stack_Size)
 *fill*         0x0000000020000430      0x400 
                0x0000000020000830                . = ALIGN (0x8)

/DISCARD/
 libc.a(*)
 libm.a(*)
 libgcc.a(*)

.ARM.attributes
                0x0000000000000000       0x30
 *(.ARM.attributes)
 .ARM.attributes
                0x0000000000000000       0x1e c:/st/stm32cubeide_1.7.0/stm32cubeide/plugins/com.st.stm32cube.ide.mcu.externaltools.gnu-tools-for-stm32.9-2020-q2-update.win32_2.0.0.202105311346/tools/bin/../lib/gcc/arm-none-eabi/9.3.1/thumb/v7e-m+fp/hard/crti.o
 .ARM.attributes
                0x000000000000001e       0x34 c:/st/stm32cubeide_1.7.0/stm32cubeide/plugins/com.st.stm32cube.ide.mcu.externaltools.gnu-tools-for-stm32.9-2020-q2-update.win32_2.0.0.202105311346/tools/bin/../lib/gcc/arm-none-eabi/9.3.1/thumb/v7e-m+fp/hard/crtbegin.o
 .ARM.attributes
                0x0000000000000052       0x34 ./Core/Src/button.o
 .ARM.attributes
                0x0000000000000086       0x34 ./Core/Src/ds3231.o
 .ARM.attributes
                0x00000000000000ba       0x34 ./Core/Src/fsmc.o
 .ARM.attributes
                0x00000000000000ee       0x34 ./Core/Src/gpio.o
 .ARM.attributes
                0x0000000000000122       0x34 ./Core/Src/i2c.o
 .ARM.attributes
                0x0000000000000156       0x34 ./Core/Src/lcd.o
 .ARM.attributes
                0x000000000000018a       0x34 ./Core/Src/main.o
 .ARM.attributes
                0x00000000000001be       0x34 ./Core/Src/my_clock.o
 .ARM.attributes
                0x00000000000001f2       0x34 ./Core/Src/my_display.o
 .ARM.attributes
                0x0000000000000226       0x34 ./Core/Src/software_timer.o
 .ARM.attributes
                0x000000000000025a       0x34 ./Core/Src/spi.o
 .ARM.attributes
                0x000000000000028e       0x34 ./Core/Src/stm32f4xx_hal_msp.o
 .ARM.attributes
                0x00000000000002c2       0x34 ./Core/Src/stm32f4xx_it.o
 .ARM.attributes
                0x00000000000002f6       0x34 ./Core/Src/system_stm32f4xx.o
 .ARM.attributes
                0x000000000000032a       0x34 ./Core/Src/tim.o
 .ARM.attributes
                0x000000000000035e       0x34 ./Core/Src/utils.o
 .ARM.attributes
                0x0000000000000392       0x21 ./Core/Startup/startup_stm32f407zetx.o
 .ARM.attributes
                0x00000000000003b3       0x34 ./Drivers/STM32F4xx_HAL_Driver/Src/stm32f4xx_hal.o
 .ARM.attributes
                0x00000000000003e7       0x34 ./Drivers/STM32F4xx_HAL_Driver/Src/stm32f4xx_hal_cortex.o
 .ARM.attributes
                0x000000000000041b       0x34 ./Drivers/STM32F4xx_HAL_Driver/Src/stm32f4xx_hal_gpio.o
 .ARM.attributes
                0x000000000000044f       0x34 ./Drivers/STM32F4xx_HAL_Driver/Src/stm32f4xx_hal_i2c.o
 .ARM.attributes
                0x0000000000000483       0x34 ./Drivers/STM32F4xx_HAL_Driver/Src/stm32f4xx_hal_rcc.o
 .ARM.attributes
                0x00000000000004b7       0x34 ./Drivers/STM32F4xx_HAL_Driver/Src/stm32f4xx_hal_spi.o
 .ARM.attributes
                0x00000000000004eb       0x34 ./Drivers/STM32F4xx_HAL_Driver/Src/stm32f4xx_hal_sram.o
 .ARM.attributes
                0x000000000000051f       0x34 ./Drivers/STM32F4xx_HAL_Driver/Src/stm32f4xx_hal_tim.o
 .ARM.attributes
                0x0000000000000553       0x34 ./Drivers/STM32F4xx_HAL_Driver/Src/stm32f4xx_hal_tim_ex.o
 .ARM.attributes
                0x0000000000000587       0x34 ./Drivers/STM32F4xx_HAL_Driver/Src/stm32f4xx_ll_fsmc.o
 .ARM.attributes
                0x00000000000005bb       0x34 c:/st/stm32cubeide_1.7.0/stm32cubeide/plugins/com.st.stm32cube.ide.mcu.externaltools.gnu-tools-for-stm32.9-2020-q2-update.win32_2.0.0.202105311346/tools/bin/../lib/gcc/arm-none-eabi/9.3.1/../../../../arm-none-eabi/lib/thumb/v7e-m+fp/hard\libc_nano.a(lib_a-init.o)
 .ARM.attributes
                0x00000000000005ef       0x34 c:/st/stm32cubeide_1.7.0/stm32cubeide/plugins/com.st.stm32cube.ide.mcu.externaltools.gnu-tools-for-stm32.9-2020-q2-update.win32_2.0.0.202105311346/tools/bin/../lib/gcc/arm-none-eabi/9.3.1/../../../../arm-none-eabi/lib/thumb/v7e-m+fp/hard\libc_nano.a(lib_a-memset.o)
 .ARM.attributes
                0x0000000000000623       0x1e c:/st/stm32cubeide_1.7.0/stm32cubeide/plugins/com.st.stm32cube.ide.mcu.externaltools.gnu-tools-for-stm32.9-2020-q2-update.win32_2.0.0.202105311346/tools/bin/../lib/gcc/arm-none-eabi/9.3.1/thumb/v7e-m+fp/hard\libgcc.a(_arm_addsubdf3.o)
 .ARM.attributes
                0x0000000000000641       0x1e c:/st/stm32cubeide_1.7.0/stm32cubeide/plugins/com.st.stm32cube.ide.mcu.externaltools.gnu-tools-for-stm32.9-2020-q2-update.win32_2.0.0.202105311346/tools/bin/../lib/gcc/arm-none-eabi/9.3.1/thumb/v7e-m+fp/hard\libgcc.a(_arm_muldivdf3.o)
 .ARM.attributes
                0x000000000000065f       0x1e c:/st/stm32cubeide_1.7.0/stm32cubeide/plugins/com.st.stm32cube.ide.mcu.externaltools.gnu-tools-for-stm32.9-2020-q2-update.win32_2.0.0.202105311346/tools/bin/../lib/gcc/arm-none-eabi/9.3.1/thumb/v7e-m+fp/hard\libgcc.a(_arm_fixunsdfsi.o)
 .ARM.attributes
                0x000000000000067d       0x1e c:/st/stm32cubeide_1.7.0/stm32cubeide/plugins/com.st.stm32cube.ide.mcu.externaltools.gnu-tools-for-stm32.9-2020-q2-update.win32_2.0.0.202105311346/tools/bin/../lib/gcc/arm-none-eabi/9.3.1/thumb/v7e-m+fp/hard\libgcc.a(_aeabi_uldivmod.o)
 .ARM.attributes
                0x000000000000069b       0x34 c:/st/stm32cubeide_1.7.0/stm32cubeide/plugins/com.st.stm32cube.ide.mcu.externaltools.gnu-tools-for-stm32.9-2020-q2-update.win32_2.0.0.202105311346/tools/bin/../lib/gcc/arm-none-eabi/9.3.1/thumb/v7e-m+fp/hard\libgcc.a(_udivmoddi4.o)
 .ARM.attributes
                0x00000000000006cf       0x1e c:/st/stm32cubeide_1.7.0/stm32cubeide/plugins/com.st.stm32cube.ide.mcu.externaltools.gnu-tools-for-stm32.9-2020-q2-update.win32_2.0.0.202105311346/tools/bin/../lib/gcc/arm-none-eabi/9.3.1/thumb/v7e-m+fp/hard\libgcc.a(_dvmd_tls.o)
 .ARM.attributes
                0x00000000000006ed       0x1e c:/st/stm32cubeide_1.7.0/stm32cubeide/plugins/com.st.stm32cube.ide.mcu.externaltools.gnu-tools-for-stm32.9-2020-q2-update.win32_2.0.0.202105311346/tools/bin/../lib/gcc/arm-none-eabi/9.3.1/thumb/v7e-m+fp/hard/crtn.o
OUTPUT(Bai4_I2C_Realtimeclock.elf elf32-littlearm)
LOAD linker stubs
LOAD c:/st/stm32cubeide_1.7.0/stm32cubeide/plugins/com.st.stm32cube.ide.mcu.externaltools.gnu-tools-for-stm32.9-2020-q2-update.win32_2.0.0.202105311346/tools/bin/../lib/gcc/arm-none-eabi/9.3.1/../../../../arm-none-eabi/lib/thumb/v7e-m+fp/hard\libc.a
LOAD c:/st/stm32cubeide_1.7.0/stm32cubeide/plugins/com.st.stm32cube.ide.mcu.externaltools.gnu-tools-for-stm32.9-2020-q2-update.win32_2.0.0.202105311346/tools/bin/../lib/gcc/arm-none-eabi/9.3.1/../../../../arm-none-eabi/lib/thumb/v7e-m+fp/hard\libm.a
LOAD c:/st/stm32cubeide_1.7.0/stm32cubeide/plugins/com.st.stm32cube.ide.mcu.externaltools.gnu-tools-for-stm32.9-2020-q2-update.win32_2.0.0.202105311346/tools/bin/../lib/gcc/arm-none-eabi/9.3.1/thumb/v7e-m+fp/hard\libgcc.a

.debug_info     0x0000000000000000    0x18633
 .debug_info    0x0000000000000000      0xbb4 ./Core/Src/button.o
 .debug_info    0x0000000000000bb4      0x839 ./Core/Src/ds3231.o
 .debug_info    0x00000000000013ed      0xa96 ./Core/Src/fsmc.o
 .debug_info    0x0000000000001e83      0x569 ./Core/Src/gpio.o
 .debug_info    0x00000000000023ec      0xa7d ./Core/Src/i2c.o
 .debug_info    0x0000000000002e69     0x17e8 ./Core/Src/lcd.o
 .debug_info    0x0000000000004651     0x1e50 ./Core/Src/main.o
 .debug_info    0x00000000000064a1     0x1998 ./Core/Src/my_clock.o
 .debug_info    0x0000000000007e39     0x129b ./Core/Src/my_display.o
 .debug_info    0x00000000000090d4      0xb18 ./Core/Src/software_timer.o
 .debug_info    0x0000000000009bec      0xa5a ./Core/Src/spi.o
 .debug_info    0x000000000000a646      0x394 ./Core/Src/stm32f4xx_hal_msp.o
 .debug_info    0x000000000000a9da      0x801 ./Core/Src/stm32f4xx_it.o
 .debug_info    0x000000000000b1db      0x5a4 ./Core/Src/system_stm32f4xx.o
 .debug_info    0x000000000000b77f      0xc88 ./Core/Src/tim.o
 .debug_info    0x000000000000c407       0xd8 ./Core/Src/utils.o
 .debug_info    0x000000000000c4df       0x22 ./Core/Startup/startup_stm32f407zetx.o
 .debug_info    0x000000000000c501      0x9b2 ./Drivers/STM32F4xx_HAL_Driver/Src/stm32f4xx_hal.o
 .debug_info    0x000000000000ceb3      0xed7 ./Drivers/STM32F4xx_HAL_Driver/Src/stm32f4xx_hal_cortex.o
 .debug_info    0x000000000000dd8a      0x83e ./Drivers/STM32F4xx_HAL_Driver/Src/stm32f4xx_hal_gpio.o
 .debug_info    0x000000000000e5c8     0x264d ./Drivers/STM32F4xx_HAL_Driver/Src/stm32f4xx_hal_i2c.o
 .debug_info    0x0000000000010c15      0x996 ./Drivers/STM32F4xx_HAL_Driver/Src/stm32f4xx_hal_rcc.o
 .debug_info    0x00000000000115ab     0x17c0 ./Drivers/STM32F4xx_HAL_Driver/Src/stm32f4xx_hal_spi.o
 .debug_info    0x0000000000012d6b      0xbab ./Drivers/STM32F4xx_HAL_Driver/Src/stm32f4xx_hal_sram.o
 .debug_info    0x0000000000013916     0x2c22 ./Drivers/STM32F4xx_HAL_Driver/Src/stm32f4xx_hal_tim.o
 .debug_info    0x0000000000016538     0x15a2 ./Drivers/STM32F4xx_HAL_Driver/Src/stm32f4xx_hal_tim_ex.o
 .debug_info    0x0000000000017ada      0xb59 ./Drivers/STM32F4xx_HAL_Driver/Src/stm32f4xx_ll_fsmc.o

.debug_abbrev   0x0000000000000000     0x34d8
 .debug_abbrev  0x0000000000000000      0x201 ./Core/Src/button.o
 .debug_abbrev  0x0000000000000201      0x1a7 ./Core/Src/ds3231.o
 .debug_abbrev  0x00000000000003a8      0x1e2 ./Core/Src/fsmc.o
 .debug_abbrev  0x000000000000058a      0x14e ./Core/Src/gpio.o
 .debug_abbrev  0x00000000000006d8      0x1bb ./Core/Src/i2c.o
 .debug_abbrev  0x0000000000000893      0x390 ./Core/Src/lcd.o
 .debug_abbrev  0x0000000000000c23      0x302 ./Core/Src/main.o
 .debug_abbrev  0x0000000000000f25      0x2a8 ./Core/Src/my_clock.o
 .debug_abbrev  0x00000000000011cd      0x22f ./Core/Src/my_display.o
 .debug_abbrev  0x00000000000013fc      0x210 ./Core/Src/software_timer.o
 .debug_abbrev  0x000000000000160c      0x1bb ./Core/Src/spi.o
 .debug_abbrev  0x00000000000017c7      0x11d ./Core/Src/stm32f4xx_hal_msp.o
 .debug_abbrev  0x00000000000018e4      0x176 ./Core/Src/stm32f4xx_it.o
 .debug_abbrev  0x0000000000001a5a      0x145 ./Core/Src/system_stm32f4xx.o
 .debug_abbrev  0x0000000000001b9f      0x1bb ./Core/Src/tim.o
 .debug_abbrev  0x0000000000001d5a       0x87 ./Core/Src/utils.o
 .debug_abbrev  0x0000000000001de1       0x12 ./Core/Startup/startup_stm32f407zetx.o
 .debug_abbrev  0x0000000000001df3      0x1ed ./Drivers/STM32F4xx_HAL_Driver/Src/stm32f4xx_hal.o
 .debug_abbrev  0x0000000000001fe0      0x33c ./Drivers/STM32F4xx_HAL_Driver/Src/stm32f4xx_hal_cortex.o
 .debug_abbrev  0x000000000000231c      0x1f1 ./Drivers/STM32F4xx_HAL_Driver/Src/stm32f4xx_hal_gpio.o
 .debug_abbrev  0x000000000000250d      0x282 ./Drivers/STM32F4xx_HAL_Driver/Src/stm32f4xx_hal_i2c.o
 .debug_abbrev  0x000000000000278f      0x275 ./Drivers/STM32F4xx_HAL_Driver/Src/stm32f4xx_hal_rcc.o
 .debug_abbrev  0x0000000000002a04      0x26e ./Drivers/STM32F4xx_HAL_Driver/Src/stm32f4xx_hal_spi.o
 .debug_abbrev  0x0000000000002c72      0x1f4 ./Drivers/STM32F4xx_HAL_Driver/Src/stm32f4xx_hal_sram.o
 .debug_abbrev  0x0000000000002e66      0x25e ./Drivers/STM32F4xx_HAL_Driver/Src/stm32f4xx_hal_tim.o
 .debug_abbrev  0x00000000000030c4      0x266 ./Drivers/STM32F4xx_HAL_Driver/Src/stm32f4xx_hal_tim_ex.o
 .debug_abbrev  0x000000000000332a      0x1ae ./Drivers/STM32F4xx_HAL_Driver/Src/stm32f4xx_ll_fsmc.o

.debug_aranges  0x0000000000000000     0x12b8
 .debug_aranges
                0x0000000000000000       0x38 ./Core/Src/button.o
 .debug_aranges
                0x0000000000000038       0x30 ./Core/Src/ds3231.o
 .debug_aranges
                0x0000000000000068       0x40 ./Core/Src/fsmc.o
 .debug_aranges
                0x00000000000000a8       0x20 ./Core/Src/gpio.o
 .debug_aranges
                0x00000000000000c8       0x30 ./Core/Src/i2c.o
 .debug_aranges
                0x00000000000000f8       0xe8 ./Core/Src/lcd.o
 .debug_aranges
                0x00000000000001e0       0x70 ./Core/Src/main.o
 .debug_aranges
                0x0000000000000250       0x90 ./Core/Src/my_clock.o
 .debug_aranges
                0x00000000000002e0       0x60 ./Core/Src/my_display.o
 .debug_aranges
                0x0000000000000340       0x40 ./Core/Src/software_timer.o
 .debug_aranges
                0x0000000000000380       0x30 ./Core/Src/spi.o
 .debug_aranges
                0x00000000000003b0       0x20 ./Core/Src/stm32f4xx_hal_msp.o
 .debug_aranges
                0x00000000000003d0       0x68 ./Core/Src/stm32f4xx_it.o
 .debug_aranges
                0x0000000000000438       0x28 ./Core/Src/system_stm32f4xx.o
 .debug_aranges
                0x0000000000000460       0x30 ./Core/Src/tim.o
 .debug_aranges
                0x0000000000000490       0x28 ./Core/Src/utils.o
 .debug_aranges
                0x00000000000004b8       0x28 ./Core/Startup/startup_stm32f407zetx.o
 .debug_aranges
                0x00000000000004e0       0xf0 ./Drivers/STM32F4xx_HAL_Driver/Src/stm32f4xx_hal.o
 .debug_aranges
                0x00000000000005d0      0x118 ./Drivers/STM32F4xx_HAL_Driver/Src/stm32f4xx_hal_cortex.o
 .debug_aranges
                0x00000000000006e8       0x58 ./Drivers/STM32F4xx_HAL_Driver/Src/stm32f4xx_hal_gpio.o
 .debug_aranges
                0x0000000000000740      0x2a0 ./Drivers/STM32F4xx_HAL_Driver/Src/stm32f4xx_hal_i2c.o
 .debug_aranges
                0x00000000000009e0       0x88 ./Drivers/STM32F4xx_HAL_Driver/Src/stm32f4xx_hal_rcc.o
 .debug_aranges
                0x0000000000000a68      0x1d0 ./Drivers/STM32F4xx_HAL_Driver/Src/stm32f4xx_hal_spi.o
 .debug_aranges
                0x0000000000000c38       0xa0 ./Drivers/STM32F4xx_HAL_Driver/Src/stm32f4xx_hal_sram.o
 .debug_aranges
                0x0000000000000cd8      0x3d0 ./Drivers/STM32F4xx_HAL_Driver/Src/stm32f4xx_hal_tim.o
 .debug_aranges
                0x00000000000010a8      0x168 ./Drivers/STM32F4xx_HAL_Driver/Src/stm32f4xx_hal_tim_ex.o
 .debug_aranges
                0x0000000000001210       0xa8 ./Drivers/STM32F4xx_HAL_Driver/Src/stm32f4xx_ll_fsmc.o

.debug_ranges   0x0000000000000000     0x1150
 .debug_ranges  0x0000000000000000       0x28 ./Core/Src/button.o
 .debug_ranges  0x0000000000000028       0x20 ./Core/Src/ds3231.o
 .debug_ranges  0x0000000000000048       0x30 ./Core/Src/fsmc.o
 .debug_ranges  0x0000000000000078       0x10 ./Core/Src/gpio.o
 .debug_ranges  0x0000000000000088       0x20 ./Core/Src/i2c.o
 .debug_ranges  0x00000000000000a8       0xd8 ./Core/Src/lcd.o
 .debug_ranges  0x0000000000000180       0x60 ./Core/Src/main.o
 .debug_ranges  0x00000000000001e0       0x98 ./Core/Src/my_clock.o
 .debug_ranges  0x0000000000000278       0x50 ./Core/Src/my_display.o
 .debug_ranges  0x00000000000002c8       0x30 ./Core/Src/software_timer.o
 .debug_ranges  0x00000000000002f8       0x20 ./Core/Src/spi.o
 .debug_ranges  0x0000000000000318       0x10 ./Core/Src/stm32f4xx_hal_msp.o
 .debug_ranges  0x0000000000000328       0x58 ./Core/Src/stm32f4xx_it.o
 .debug_ranges  0x0000000000000380       0x18 ./Core/Src/system_stm32f4xx.o
 .debug_ranges  0x0000000000000398       0x20 ./Core/Src/tim.o
 .debug_ranges  0x00000000000003b8       0x18 ./Core/Src/utils.o
 .debug_ranges  0x00000000000003d0       0x20 ./Core/Startup/startup_stm32f407zetx.o
 .debug_ranges  0x00000000000003f0       0xe0 ./Drivers/STM32F4xx_HAL_Driver/Src/stm32f4xx_hal.o
 .debug_ranges  0x00000000000004d0      0x108 ./Drivers/STM32F4xx_HAL_Driver/Src/stm32f4xx_hal_cortex.o
 .debug_ranges  0x00000000000005d8       0x48 ./Drivers/STM32F4xx_HAL_Driver/Src/stm32f4xx_hal_gpio.o
 .debug_ranges  0x0000000000000620      0x2b8 ./Drivers/STM32F4xx_HAL_Driver/Src/stm32f4xx_hal_i2c.o
 .debug_ranges  0x00000000000008d8       0x78 ./Drivers/STM32F4xx_HAL_Driver/Src/stm32f4xx_hal_rcc.o
 .debug_ranges  0x0000000000000950      0x1c0 ./Drivers/STM32F4xx_HAL_Driver/Src/stm32f4xx_hal_spi.o
 .debug_ranges  0x0000000000000b10       0x90 ./Drivers/STM32F4xx_HAL_Driver/Src/stm32f4xx_hal_sram.o
 .debug_ranges  0x0000000000000ba0      0x3c0 ./Drivers/STM32F4xx_HAL_Driver/Src/stm32f4xx_hal_tim.o
 .debug_ranges  0x0000000000000f60      0x158 ./Drivers/STM32F4xx_HAL_Driver/Src/stm32f4xx_hal_tim_ex.o
 .debug_ranges  0x00000000000010b8       0x98 ./Drivers/STM32F4xx_HAL_Driver/Src/stm32f4xx_ll_fsmc.o

.debug_macro    0x0000000000000000    0x23652
 .debug_macro   0x0000000000000000      0x261 ./Core/Src/button.o
 .debug_macro   0x0000000000000261      0xaa8 ./Core/Src/button.o
 .debug_macro   0x0000000000000d09      0x2a7 ./Core/Src/button.o
 .debug_macro   0x0000000000000fb0       0x2e ./Core/Src/button.o
 .debug_macro   0x0000000000000fde       0x2f ./Core/Src/button.o
 .debug_macro   0x000000000000100d       0x22 ./Core/Src/button.o
 .debug_macro   0x000000000000102f       0x8e ./Core/Src/button.o
 .debug_macro   0x00000000000010bd       0x51 ./Core/Src/button.o
 .debug_macro   0x000000000000110e      0x103 ./Core/Src/button.o
 .debug_macro   0x0000000000001211       0x6a ./Core/Src/button.o
 .debug_macro   0x000000000000127b      0x1df ./Core/Src/button.o
 .debug_macro   0x000000000000145a       0x1c ./Core/Src/button.o
 .debug_macro   0x0000000000001476       0x22 ./Core/Src/button.o
 .debug_macro   0x0000000000001498       0xdf ./Core/Src/button.o
 .debug_macro   0x0000000000001577     0x102d ./Core/Src/button.o
 .debug_macro   0x00000000000025a4      0x11f ./Core/Src/button.o
 .debug_macro   0x00000000000026c3    0x15e58 ./Core/Src/button.o
 .debug_macro   0x000000000001851b       0x6d ./Core/Src/button.o
 .debug_macro   0x0000000000018588     0x3666 ./Core/Src/button.o
 .debug_macro   0x000000000001bbee      0x174 ./Core/Src/button.o
 .debug_macro   0x000000000001bd62       0x5c ./Core/Src/button.o
 .debug_macro   0x000000000001bdbe      0x96b ./Core/Src/button.o
 .debug_macro   0x000000000001c729      0x9fe ./Core/Src/button.o
 .debug_macro   0x000000000001d127      0x116 ./Core/Src/button.o
 .debug_macro   0x000000000001d23d      0x13e ./Core/Src/button.o
 .debug_macro   0x000000000001d37b       0xa5 ./Core/Src/button.o
 .debug_macro   0x000000000001d420      0x174 ./Core/Src/button.o
 .debug_macro   0x000000000001d594      0x287 ./Core/Src/button.o
 .debug_macro   0x000000000001d81b       0x5f ./Core/Src/button.o
 .debug_macro   0x000000000001d87a      0x236 ./Core/Src/button.o
 .debug_macro   0x000000000001dab0      0x12c ./Core/Src/button.o
 .debug_macro   0x000000000001dbdc      0x21e ./Core/Src/button.o
 .debug_macro   0x000000000001ddfa       0x2e ./Core/Src/button.o
 .debug_macro   0x000000000001de28      0x543 ./Core/Src/button.o
 .debug_macro   0x000000000001e36b      0x1b5 ./Core/Src/button.o
 .debug_macro   0x000000000001e520       0xd6 ./Core/Src/button.o
 .debug_macro   0x000000000001e5f6      0x11a ./Core/Src/button.o
 .debug_macro   0x000000000001e710       0x7e ./Core/Src/button.o
 .debug_macro   0x000000000001e78e       0x89 ./Core/Src/button.o
 .debug_macro   0x000000000001e817      0x225 ./Core/Src/button.o
 .debug_macro   0x000000000001ea3c      0x8d1 ./Core/Src/button.o
 .debug_macro   0x000000000001f30d       0x47 ./Core/Src/button.o
 .debug_macro   0x000000000001f354      0x12d ./Core/Src/button.o
 .debug_macro   0x000000000001f481       0x88 ./Core/Src/button.o
 .debug_macro   0x000000000001f509       0x10 ./Core/Src/button.o
 .debug_macro   0x000000000001f519       0x1c ./Core/Src/button.o
 .debug_macro   0x000000000001f535       0x10 ./Core/Src/button.o
 .debug_macro   0x000000000001f545      0x23b ./Core/Src/ds3231.o
 .debug_macro   0x000000000001f780       0x2e ./Core/Src/ds3231.o
 .debug_macro   0x000000000001f7ae      0x21c ./Core/Src/fsmc.o
 .debug_macro   0x000000000001f9ca      0x21c ./Core/Src/gpio.o
 .debug_macro   0x000000000001fbe6      0x21c ./Core/Src/i2c.o
 .debug_macro   0x000000000001fe02      0x331 ./Core/Src/lcd.o
 .debug_macro   0x0000000000020133       0x18 ./Core/Src/lcd.o
 .debug_macro   0x000000000002014b       0x52 ./Core/Src/lcd.o
 .debug_macro   0x000000000002019d       0x3c ./Core/Src/lcd.o
 .debug_macro   0x00000000000201d9       0x34 ./Core/Src/lcd.o
 .debug_macro   0x000000000002020d       0x16 ./Core/Src/lcd.o
 .debug_macro   0x0000000000020223       0x35 ./Core/Src/lcd.o
 .debug_macro   0x0000000000020258       0x16 ./Core/Src/lcd.o
 .debug_macro   0x000000000002026e       0x43 ./Core/Src/lcd.o
 .debug_macro   0x00000000000202b1       0x34 ./Core/Src/lcd.o
 .debug_macro   0x00000000000202e5       0x10 ./Core/Src/lcd.o
 .debug_macro   0x00000000000202f5       0x58 ./Core/Src/lcd.o
 .debug_macro   0x000000000002034d       0x71 ./Core/Src/lcd.o
 .debug_macro   0x00000000000203be       0x1c ./Core/Src/lcd.o
 .debug_macro   0x00000000000203da      0x12a ./Core/Src/lcd.o
 .debug_macro   0x0000000000020504      0x333 ./Core/Src/lcd.o
 .debug_macro   0x0000000000020837       0x16 ./Core/Src/lcd.o
 .debug_macro   0x000000000002084d       0x29 ./Core/Src/lcd.o
 .debug_macro   0x0000000000020876       0x16 ./Core/Src/lcd.o
 .debug_macro   0x000000000002088c       0x20 ./Core/Src/lcd.o
 .debug_macro   0x00000000000208ac       0xca ./Core/Src/lcd.o
 .debug_macro   0x0000000000020976      0x3bf ./Core/Src/main.o
 .debug_macro   0x0000000000020d35      0x3a3 ./Core/Src/my_clock.o
 .debug_macro   0x00000000000210d8      0x35d ./Core/Src/my_display.o
 .debug_macro   0x0000000000021435      0x248 ./Core/Src/software_timer.o
 .debug_macro   0x000000000002167d      0x21c ./Core/Src/spi.o
 .debug_macro   0x0000000000021899      0x212 ./Core/Src/stm32f4xx_hal_msp.o
 .debug_macro   0x0000000000021aab      0x21c ./Core/Src/stm32f4xx_it.o
 .debug_macro   0x0000000000021cc7      0x203 ./Core/Src/system_stm32f4xx.o
 .debug_macro   0x0000000000021eca      0x21c ./Core/Src/tim.o
 .debug_macro   0x00000000000220e6       0x6d ./Core/Src/utils.o
 .debug_macro   0x0000000000022153      0x263 ./Drivers/STM32F4xx_HAL_Driver/Src/stm32f4xx_hal.o
 .debug_macro   0x00000000000223b6      0x203 ./Drivers/STM32F4xx_HAL_Driver/Src/stm32f4xx_hal_cortex.o
 .debug_macro   0x00000000000225b9      0x209 ./Drivers/STM32F4xx_HAL_Driver/Src/stm32f4xx_hal_gpio.o
 .debug_macro   0x00000000000227c2      0x24a ./Drivers/STM32F4xx_HAL_Driver/Src/stm32f4xx_hal_i2c.o
 .debug_macro   0x0000000000022a0c      0x227 ./Drivers/STM32F4xx_HAL_Driver/Src/stm32f4xx_hal_rcc.o
 .debug_macro   0x0000000000022c33      0x212 ./Drivers/STM32F4xx_HAL_Driver/Src/stm32f4xx_hal_spi.o
 .debug_macro   0x0000000000022e45      0x203 ./Drivers/STM32F4xx_HAL_Driver/Src/stm32f4xx_hal_sram.o
 .debug_macro   0x0000000000023048      0x204 ./Drivers/STM32F4xx_HAL_Driver/Src/stm32f4xx_hal_tim.o
 .debug_macro   0x000000000002324c      0x203 ./Drivers/STM32F4xx_HAL_Driver/Src/stm32f4xx_hal_tim_ex.o
 .debug_macro   0x000000000002344f      0x203 ./Drivers/STM32F4xx_HAL_Driver/Src/stm32f4xx_ll_fsmc.o

.debug_line     0x0000000000000000    0x17e7e
 .debug_line    0x0000000000000000      0x835 ./Core/Src/button.o
 .debug_line    0x0000000000000835      0x7c9 ./Core/Src/ds3231.o
 .debug_line    0x0000000000000ffe      0x826 ./Core/Src/fsmc.o
 .debug_line    0x0000000000001824      0x784 ./Core/Src/gpio.o
 .debug_line    0x0000000000001fa8      0x78f ./Core/Src/i2c.o
 .debug_line    0x0000000000002737     0x1043 ./Core/Src/lcd.o
 .debug_line    0x000000000000377a      0xacf ./Core/Src/main.o
 .debug_line    0x0000000000004249      0xf75 ./Core/Src/my_clock.o
 .debug_line    0x00000000000051be      0xbf5 ./Core/Src/my_display.o
 .debug_line    0x0000000000005db3      0x7eb ./Core/Src/software_timer.o
 .debug_line    0x000000000000659e      0x797 ./Core/Src/spi.o
 .debug_line    0x0000000000006d35      0x726 ./Core/Src/stm32f4xx_hal_msp.o
 .debug_line    0x000000000000745b      0x800 ./Core/Src/stm32f4xx_it.o
 .debug_line    0x0000000000007c5b      0x7a7 ./Core/Src/system_stm32f4xx.o
 .debug_line    0x0000000000008402      0x793 ./Core/Src/tim.o
 .debug_line    0x0000000000008b95      0x3c2 ./Core/Src/utils.o
 .debug_line    0x0000000000008f57       0x88 ./Core/Startup/startup_stm32f407zetx.o
 .debug_line    0x0000000000008fdf      0xa0d ./Drivers/STM32F4xx_HAL_Driver/Src/stm32f4xx_hal.o
 .debug_line    0x00000000000099ec      0xcbc ./Drivers/STM32F4xx_HAL_Driver/Src/stm32f4xx_hal_cortex.o
 .debug_line    0x000000000000a6a8      0xb83 ./Drivers/STM32F4xx_HAL_Driver/Src/stm32f4xx_hal_gpio.o
 .debug_line    0x000000000000b22b     0x39b9 ./Drivers/STM32F4xx_HAL_Driver/Src/stm32f4xx_hal_i2c.o
 .debug_line    0x000000000000ebe4      0xd89 ./Drivers/STM32F4xx_HAL_Driver/Src/stm32f4xx_hal_rcc.o
 .debug_line    0x000000000000f96d     0x1c95 ./Drivers/STM32F4xx_HAL_Driver/Src/stm32f4xx_hal_spi.o
 .debug_line    0x0000000000011602      0xbaf ./Drivers/STM32F4xx_HAL_Driver/Src/stm32f4xx_hal_sram.o
 .debug_line    0x00000000000121b1     0x3701 ./Drivers/STM32F4xx_HAL_Driver/Src/stm32f4xx_hal_tim.o
 .debug_line    0x00000000000158b2     0x1a0a ./Drivers/STM32F4xx_HAL_Driver/Src/stm32f4xx_hal_tim_ex.o
 .debug_line    0x00000000000172bc      0xbc2 ./Drivers/STM32F4xx_HAL_Driver/Src/stm32f4xx_ll_fsmc.o

.debug_str      0x0000000000000000    0xcfad4
 .debug_str     0x0000000000000000    0xc7bdd ./Core/Src/button.o
                                      0xc7f5e (size before relaxing)
 .debug_str     0x00000000000c7bdd      0x3dd ./Core/Src/ds3231.o
                                      0xc7d0f (size before relaxing)
 .debug_str     0x00000000000c7fba      0x3b0 ./Core/Src/fsmc.o
                                      0xc7d85 (size before relaxing)
 .debug_str     0x00000000000c836a       0x3c ./Core/Src/gpio.o
                                      0xc7863 (size before relaxing)
 .debug_str     0x00000000000c83a6       0x4b ./Core/Src/i2c.o
                                      0xc7d63 (size before relaxing)
 .debug_str     0x00000000000c83f1     0x3724 ./Core/Src/lcd.o
                                      0xcaed3 (size before relaxing)
 .debug_str     0x00000000000cbb15      0x239 ./Core/Src/main.o
                                      0xcbc98 (size before relaxing)
 .debug_str     0x00000000000cbd4e      0x1de ./Core/Src/my_clock.o
                                      0xcb968 (size before relaxing)
 .debug_str     0x00000000000cbf2c       0xd5 ./Core/Src/my_display.o
                                      0xcb2c3 (size before relaxing)
 .debug_str     0x00000000000cc001       0x64 ./Core/Src/software_timer.o
                                      0xc7edc (size before relaxing)
 .debug_str     0x00000000000cc065       0x4b ./Core/Src/spi.o
                                      0xc7cc0 (size before relaxing)
 .debug_str     0x00000000000cc0b0       0x2c ./Core/Src/stm32f4xx_hal_msp.o
                                      0xc77c6 (size before relaxing)
 .debug_str     0x00000000000cc0dc       0xcd ./Core/Src/stm32f4xx_it.o
                                      0xc7c8b (size before relaxing)
 .debug_str     0x00000000000cc1a9       0xaf ./Core/Src/system_stm32f4xx.o
                                      0xc7616 (size before relaxing)
 .debug_str     0x00000000000cc258      0x5c8 ./Core/Src/tim.o
                                      0xc82e3 (size before relaxing)
 .debug_str     0x00000000000cc820       0x24 ./Core/Src/utils.o
                                       0x3d22 (size before relaxing)
 .debug_str     0x00000000000cc844       0x36 ./Core/Startup/startup_stm32f407zetx.o
                                         0x91 (size before relaxing)
 .debug_str     0x00000000000cc87a      0x583 ./Drivers/STM32F4xx_HAL_Driver/Src/stm32f4xx_hal.o
                                      0xc80f8 (size before relaxing)
 .debug_str     0x00000000000ccdfd      0x399 ./Drivers/STM32F4xx_HAL_Driver/Src/stm32f4xx_hal_cortex.o
                                      0xc7ee7 (size before relaxing)
 .debug_str     0x00000000000cd196      0x15a ./Drivers/STM32F4xx_HAL_Driver/Src/stm32f4xx_hal_gpio.o
                                      0xc77bd (size before relaxing)
 .debug_str     0x00000000000cd2f0      0xac3 ./Drivers/STM32F4xx_HAL_Driver/Src/stm32f4xx_hal_i2c.o
                                      0xc8598 (size before relaxing)
 .debug_str     0x00000000000cddb3      0x24e ./Drivers/STM32F4xx_HAL_Driver/Src/stm32f4xx_hal_rcc.o
                                      0xc7a18 (size before relaxing)
 .debug_str     0x00000000000ce001      0x564 ./Drivers/STM32F4xx_HAL_Driver/Src/stm32f4xx_hal_spi.o
                                      0xc7eba (size before relaxing)
 .debug_str     0x00000000000ce565      0x1b4 ./Drivers/STM32F4xx_HAL_Driver/Src/stm32f4xx_hal_sram.o
                                      0xc7b30 (size before relaxing)
 .debug_str     0x00000000000ce719      0xdc8 ./Drivers/STM32F4xx_HAL_Driver/Src/stm32f4xx_hal_tim.o
                                      0xc8945 (size before relaxing)
 .debug_str     0x00000000000cf4e1      0x4ee ./Drivers/STM32F4xx_HAL_Driver/Src/stm32f4xx_hal_tim_ex.o
                                      0xc80f6 (size before relaxing)
 .debug_str     0x00000000000cf9cf      0x105 ./Drivers/STM32F4xx_HAL_Driver/Src/stm32f4xx_ll_fsmc.o
                                      0xc79f7 (size before relaxing)

.comment        0x0000000000000000       0x53
 .comment       0x0000000000000000       0x53 ./Core/Src/button.o
                                         0x54 (size before relaxing)
 .comment       0x0000000000000053       0x54 ./Core/Src/ds3231.o
 .comment       0x0000000000000053       0x54 ./Core/Src/fsmc.o
 .comment       0x0000000000000053       0x54 ./Core/Src/gpio.o
 .comment       0x0000000000000053       0x54 ./Core/Src/i2c.o
 .comment       0x0000000000000053       0x54 ./Core/Src/lcd.o
 .comment       0x0000000000000053       0x54 ./Core/Src/main.o
 .comment       0x0000000000000053       0x54 ./Core/Src/my_clock.o
 .comment       0x0000000000000053       0x54 ./Core/Src/my_display.o
 .comment       0x0000000000000053       0x54 ./Core/Src/software_timer.o
 .comment       0x0000000000000053       0x54 ./Core/Src/spi.o
 .comment       0x0000000000000053       0x54 ./Core/Src/stm32f4xx_hal_msp.o
 .comment       0x0000000000000053       0x54 ./Core/Src/stm32f4xx_it.o
 .comment       0x0000000000000053       0x54 ./Core/Src/system_stm32f4xx.o
 .comment       0x0000000000000053       0x54 ./Core/Src/tim.o
 .comment       0x0000000000000053       0x54 ./Core/Src/utils.o
 .comment       0x0000000000000053       0x54 ./Drivers/STM32F4xx_HAL_Driver/Src/stm32f4xx_hal.o
 .comment       0x0000000000000053       0x54 ./Drivers/STM32F4xx_HAL_Driver/Src/stm32f4xx_hal_cortex.o
 .comment       0x0000000000000053       0x54 ./Drivers/STM32F4xx_HAL_Driver/Src/stm32f4xx_hal_gpio.o
 .comment       0x0000000000000053       0x54 ./Drivers/STM32F4xx_HAL_Driver/Src/stm32f4xx_hal_i2c.o
 .comment       0x0000000000000053       0x54 ./Drivers/STM32F4xx_HAL_Driver/Src/stm32f4xx_hal_rcc.o
 .comment       0x0000000000000053       0x54 ./Drivers/STM32F4xx_HAL_Driver/Src/stm32f4xx_hal_spi.o
 .comment       0x0000000000000053       0x54 ./Drivers/STM32F4xx_HAL_Driver/Src/stm32f4xx_hal_sram.o
 .comment       0x0000000000000053       0x54 ./Drivers/STM32F4xx_HAL_Driver/Src/stm32f4xx_hal_tim.o
 .comment       0x0000000000000053       0x54 ./Drivers/STM32F4xx_HAL_Driver/Src/stm32f4xx_hal_tim_ex.o
 .comment       0x0000000000000053       0x54 ./Drivers/STM32F4xx_HAL_Driver/Src/stm32f4xx_ll_fsmc.o

.debug_frame    0x0000000000000000     0x4de0
 .debug_frame   0x0000000000000000       0xa0 ./Core/Src/button.o
 .debug_frame   0x00000000000000a0       0x74 ./Core/Src/ds3231.o
 .debug_frame   0x0000000000000114       0xbc ./Core/Src/fsmc.o
 .debug_frame   0x00000000000001d0       0x34 ./Core/Src/gpio.o
 .debug_frame   0x0000000000000204       0x74 ./Core/Src/i2c.o
 .debug_frame   0x0000000000000278      0x3e0 ./Core/Src/lcd.o
 .debug_frame   0x0000000000000658      0x160 ./Core/Src/main.o
 .debug_frame   0x00000000000007b8      0x1e4 ./Core/Src/my_clock.o
 .debug_frame   0x000000000000099c      0x174 ./Core/Src/my_display.o
 .debug_frame   0x0000000000000b10       0xc4 ./Core/Src/software_timer.o
 .debug_frame   0x0000000000000bd4       0x74 ./Core/Src/spi.o
 .debug_frame   0x0000000000000c48       0x38 ./Core/Src/stm32f4xx_hal_msp.o
 .debug_frame   0x0000000000000c80      0x120 ./Core/Src/stm32f4xx_it.o
 .debug_frame   0x0000000000000da0       0x58 ./Core/Src/system_stm32f4xx.o
 .debug_frame   0x0000000000000df8       0x7c ./Core/Src/tim.o
 .debug_frame   0x0000000000000e74       0x60 ./Core/Src/utils.o
 .debug_frame   0x0000000000000ed4      0x374 ./Drivers/STM32F4xx_HAL_Driver/Src/stm32f4xx_hal.o
 .debug_frame   0x0000000000001248      0x498 ./Drivers/STM32F4xx_HAL_Driver/Src/stm32f4xx_hal_cortex.o
 .debug_frame   0x00000000000016e0      0x14c ./Drivers/STM32F4xx_HAL_Driver/Src/stm32f4xx_hal_gpio.o
 .debug_frame   0x000000000000182c      0xc5c ./Drivers/STM32F4xx_HAL_Driver/Src/stm32f4xx_hal_i2c.o
 .debug_frame   0x0000000000002488      0x1f0 ./Drivers/STM32F4xx_HAL_Driver/Src/stm32f4xx_hal_rcc.o
 .debug_frame   0x0000000000002678      0x824 ./Drivers/STM32F4xx_HAL_Driver/Src/stm32f4xx_hal_spi.o
 .debug_frame   0x0000000000002e9c      0x2a0 ./Drivers/STM32F4xx_HAL_Driver/Src/stm32f4xx_hal_sram.o
 .debug_frame   0x000000000000313c     0x11c4 ./Drivers/STM32F4xx_HAL_Driver/Src/stm32f4xx_hal_tim.o
 .debug_frame   0x0000000000004300      0x638 ./Drivers/STM32F4xx_HAL_Driver/Src/stm32f4xx_hal_tim_ex.o
 .debug_frame   0x0000000000004938      0x2dc ./Drivers/STM32F4xx_HAL_Driver/Src/stm32f4xx_ll_fsmc.o
 .debug_frame   0x0000000000004c14       0x2c c:/st/stm32cubeide_1.7.0/stm32cubeide/plugins/com.st.stm32cube.ide.mcu.externaltools.gnu-tools-for-stm32.9-2020-q2-update.win32_2.0.0.202105311346/tools/bin/../lib/gcc/arm-none-eabi/9.3.1/../../../../arm-none-eabi/lib/thumb/v7e-m+fp/hard\libc_nano.a(lib_a-init.o)
 .debug_frame   0x0000000000004c40       0x20 c:/st/stm32cubeide_1.7.0/stm32cubeide/plugins/com.st.stm32cube.ide.mcu.externaltools.gnu-tools-for-stm32.9-2020-q2-update.win32_2.0.0.202105311346/tools/bin/../lib/gcc/arm-none-eabi/9.3.1/../../../../arm-none-eabi/lib/thumb/v7e-m+fp/hard\libc_nano.a(lib_a-memset.o)
 .debug_frame   0x0000000000004c60       0xac c:/st/stm32cubeide_1.7.0/stm32cubeide/plugins/com.st.stm32cube.ide.mcu.externaltools.gnu-tools-for-stm32.9-2020-q2-update.win32_2.0.0.202105311346/tools/bin/../lib/gcc/arm-none-eabi/9.3.1/thumb/v7e-m+fp/hard\libgcc.a(_arm_addsubdf3.o)
 .debug_frame   0x0000000000004d0c       0x50 c:/st/stm32cubeide_1.7.0/stm32cubeide/plugins/com.st.stm32cube.ide.mcu.externaltools.gnu-tools-for-stm32.9-2020-q2-update.win32_2.0.0.202105311346/tools/bin/../lib/gcc/arm-none-eabi/9.3.1/thumb/v7e-m+fp/hard\libgcc.a(_arm_muldivdf3.o)
 .debug_frame   0x0000000000004d5c       0x24 c:/st/stm32cubeide_1.7.0/stm32cubeide/plugins/com.st.stm32cube.ide.mcu.externaltools.gnu-tools-for-stm32.9-2020-q2-update.win32_2.0.0.202105311346/tools/bin/../lib/gcc/arm-none-eabi/9.3.1/thumb/v7e-m+fp/hard\libgcc.a(_arm_fixunsdfsi.o)
 .debug_frame   0x0000000000004d80       0x2c c:/st/stm32cubeide_1.7.0/stm32cubeide/plugins/com.st.stm32cube.ide.mcu.externaltools.gnu-tools-for-stm32.9-2020-q2-update.win32_2.0.0.202105311346/tools/bin/../lib/gcc/arm-none-eabi/9.3.1/thumb/v7e-m+fp/hard\libgcc.a(_aeabi_uldivmod.o)
 .debug_frame   0x0000000000004dac       0x34 c:/st/stm32cubeide_1.7.0/stm32cubeide/plugins/com.st.stm32cube.ide.mcu.externaltools.gnu-tools-for-stm32.9-2020-q2-update.win32_2.0.0.202105311346/tools/bin/../lib/gcc/arm-none-eabi/9.3.1/thumb/v7e-m+fp/hard\libgcc.a(_udivmoddi4.o)
