my_clock.c:72:6:alarm	24	static
my_clock.c:95:6:fsm_clock	8	static
my_clock.c:122:6:fsm_alarm	8	static
my_clock.c:273:6:fsm_changing	8	static
my_clock.c:438:6:reset_str	24	static
my_clock.c:448:6:button0_fsm	8	static
my_clock.c:495:6:button3_fsm	8	static
my_clock.c:525:6:button2_fsm	8	static
my_clock.c:622:6:increase_value	24	static
my_clock.c:685:6:button1_fsm	16	static
my_clock.c:737:6:update_ds3231_register	8	static
my_clock.c:752:6:update_clock	4	static
my_clock.c:767:6:display_all_clock	8	static
my_clock.c:782:6:display_mode	24	static
my_clock.c:802:6:display_all_alarm	8	static
